Archive member included because of file (symbol)

C:\Users\netzky\Documents\LPCXpresso_8.0.0_526\workspace\lpc_board_nxp_lpcxpresso_1549\Debug\liblpc_board_nxp_lpcxpresso_1549.a(board.o)
                              ./src/uart_test.o (Board_LED_Set)
C:\Users\netzky\Documents\LPCXpresso_8.0.0_526\workspace\lpc_board_nxp_lpcxpresso_1549\Debug\liblpc_board_nxp_lpcxpresso_1549.a(board_sysinit.o)
                              ./src/sysinit.o (Board_SystemInit)
C:\Users\netzky\Documents\LPCXpresso_8.0.0_526\workspace\lpc_chip_15xx\Debug\liblpc_chip_15xx.a(chip_15xx.o)
                              ./src/uart_test.o (SystemCoreClockUpdate)
C:\Users\netzky\Documents\LPCXpresso_8.0.0_526\workspace\lpc_chip_15xx\Debug\liblpc_chip_15xx.a(clock_15xx.o)
                              ./src/SerialPort.o (Chip_Clock_GetMainClockRate)
C:\Users\netzky\Documents\LPCXpresso_8.0.0_526\workspace\lpc_chip_15xx\Debug\liblpc_chip_15xx.a(gpio_15xx.o)
                              C:\Users\netzky\Documents\LPCXpresso_8.0.0_526\workspace\lpc_board_nxp_lpcxpresso_1549\Debug\liblpc_board_nxp_lpcxpresso_1549.a(board.o) (Chip_GPIO_Init)
C:\Users\netzky\Documents\LPCXpresso_8.0.0_526\workspace\lpc_chip_15xx\Debug\liblpc_chip_15xx.a(iocon_15xx.o)
                              C:\Users\netzky\Documents\LPCXpresso_8.0.0_526\workspace\lpc_board_nxp_lpcxpresso_1549\Debug\liblpc_board_nxp_lpcxpresso_1549.a(board_sysinit.o) (Chip_IOCON_SetPinMuxing)
C:\Users\netzky\Documents\LPCXpresso_8.0.0_526\workspace\lpc_chip_15xx\Debug\liblpc_chip_15xx.a(ring_buffer.o)
                              ./src/SerialPort.o (RingBuffer_Init)
C:\Users\netzky\Documents\LPCXpresso_8.0.0_526\workspace\lpc_chip_15xx\Debug\liblpc_chip_15xx.a(swm_15xx.o)
                              ./src/SerialPort.o (Chip_SWM_MovablePinAssign)
C:\Users\netzky\Documents\LPCXpresso_8.0.0_526\workspace\lpc_chip_15xx\Debug\liblpc_chip_15xx.a(sysctl_15xx.o)
                              C:\Users\netzky\Documents\LPCXpresso_8.0.0_526\workspace\lpc_board_nxp_lpcxpresso_1549\Debug\liblpc_board_nxp_lpcxpresso_1549.a(board_sysinit.o) (Chip_SYSCTL_AssertPeriphReset)
C:\Users\netzky\Documents\LPCXpresso_8.0.0_526\workspace\lpc_chip_15xx\Debug\liblpc_chip_15xx.a(sysinit_15xx.o)
                              C:\Users\netzky\Documents\LPCXpresso_8.0.0_526\workspace\lpc_board_nxp_lpcxpresso_1549\Debug\liblpc_board_nxp_lpcxpresso_1549.a(board_sysinit.o) (Chip_SetupXtalClocking)
C:\Users\netzky\Documents\LPCXpresso_8.0.0_526\workspace\lpc_chip_15xx\Debug\liblpc_chip_15xx.a(uart_15xx.o)
                              ./src/SerialPort.o (Chip_UART_Init)
c:/nxp/lpcxpresso_8.0.0_526/lpcxpresso/tools/bin/../lib/gcc/arm-none-eabi/4.9.3/armv7-m\libgcc.a(_aeabi_uldivmod.o)
                              C:\Users\netzky\Documents\LPCXpresso_8.0.0_526\workspace\lpc_chip_15xx\Debug\liblpc_chip_15xx.a(clock_15xx.o) (__aeabi_uldivmod)
c:/nxp/lpcxpresso_8.0.0_526/lpcxpresso/tools/bin/../lib/gcc/arm-none-eabi/4.9.3/armv7-m\libgcc.a(bpabi.o)
                              c:/nxp/lpcxpresso_8.0.0_526/lpcxpresso/tools/bin/../lib/gcc/arm-none-eabi/4.9.3/armv7-m\libgcc.a(_aeabi_uldivmod.o) (__gnu_uldivmod_helper)
c:/nxp/lpcxpresso_8.0.0_526/lpcxpresso/tools/bin/../lib/gcc/arm-none-eabi/4.9.3/armv7-m\libgcc.a(_dvmd_tls.o)
                              c:/nxp/lpcxpresso_8.0.0_526/lpcxpresso/tools/bin/../lib/gcc/arm-none-eabi/4.9.3/armv7-m\libgcc.a(_aeabi_uldivmod.o) (__aeabi_ldiv0)
c:/nxp/lpcxpresso_8.0.0_526/lpcxpresso/tools/bin/../lib/gcc/arm-none-eabi/4.9.3/armv7-m\libgcc.a(_divdi3.o)
                              c:/nxp/lpcxpresso_8.0.0_526/lpcxpresso/tools/bin/../lib/gcc/arm-none-eabi/4.9.3/armv7-m\libgcc.a(bpabi.o) (__divdi3)
c:/nxp/lpcxpresso_8.0.0_526/lpcxpresso/tools/bin/../lib/gcc/arm-none-eabi/4.9.3/armv7-m\libgcc.a(_udivdi3.o)
                              c:/nxp/lpcxpresso_8.0.0_526/lpcxpresso/tools/bin/../lib/gcc/arm-none-eabi/4.9.3/armv7-m\libgcc.a(bpabi.o) (__udivdi3)
c:/nxp/lpcxpresso_8.0.0_526/lpcxpresso/tools/bin/../lib/gcc/arm-none-eabi/4.9.3/../../../../arm-none-eabi/lib/armv7-m\libc.a(lib_a-init.o)
                              ./src/cr_startup_lpc15xx.o (__libc_init_array)
c:/nxp/lpcxpresso_8.0.0_526/lpcxpresso/tools/bin/../lib/gcc/arm-none-eabi/4.9.3/../../../../arm-none-eabi/lib/armv7-m\libc.a(lib_a-malloc.o)
                              ./src/cr_cpp_config.o (malloc)
c:/nxp/lpcxpresso_8.0.0_526/lpcxpresso/tools/bin/../lib/gcc/arm-none-eabi/4.9.3/../../../../arm-none-eabi/lib/armv7-m\libc.a(lib_a-mallocr.o)
                              c:/nxp/lpcxpresso_8.0.0_526/lpcxpresso/tools/bin/../lib/gcc/arm-none-eabi/4.9.3/../../../../arm-none-eabi/lib/armv7-m\libc.a(lib_a-malloc.o) (_malloc_r)
c:/nxp/lpcxpresso_8.0.0_526/lpcxpresso/tools/bin/../lib/gcc/arm-none-eabi/4.9.3/../../../../arm-none-eabi/lib/armv7-m\libc.a(lib_a-memcpy.o)
                              C:\Users\netzky\Documents\LPCXpresso_8.0.0_526\workspace\lpc_chip_15xx\Debug\liblpc_chip_15xx.a(ring_buffer.o) (memcpy)
[...]
Memory Configuration

Name             Origin             Length             Attributes
MFlash256        0x00000000         0x00040000         xr
Ram0_16          0x02000000         0x00004000         xrw
Ram1_16          0x02004000         0x00004000         xrw
Ram2_4           0x02008000         0x00001000         xrw
*default*        0x00000000         0xffffffff

Linker script and memory map

LOAD ./src/Hiekkalaatikko.o
LOAD ./src/ModbusMaster.o
LOAD ./src/SerialPort.o
LOAD ./src/cr_cpp_config.o
LOAD ./src/cr_startup_lpc15xx.o
LOAD ./src/crp.o
LOAD ./src/retarget_itm.o
LOAD ./src/sysinit.o
LOAD ./src/uart_test.o
LOAD C:\Users\netzky\Documents\LPCXpresso_8.0.0_526\workspace\lpc_board_nxp_lpcxpresso_1549\Debug\liblpc_board_nxp_lpcxpresso_1549.a
LOAD C:\Users\netzky\Documents\LPCXpresso_8.0.0_526\workspace\lpc_chip_15xx\Debug\liblpc_chip_15xx.a
START GROUP
LOAD c:/nxp/lpcxpresso_8.0.0_526/lpcxpresso/tools/bin/../lib/gcc/arm-none-eabi/4.9.3/armv7-m\libgcc.a
LOAD c:/nxp/lpcxpresso_8.0.0_526/lpcxpresso/tools/bin/../lib/gcc/arm-none-eabi/4.9.3/../../../../arm-none-eabi/lib/armv7-m\libc.a
LOAD c:/nxp/lpcxpresso_8.0.0_526/lpcxpresso/tools/bin/../lib/gcc/arm-none-eabi/4.9.3/../../../../arm-none-eabi/lib/armv7-m\libstdc++.a
LOAD c:/nxp/lpcxpresso_8.0.0_526/lpcxpresso/tools/bin/../lib/gcc/arm-none-eabi/4.9.3/../../../../arm-none-eabi/lib/armv7-m\libm.a
LOAD c:/nxp/lpcxpresso_8.0.0_526/lpcxpresso/tools/bin/../lib/gcc/arm-none-eabi/4.9.3/../../../../arm-none-eabi/lib/armv7-m\libcr_newlib_nohost.a
LOAD c:/nxp/lpcxpresso_8.0.0_526/lpcxpresso/tools/bin/../lib/gcc/arm-none-eabi/4.9.3/armv7-m\crti.o
LOAD c:/nxp/lpcxpresso_8.0.0_526/lpcxpresso/tools/bin/../lib/gcc/arm-none-eabi/4.9.3/armv7-m\crtn.o
LOAD c:/nxp/lpcxpresso_8.0.0_526/lpcxpresso/tools/bin/../lib/gcc/arm-none-eabi/4.9.3/armv7-m\crtbegin.o
LOAD c:/nxp/lpcxpresso_8.0.0_526/lpcxpresso/tools/bin/../lib/gcc/arm-none-eabi/4.9.3/armv7-m\crtend.o
END GROUP
                0x00000000                __base_MFlash256 = 0x0
                0x00000000                __base_Flash = 0x0
                0x00040000                __top_MFlash256 = 0x40000
                0x00040000                __top_Flash = 0x40000
                0x02000000                __base_Ram0_16 = 0x2000000
                0x02000000                __base_RAM = 0x2000000
                0x02004000                __top_Ram0_16 = 0x2004000
                0x02004000                __top_RAM = 0x2004000
                0x02004000                __base_Ram1_16 = 0x2004000
                0x02004000                __base_RAM2 = 0x2004000
                0x02008000                __top_Ram1_16 = 0x2008000
                0x02008000                __top_RAM2 = 0x2008000
                0x02008000                __base_Ram2_4 = 0x2008000
                0x02008000                __base_RAM3 = 0x2008000
                0x02009000                __top_Ram2_4 = 0x2009000
                0x02009000                __top_RAM3 = 0x2009000

.text           0x00000000     0x833c
 FILL mask 0xff
                0x00000000                __vectors_start__ = ABSOLUTE (.)
 *(.isr_vector)
 .isr_vector    0x00000000       0xfc ./src/cr_startup_lpc15xx.o
                0x00000000                g_pfnVectors
                0x000000fc                . = ALIGN (0x4)
                0x000000fc                __section_table_start = .
                0x000000fc                __data_section_table = .
                0x000000fc        0x4 LONG 0x8344 LOADADDR (.data)
                0x00000100        0x4 LONG 0x2000000 ADDR (.data)
                0x00000104        0x4 LONG 0x8a4 SIZEOF (.data)
                0x00000108        0x4 LONG 0x8344 LOADADDR (.data_RAM2)
                0x0000010c        0x4 LONG 0x2004000 ADDR (.data_RAM2)
                0x00000110        0x4 LONG 0x0 SIZEOF (.data_RAM2)
                0x00000114        0x4 LONG 0x8344 LOADADDR (.data_RAM3)
                0x00000118        0x4 LONG 0x2008000 ADDR (.data_RAM3)
                0x0000011c        0x4 LONG 0x0 SIZEOF (.data_RAM3)
                0x00000120                __data_section_table_end = .
                0x00000120                __bss_section_table = .
                0x00000120        0x4 LONG 0x20008a4 ADDR (.bss)
                0x00000124        0x4 LONG 0x6c SIZEOF (.bss)
                0x00000128        0x4 LONG 0x2004000 ADDR (.bss_RAM2)
                0x0000012c        0x4 LONG 0x0 SIZEOF (.bss_RAM2)
                0x00000130        0x4 LONG 0x2008000 ADDR (.bss_RAM3)
                0x00000134        0x4 LONG 0x0 SIZEOF (.bss_RAM3)
                0x00000138                __bss_section_table_end = .
                0x00000138                __section_table_end = .
 *(.after_vectors*)
 .after_vectors
                0x00000138      0x158 ./src/cr_startup_lpc15xx.o
                0x00000138                data_init(unsigned int, unsigned int, unsigned int)
                0x0000017c                bss_init(unsigned int, unsigned int)
                0x000001b4                ResetISR
                0x00000240                NMI_Handler
                0x00000248                HardFault_Handler
                0x00000250                MemManage_Handler
                0x00000258                BusFault_Handler
                0x00000260                UsageFault_Handler
                0x00000268                SVC_Handler
                0x00000270                DebugMon_Handler
                0x00000278                PendSV_Handler
                0x00000288                RTC_WAKE_IRQHandler
                0x00000288                UART0_IRQHandler
                0x00000288                ADC1_THCMP_IRQHandler
                0x00000288                SPI1_IRQHandler
                0x00000288                PIN_INT6_IRQHandler
                0x00000288                IntDefaultHandler
                0x00000288                PIN_INT4_IRQHandler
                0x00000288                CAN_IRQHandler
                0x00000288                RTC_ALARM_IRQHandler
                0x00000288                ADC1B_IRQHandler
                0x00000288                ADC1_OVR_IRQHandler
                0x00000288                MRT_IRQHandler
                0x00000288                UART2_IRQHandler
                0x00000288                ADC0_OVR_IRQHandler
                0x00000288                SCT1_IRQHandler
                0x00000288                PIN_INT2_IRQHandler
                0x00000288                USB_FIQHandler
                0x00000288                SCT3_IRQHandler
                0x00000288                PIN_INT7_IRQHandler
                0x00000288                I2C0_IRQHandler
                0x00000288                PIN_INT1_IRQHandler
                0x00000288                USB_IRQHandler
                0x00000288                BOD_IRQHandler
                0x00000288                ADC0B_IRQHandler
                0x00000288                ACMP0_IRQHandler
                0x00000288                RIT_IRQHandler
                0x00000288                USBWakeup_IRQHandler
                0x00000288                WDT_IRQHandler
                0x00000288                SCT2_IRQHandler
                0x00000288                PIN_INT0_IRQHandler
                0x00000288                QEI_IRQHandler
                0x00000288                ACMP3_IRQHandler
                0x00000288                GINT0_IRQHandler
                0x00000288                DAC_IRQHandler
                0x00000288                SPI0_IRQHandler
                0x00000288                EEPROM_IRQHandler
                0x00000288                ACMP2_IRQHandler
                0x00000288                PIN_INT5_IRQHandler
                0x00000288                ADC1A_IRQHandler
                0x00000288                DMA_IRQHandler
                0x00000288                PIN_INT3_IRQHandler
                0x00000288                ACMP1_IRQHandler
                0x00000288                SCT0_IRQHandler
                0x00000288                ADC0A_IRQHandler
                0x00000288                FMC_IRQHandler
                0x00000288                GINT1_IRQHandler
                0x00000288                ADC0_THCMP_IRQHandler
 *(.text*)
 .text._ZL4wordhh
                0x00000290       0x2c ./src/ModbusMaster.o
 .text._ZL8highBytet
                0x000002bc       0x20 ./src/ModbusMaster.o
 .text._ZL7lowBytet
                0x000002dc       0x1c ./src/ModbusMaster.o
 .text._ZL7bitReadhh
                0x000002f8       0x2c ./src/ModbusMaster.o
 .text._ZL12crc16_updateth
                0x00000324       0x60 ./src/ModbusMaster.o
 .text._ZN12ModbusMasterC2Eh
                0x00000384       0x30 ./src/ModbusMaster.o
                0x00000384                ModbusMaster::ModbusMaster(unsigned char)
                0x00000384                ModbusMaster::ModbusMaster(unsigned char)
 .text._ZN12ModbusMaster5beginEt
                0x000003b4       0x5c ./src/ModbusMaster.o
                0x000003b4                ModbusMaster::begin(unsigned short)
 .text._ZN12ModbusMaster17getResponseBufferEh
                0x00000410       0x30 ./src/ModbusMaster.o
                0x00000410                ModbusMaster::getResponseBuffer(unsigned char)
 .text._ZN12ModbusMaster20readHoldingRegistersEtt
                0x00000440       0x30 ./src/ModbusMaster.o
                0x00000440                ModbusMaster::readHoldingRegisters(unsigned short, unsigned short)
 .text._ZN12ModbusMaster19writeSingleRegisterEtt
                0x00000470       0x3c ./src/ModbusMaster.o
                0x00000470                ModbusMaster::writeSingleRegister(unsigned short, unsigned short)
 .text._ZN12ModbusMaster23ModbusMasterTransactionEh
                0x000004ac      0xa24 ./src/ModbusMaster.o
                0x000004ac                ModbusMaster::ModbusMasterTransaction(unsigned char)
 .text.NVIC_EnableIRQ
                0x00000ed0       0x30 ./src/SerialPort.o
 .text.NVIC_DisableIRQ
                0x00000f00       0x34 ./src/SerialPort.o
 .text.Chip_IOCON_PinMuxSet
                0x00000f34       0x2c ./src/SerialPort.o
 .text.Chip_SWM_MovablePortPinAssign
                0x00000f60       0x30 ./src/SerialPort.o
 .text.RingBuffer_GetCount
                0x00000f90       0x24 ./src/SerialPort.o
 .text.Chip_UART_Enable
                0x00000fb4       0x20 ./src/SerialPort.o
 .text.Chip_UART_TXEnable
                0x00000fd4       0x20 ./src/SerialPort.o
 .text.Chip_UART_IntEnable
                0x00000ff4       0x1c ./src/SerialPort.o
 .text.Chip_UART_IntDisable
                0x00001010       0x1c ./src/SerialPort.o
 .text.Chip_UART_ConfigData
                0x0000102c       0x28 ./src/SerialPort.o
 .text.UART1_IRQHandler
                0x00001054       0x24 ./src/SerialPort.o
                0x00001054                UART1_IRQHandler
 .text._ZN10SerialPortC2Ev
                0x00001078      0x108 ./src/SerialPort.o
                0x00001078                SerialPort::SerialPort()
                0x00001078                SerialPort::SerialPort()
 .text._ZN10SerialPortD2Ev
                0x00001180       0x38 ./src/SerialPort.o
                0x00001180                SerialPort::~SerialPort()
                0x00001180                SerialPort::~SerialPort()
 .text._ZN10SerialPortD0Ev
                0x000011b8       0x20 ./src/SerialPort.o
                0x000011b8                SerialPort::~SerialPort()
 .text._ZN10SerialPort9availableEv
                0x000011d8       0x1c ./src/SerialPort.o
                0x000011d8                SerialPort::available()
 .text._ZN10SerialPort5beginEi
                0x000011f4       0x20 ./src/SerialPort.o
                0x000011f4                SerialPort::begin(int)
 .text._ZN10SerialPort4readEv
                0x00001214       0x3c ./src/SerialPort.o
                0x00001214                SerialPort::read()
 .text._ZN10SerialPort5writeEPKci
                0x00001250       0x2c ./src/SerialPort.o
                0x00001250                SerialPort::write(char const*, int)
 .text._ZN10SerialPort5flushEv
                0x0000127c       0x2c ./src/SerialPort.o
                0x0000127c                SerialPort::flush()
 .text._Znwj    0x000012a8       0x18 ./src/cr_cpp_config.o
                0x000012a8                operator new(unsigned int)
 .text._ZdlPv   0x000012c0       0x14 ./src/cr_cpp_config.o
                0x000012c0                operator delete(void*)
 .text._write   0x000012d4       0x7c ./src/retarget_itm.o
                0x000012d4                _write
 .text._read    0x00001350       0xb4 ./src/retarget_itm.o
                0x00001350                _read
 .text.SystemInit
                0x00001404        0xc ./src/sysinit.o
                0x00001404                SystemInit
 .text.SysTick_Handler
                0x00001410       0x3c ./src/uart_test.o
                0x00001410                SysTick_Handler
 .text._Z5Sleepi
                0x0000144c       0x34 ./src/uart_test.o
                0x0000144c                Sleep(int)
 .text._Z6millisv
                0x00001480       0x18 ./src/uart_test.o
                0x00001480                millis()
 .text._Z13printRegisterR12ModbusMastert
                0x00001498       0x54 ./src/uart_test.o
                0x00001498                printRegister(ModbusMaster&, unsigned short)
 .text._Z12setFrequencyR12ModbusMastert
                0x000014ec       0xb8 ./src/uart_test.o
                0x000014ec                setFrequency(ModbusMaster&, unsigned short)
 .text.main     0x000015a4      0x18c ./src/uart_test.o
                0x000015a4                main
 .text.Chip_IOCON_PinMuxSet
                0x00001730       0x2c C:\Users\netzky\Documents\LPCXpresso_8.0.0_526\workspace\lpc_board_nxp_lpcxpresso_1549\Debug\liblpc_board_nxp_lpcxpresso_1549.a(board.o)
 .text.Chip_SWM_MovablePortPinAssign
                0x0000175c       0x30 C:\Users\netzky\Documents\LPCXpresso_8.0.0_526\workspace\lpc_board_nxp_lpcxpresso_1549\Debug\liblpc_board_nxp_lpcxpresso_1549.a(board.o)
 .text.Chip_GPIO_SetPinState
                0x0000178c       0x38 C:\Users\netzky\Documents\LPCXpresso_8.0.0_526\workspace\lpc_board_nxp_lpcxpresso_1549\Debug\liblpc_board_nxp_lpcxpresso_1549.a(board.o)
 .text.Chip_GPIO_SetPinDIROutput
                0x000017c4       0x3c C:\Users\netzky\Documents\LPCXpresso_8.0.0_526\workspace\lpc_board_nxp_lpcxpresso_1549\Debug\liblpc_board_nxp_lpcxpresso_1549.a(board.o)
 .text.Chip_UART_Enable
                0x00001800       0x20 C:\Users\netzky\Documents\LPCXpresso_8.0.0_526\workspace\lpc_board_nxp_lpcxpresso_1549\Debug\liblpc_board_nxp_lpcxpresso_1549.a(board.o)
 .text.Chip_UART_TXEnable
                0x00001820       0x20 C:\Users\netzky\Documents\LPCXpresso_8.0.0_526\workspace\lpc_board_nxp_lpcxpresso_1549\Debug\liblpc_board_nxp_lpcxpresso_1549.a(board.o)
 .text.Chip_UART_ConfigData
                0x00001840       0x28 C:\Users\netzky\Documents\LPCXpresso_8.0.0_526\workspace\lpc_board_nxp_lpcxpresso_1549\Debug\liblpc_board_nxp_lpcxpresso_1549.a(board.o)
 .text.Board_Debug_Init
                0x00001868       0x6c C:\Users\netzky\Documents\LPCXpresso_8.0.0_526\workspace\lpc_board_nxp_lpcxpresso_1549\Debug\liblpc_board_nxp_lpcxpresso_1549.a(board.o)
                0x00001868                Board_Debug_Init
 .text.Board_LED_Init
                0x000018d4       0x5c C:\Users\netzky\Documents\LPCXpresso_8.0.0_526\workspace\lpc_board_nxp_lpcxpresso_1549\Debug\liblpc_board_nxp_lpcxpresso_1549.a(board.o)
 .text.Board_LED_Set
                0x00001930       0x50 C:\Users\netzky\Documents\LPCXpresso_8.0.0_526\workspace\lpc_board_nxp_lpcxpresso_1549\Debug\liblpc_board_nxp_lpcxpresso_1549.a(board.o)
                0x00001930                Board_LED_Set
 .text.Board_Init
                0x00001980       0x18 C:\Users\netzky\Documents\LPCXpresso_8.0.0_526\workspace\lpc_board_nxp_lpcxpresso_1549\Debug\liblpc_board_nxp_lpcxpresso_1549.a(board.o)
                0x00001980                Board_Init
 .text.Chip_SYSCTL_PeriphReset
                0x00001998       0x20 C:\Users\netzky\Documents\LPCXpresso_8.0.0_526\workspace\lpc_board_nxp_lpcxpresso_1549\Debug\liblpc_board_nxp_lpcxpresso_1549.a(board_sysinit.o)
 .text.Chip_Clock_SetUSBPLLSource
                0x000019b8       0x20 C:\Users\netzky\Documents\LPCXpresso_8.0.0_526\workspace\lpc_board_nxp_lpcxpresso_1549\Debug\liblpc_board_nxp_lpcxpresso_1549.a(board_sysinit.o)
 .text.Chip_Clock_SetupUSBPLL
                0x000019d8       0x34 C:\Users\netzky\Documents\LPCXpresso_8.0.0_526\workspace\lpc_board_nxp_lpcxpresso_1549\Debug\liblpc_board_nxp_lpcxpresso_1549.a(board_sysinit.o)
 .text.Chip_Clock_IsUSBPLLLocked
                0x00001a0c       0x28 C:\Users\netzky\Documents\LPCXpresso_8.0.0_526\workspace\lpc_board_nxp_lpcxpresso_1549\Debug\liblpc_board_nxp_lpcxpresso_1549.a(board_sysinit.o)
 .text.Chip_Clock_SetSysTickClockDiv
                0x00001a34       0x20 C:\Users\netzky\Documents\LPCXpresso_8.0.0_526\workspace\lpc_board_nxp_lpcxpresso_1549\Debug\liblpc_board_nxp_lpcxpresso_1549.a(board_sysinit.o)
 .text.Chip_SWM_MovablePortPinAssign
                0x00001a54       0x30 C:\Users\netzky\Documents\LPCXpresso_8.0.0_526\workspace\lpc_board_nxp_lpcxpresso_1549\Debug\liblpc_board_nxp_lpcxpresso_1549.a(board_sysinit.o)
 .text.Board_SetupMuxing
                0x00001a84       0x84 C:\Users\netzky\Documents\LPCXpresso_8.0.0_526\workspace\lpc_board_nxp_lpcxpresso_1549\Debug\liblpc_board_nxp_lpcxpresso_1549.a(board_sysinit.o)
                0x00001a84                Board_SetupMuxing
 .text.Board_SetupClocking
                0x00001b08       0x38 C:\Users\netzky\Documents\LPCXpresso_8.0.0_526\workspace\lpc_board_nxp_lpcxpresso_1549\Debug\liblpc_board_nxp_lpcxpresso_1549.a(board_sysinit.o)
                0x00001b08                Board_SetupClocking
 .text.Board_SystemInit
                0x00001b40       0x1c C:\Users\netzky\Documents\LPCXpresso_8.0.0_526\workspace\lpc_board_nxp_lpcxpresso_1549\Debug\liblpc_board_nxp_lpcxpresso_1549.a(board_sysinit.o)
                0x00001b40                Board_SystemInit
 .text.SystemCoreClockUpdate
                0x00001b5c       0x14 C:\Users\netzky\Documents\LPCXpresso_8.0.0_526\workspace\lpc_chip_15xx\Debug\liblpc_chip_15xx.a(chip_15xx.o)
                0x00001b5c                SystemCoreClockUpdate
 .text.Chip_Clock_SetMain_A_ClockSource
                0x00001b70       0x20 C:\Users\netzky\Documents\LPCXpresso_8.0.0_526\workspace\lpc_chip_15xx\Debug\liblpc_chip_15xx.a(clock_15xx.o)
 .text.Chip_Clock_GetMain_A_ClockSource
                0x00001b90       0x1c C:\Users\netzky\Documents\LPCXpresso_8.0.0_526\workspace\lpc_chip_15xx\Debug\liblpc_chip_15xx.a(clock_15xx.o)
 .text.Chip_Clock_SetMain_B_ClockSource
                0x00001bac       0x20 C:\Users\netzky\Documents\LPCXpresso_8.0.0_526\workspace\lpc_chip_15xx\Debug\liblpc_chip_15xx.a(clock_15xx.o)
 .text.Chip_Clock_GetMain_B_ClockSource
                0x00001bcc       0x1c C:\Users\netzky\Documents\LPCXpresso_8.0.0_526\workspace\lpc_chip_15xx\Debug\liblpc_chip_15xx.a(clock_15xx.o)
 .text.Chip_Clock_SetUARTFRGDivider
                0x00001be8       0x20 C:\Users\netzky\Documents\LPCXpresso_8.0.0_526\workspace\lpc_chip_15xx\Debug\liblpc_chip_15xx.a(clock_15xx.o)
 .text.Chip_Clock_GetUARTFRGDivider
                0x00001c08       0x18 C:\Users\netzky\Documents\LPCXpresso_8.0.0_526\workspace\lpc_chip_15xx\Debug\liblpc_chip_15xx.a(clock_15xx.o)
 .text.Chip_Clock_GetMainOscRate
                0x00001c20       0x18 C:\Users\netzky\Documents\LPCXpresso_8.0.0_526\workspace\lpc_chip_15xx\Debug\liblpc_chip_15xx.a(clock_15xx.o)
 .text.Chip_Clock_GetIntOscRate
                0x00001c38       0x14 C:\Users\netzky\Documents\LPCXpresso_8.0.0_526\workspace\lpc_chip_15xx\Debug\liblpc_chip_15xx.a(clock_15xx.o)
 .text.Chip_Clock_GetRTCOscRate
                0x00001c4c       0x18 C:\Users\netzky\Documents\LPCXpresso_8.0.0_526\workspace\lpc_chip_15xx\Debug\liblpc_chip_15xx.a(clock_15xx.o)
 .text.Chip_Clock_GetWDTOSCRate
                0x00001c64       0x14 C:\Users\netzky\Documents\LPCXpresso_8.0.0_526\workspace\lpc_chip_15xx\Debug\liblpc_chip_15xx.a(clock_15xx.o)
 .text.Chip_Clock_GetPLLFreq
                0x00001c78       0x28 C:\Users\netzky\Documents\LPCXpresso_8.0.0_526\workspace\lpc_chip_15xx\Debug\liblpc_chip_15xx.a(clock_15xx.o)
 .text.Chip_Clock_GetPLLInClockRate
                0x00001ca0       0x38 C:\Users\netzky\Documents\LPCXpresso_8.0.0_526\workspace\lpc_chip_15xx\Debug\liblpc_chip_15xx.a(clock_15xx.o)
 .text.Chip_Clock_GetSystemPLLInClockRate
                0x00001cd8       0x1c C:\Users\netzky\Documents\LPCXpresso_8.0.0_526\workspace\lpc_chip_15xx\Debug\liblpc_chip_15xx.a(clock_15xx.o)
                0x00001cd8                Chip_Clock_GetSystemPLLInClockRate
 .text.Chip_Clock_GetSystemPLLOutClockRate
                0x00001cf4       0x24 C:\Users\netzky\Documents\LPCXpresso_8.0.0_526\workspace\lpc_chip_15xx\Debug\liblpc_chip_15xx.a(clock_15xx.o)
                0x00001cf4                Chip_Clock_GetSystemPLLOutClockRate
 .text.Chip_Clock_GetMain_A_ClockRate
                0x00001d18       0x44 C:\Users\netzky\Documents\LPCXpresso_8.0.0_526\workspace\lpc_chip_15xx\Debug\liblpc_chip_15xx.a(clock_15xx.o)
                0x00001d18                Chip_Clock_GetMain_A_ClockRate
 .text.Chip_Clock_GetMain_B_ClockRate
                0x00001d5c       0x58 C:\Users\netzky\Documents\LPCXpresso_8.0.0_526\workspace\lpc_chip_15xx\Debug\liblpc_chip_15xx.a(clock_15xx.o)
                0x00001d5c                Chip_Clock_GetMain_B_ClockRate
 .text.Chip_Clock_SetMainClockSource
                0x00001db4       0x3c C:\Users\netzky\Documents\LPCXpresso_8.0.0_526\workspace\lpc_chip_15xx\Debug\liblpc_chip_15xx.a(clock_15xx.o)
                0x00001db4                Chip_Clock_SetMainClockSource
 .text.Chip_Clock_GetMainClockRate
                0x00001df0       0x28 C:\Users\netzky\Documents\LPCXpresso_8.0.0_526\workspace\lpc_chip_15xx\Debug\liblpc_chip_15xx.a(clock_15xx.o)
                0x00001df0                Chip_Clock_GetMainClockRate
 .text.Chip_Clock_EnablePeriphClock
                0x00001e18       0x54 C:\Users\netzky\Documents\LPCXpresso_8.0.0_526\workspace\lpc_chip_15xx\Debug\liblpc_chip_15xx.a(clock_15xx.o)
                0x00001e18                Chip_Clock_EnablePeriphClock
 .text.Chip_Clock_DisablePeriphClock
                0x00001e6c       0x58 C:\Users\netzky\Documents\LPCXpresso_8.0.0_526\workspace\lpc_chip_15xx\Debug\liblpc_chip_15xx.a(clock_15xx.o)
                0x00001e6c                Chip_Clock_DisablePeriphClock
 .text.Chip_Clock_GetUARTBaseClockRate
                0x00001ec4       0x88 C:\Users\netzky\Documents\LPCXpresso_8.0.0_526\workspace\lpc_chip_15xx\Debug\liblpc_chip_15xx.a(clock_15xx.o)
                0x00001ec4                Chip_Clock_GetUARTBaseClockRate
 .text.Chip_Clock_SetUARTBaseClockRate
                0x00001f4c       0xa0 C:\Users\netzky\Documents\LPCXpresso_8.0.0_526\workspace\lpc_chip_15xx\Debug\liblpc_chip_15xx.a(clock_15xx.o)
                0x00001f4c                Chip_Clock_SetUARTBaseClockRate
 .text.Chip_Clock_GetSystemClockRate
                0x00001fec       0x1c C:\Users\netzky\Documents\LPCXpresso_8.0.0_526\workspace\lpc_chip_15xx\Debug\liblpc_chip_15xx.a(clock_15xx.o)
                0x00001fec                Chip_Clock_GetSystemClockRate
 .text.Chip_SYSCTL_PeriphReset
                0x00002008       0x20 C:\Users\netzky\Documents\LPCXpresso_8.0.0_526\workspace\lpc_chip_15xx\Debug\liblpc_chip_15xx.a(gpio_15xx.o)
 .text.Chip_GPIO_Init
                0x00002028       0x2c C:\Users\netzky\Documents\LPCXpresso_8.0.0_526\workspace\lpc_chip_15xx\Debug\liblpc_chip_15xx.a(gpio_15xx.o)
                0x00002028                Chip_GPIO_Init
 .text.Chip_IOCON_PinMuxSet
                0x00002054       0x2c C:\Users\netzky\Documents\LPCXpresso_8.0.0_526\workspace\lpc_chip_15xx\Debug\liblpc_chip_15xx.a(iocon_15xx.o)
 .text.Chip_IOCON_SetPinMuxing
                0x00002080       0x4c C:\Users\netzky\Documents\LPCXpresso_8.0.0_526\workspace\lpc_chip_15xx\Debug\liblpc_chip_15xx.a(iocon_15xx.o)
                0x00002080                Chip_IOCON_SetPinMuxing
 .text.RingBuffer_GetCount
                0x000020cc       0x24 C:\Users\netzky\Documents\LPCXpresso_8.0.0_526\workspace\lpc_chip_15xx\Debug\liblpc_chip_15xx.a(ring_buffer.o)
 .text.RingBuffer_GetFree
                0x000020f0       0x20 C:\Users\netzky\Documents\LPCXpresso_8.0.0_526\workspace\lpc_chip_15xx\Debug\liblpc_chip_15xx.a(ring_buffer.o)
 .text.RingBuffer_IsFull
                0x00002110       0x28 C:\Users\netzky\Documents\LPCXpresso_8.0.0_526\workspace\lpc_chip_15xx\Debug\liblpc_chip_15xx.a(ring_buffer.o)
 .text.RingBuffer_IsEmpty
                0x00002138       0x2c C:\Users\netzky\Documents\LPCXpresso_8.0.0_526\workspace\lpc_chip_15xx\Debug\liblpc_chip_15xx.a(ring_buffer.o)
 .text.RingBuffer_Init
                0x00002164       0x3c C:\Users\netzky\Documents\LPCXpresso_8.0.0_526\workspace\lpc_chip_15xx\Debug\liblpc_chip_15xx.a(ring_buffer.o)
                0x00002164                RingBuffer_Init
 .text.RingBuffer_Insert
                0x000021a0       0x5c C:\Users\netzky\Documents\LPCXpresso_8.0.0_526\workspace\lpc_chip_15xx\Debug\liblpc_chip_15xx.a(ring_buffer.o)
                0x000021a0                RingBuffer_Insert
 .text.RingBuffer_InsertMult
                0x000021fc      0x124 C:\Users\netzky\Documents\LPCXpresso_8.0.0_526\workspace\lpc_chip_15xx\Debug\liblpc_chip_15xx.a(ring_buffer.o)
                0x000021fc                RingBuffer_InsertMult
 .text.RingBuffer_Pop
                0x00002320       0x5c C:\Users\netzky\Documents\LPCXpresso_8.0.0_526\workspace\lpc_chip_15xx\Debug\liblpc_chip_15xx.a(ring_buffer.o)
                0x00002320                RingBuffer_Pop
 .text.RingBuffer_PopMult
                0x0000237c      0x124 C:\Users\netzky\Documents\LPCXpresso_8.0.0_526\workspace\lpc_chip_15xx\Debug\liblpc_chip_15xx.a(ring_buffer.o)
                0x0000237c                RingBuffer_PopMult
 .text.Chip_SWM_MovablePinAssign
                0x000024a0       0x5c C:\Users\netzky\Documents\LPCXpresso_8.0.0_526\workspace\lpc_chip_15xx\Debug\liblpc_chip_15xx.a(swm_15xx.o)
                0x000024a0                Chip_SWM_MovablePinAssign
 .text.Chip_SYSCTL_AssertPeriphReset
                0x000024fc       0x48 C:\Users\netzky\Documents\LPCXpresso_8.0.0_526\workspace\lpc_chip_15xx\Debug\liblpc_chip_15xx.a(sysctl_15xx.o)
                0x000024fc                Chip_SYSCTL_AssertPeriphReset
 .text.Chip_SYSCTL_DeassertPeriphReset
                0x00002544       0x4c C:\Users\netzky\Documents\LPCXpresso_8.0.0_526\workspace\lpc_chip_15xx\Debug\liblpc_chip_15xx.a(sysctl_15xx.o)
                0x00002544                Chip_SYSCTL_DeassertPeriphReset
 .text.Chip_SYSCTL_PowerDown
                0x00002590       0x40 C:\Users\netzky\Documents\LPCXpresso_8.0.0_526\workspace\lpc_chip_15xx\Debug\liblpc_chip_15xx.a(sysctl_15xx.o)
                0x00002590                Chip_SYSCTL_PowerDown
 .text.Chip_SYSCTL_PowerUp
                0x000025d0       0x40 C:\Users\netzky\Documents\LPCXpresso_8.0.0_526\workspace\lpc_chip_15xx\Debug\liblpc_chip_15xx.a(sysctl_15xx.o)
                0x000025d0                Chip_SYSCTL_PowerUp
 .text.Chip_FMC_SetFLASHAccess
                0x00002610       0x38 C:\Users\netzky\Documents\LPCXpresso_8.0.0_526\workspace\lpc_chip_15xx\Debug\liblpc_chip_15xx.a(sysinit_15xx.o)
 .text.Chip_Clock_SetSystemPLLSource
                0x00002648       0x20 C:\Users\netzky\Documents\LPCXpresso_8.0.0_526\workspace\lpc_chip_15xx\Debug\liblpc_chip_15xx.a(sysinit_15xx.o)
 .text.Chip_Clock_SetupSystemPLL
                0x00002668       0x34 C:\Users\netzky\Documents\LPCXpresso_8.0.0_526\workspace\lpc_chip_15xx\Debug\liblpc_chip_15xx.a(sysinit_15xx.o)
 .text.Chip_Clock_IsSystemPLLLocked
                0x0000269c       0x28 C:\Users\netzky\Documents\LPCXpresso_8.0.0_526\workspace\lpc_chip_15xx\Debug\liblpc_chip_15xx.a(sysinit_15xx.o)
 .text.Chip_Clock_SetSysClockDiv
                0x000026c4       0x20 C:\Users\netzky\Documents\LPCXpresso_8.0.0_526\workspace\lpc_chip_15xx\Debug\liblpc_chip_15xx.a(sysinit_15xx.o)
 .text.Chip_SetupXtalClocking
                0x000026e4       0x6c C:\Users\netzky\Documents\LPCXpresso_8.0.0_526\workspace\lpc_chip_15xx\Debug\liblpc_chip_15xx.a(sysinit_15xx.o)
                0x000026e4                Chip_SetupXtalClocking
 .text.Chip_SYSCTL_PeriphReset
                0x00002750       0x20 C:\Users\netzky\Documents\LPCXpresso_8.0.0_526\workspace\lpc_chip_15xx\Debug\liblpc_chip_15xx.a(uart_15xx.o)
 .text.RingBuffer_IsEmpty
                0x00002770       0x2c C:\Users\netzky\Documents\LPCXpresso_8.0.0_526\workspace\lpc_chip_15xx\Debug\liblpc_chip_15xx.a(uart_15xx.o)
 .text.Chip_UART_SendByte
                0x0000279c       0x1c C:\Users\netzky\Documents\LPCXpresso_8.0.0_526\workspace\lpc_chip_15xx\Debug\liblpc_chip_15xx.a(uart_15xx.o)
 .text.Chip_UART_ReadByte
                0x000027b8       0x1c C:\Users\netzky\Documents\LPCXpresso_8.0.0_526\workspace\lpc_chip_15xx\Debug\liblpc_chip_15xx.a(uart_15xx.o)
 .text.Chip_UART_IntEnable
                0x000027d4       0x1c C:\Users\netzky\Documents\LPCXpresso_8.0.0_526\workspace\lpc_chip_15xx\Debug\liblpc_chip_15xx.a(uart_15xx.o)
 .text.Chip_UART_IntDisable
                0x000027f0       0x1c C:\Users\netzky\Documents\LPCXpresso_8.0.0_526\workspace\lpc_chip_15xx\Debug\liblpc_chip_15xx.a(uart_15xx.o)
 .text.Chip_UART_GetStatus
                0x0000280c       0x18 C:\Users\netzky\Documents\LPCXpresso_8.0.0_526\workspace\lpc_chip_15xx\Debug\liblpc_chip_15xx.a(uart_15xx.o)
 .text.getUARTClockID
                0x00002824       0x38 C:\Users\netzky\Documents\LPCXpresso_8.0.0_526\workspace\lpc_chip_15xx\Debug\liblpc_chip_15xx.a(uart_15xx.o)
 .text.Chip_UART_Init
                0x0000285c       0x4c C:\Users\netzky\Documents\LPCXpresso_8.0.0_526\workspace\lpc_chip_15xx\Debug\liblpc_chip_15xx.a(uart_15xx.o)
                0x0000285c                Chip_UART_Init
 .text.Chip_UART_DeInit
                0x000028a8       0x1c C:\Users\netzky\Documents\LPCXpresso_8.0.0_526\workspace\lpc_chip_15xx\Debug\liblpc_chip_15xx.a(uart_15xx.o)
                0x000028a8                Chip_UART_DeInit
 .text.Chip_UART_SetBaud
                0x000028c4       0x28 C:\Users\netzky\Documents\LPCXpresso_8.0.0_526\workspace\lpc_chip_15xx\Debug\liblpc_chip_15xx.a(uart_15xx.o)
                0x000028c4                Chip_UART_SetBaud
 .text.Chip_UART_RXIntHandlerRB
                0x000028ec       0x3c C:\Users\netzky\Documents\LPCXpresso_8.0.0_526\workspace\lpc_chip_15xx\Debug\liblpc_chip_15xx.a(uart_15xx.o)
                0x000028ec                Chip_UART_RXIntHandlerRB
 .text.Chip_UART_TXIntHandlerRB
                0x00002928       0x40 C:\Users\netzky\Documents\LPCXpresso_8.0.0_526\workspace\lpc_chip_15xx\Debug\liblpc_chip_15xx.a(uart_15xx.o)
                0x00002928                Chip_UART_TXIntHandlerRB
 .text.Chip_UART_SendRB
                0x00002968       0x60 C:\Users\netzky\Documents\LPCXpresso_8.0.0_526\workspace\lpc_chip_15xx\Debug\liblpc_chip_15xx.a(uart_15xx.o)
                0x00002968                Chip_UART_SendRB
 .text.Chip_UART_ReadRB
                0x000029c8       0x24 C:\Users\netzky\Documents\LPCXpresso_8.0.0_526\workspace\lpc_chip_15xx\Debug\liblpc_chip_15xx.a(uart_15xx.o)
                0x000029c8                Chip_UART_ReadRB
 .text.Chip_UART_IRQRBHandler
                0x000029ec       0x48 C:\Users\netzky\Documents\LPCXpresso_8.0.0_526\workspace\lpc_chip_15xx\Debug\liblpc_chip_15xx.a(uart_15xx.o)
                0x000029ec                Chip_UART_IRQRBHandler
 .text          0x00002a34       0x30 c:/nxp/lpcxpresso_8.0.0_526/lpcxpresso/tools/bin/../lib/gcc/arm-none-eabi/4.9.3/armv7-m\libgcc.a(_aeabi_uldivmod.o)
                0x00002a34                __aeabi_uldivmod
 .text          0x00002a64       0x60 c:/nxp/lpcxpresso_8.0.0_526/lpcxpresso/tools/bin/../lib/gcc/arm-none-eabi/4.9.3/armv7-m\libgcc.a(bpabi.o)
                0x00002a64                __gnu_ldivmod_helper
                0x00002a94                __gnu_uldivmod_helper
 .text          0x00002ac4        0x4 c:/nxp/lpcxpresso_8.0.0_526/lpcxpresso/tools/bin/../lib/gcc/arm-none-eabi/4.9.3/armv7-m\libgcc.a(_dvmd_tls.o)
                0x00002ac4                __aeabi_idiv0
                0x00002ac4                __aeabi_ldiv0
 .text          0x00002ac8      0x2ac c:/nxp/lpcxpresso_8.0.0_526/lpcxpresso/tools/bin/../lib/gcc/arm-none-eabi/4.9.3/armv7-m\libgcc.a(_divdi3.o)
                0x00002ac8                __divdi3
 .text          0x00002d74      0x270 c:/nxp/lpcxpresso_8.0.0_526/lpcxpresso/tools/bin/../lib/gcc/arm-none-eabi/4.9.3/armv7-m\libgcc.a(_udivdi3.o)
                0x00002d74                __udivdi3
 .text.__libc_init_array
                0x00002fe4       0x50 c:/nxp/lpcxpresso_8.0.0_526/lpcxpresso/tools/bin/../lib/gcc/arm-none-eabi/4.9.3/../../../../arm-none-eabi/lib/armv7-m\libc.a(lib_a-init.o)
                0x00002fe4                __libc_init_array
 .text.malloc   0x00003034       0x10 c:/nxp/lpcxpresso_8.0.0_526/lpcxpresso/tools/bin/../lib/gcc/arm-none-eabi/4.9.3/../../../../arm-none-eabi/lib/armv7-m\libc.a(lib_a-malloc.o)
                0x00003034                malloc
 .text.free     0x00003044       0x10 c:/nxp/lpcxpresso_8.0.0_526/lpcxpresso/tools/bin/../lib/gcc/arm-none-eabi/4.9.3/../../../../arm-none-eabi/lib/armv7-m\libc.a(lib_a-malloc.o)
                0x00003044                free
 .text._malloc_r
                0x00003054      0x50c c:/nxp/lpcxpresso_8.0.0_526/lpcxpresso/tools/bin/../lib/gcc/arm-none-eabi/4.9.3/../../../../arm-none-eabi/lib/armv7-m\libc.a(lib_a-mallocr.o)
                0x00003054                _malloc_r
 .text          0x00003560       0xec c:/nxp/lpcxpresso_8.0.0_526/lpcxpresso/tools/bin/../lib/gcc/arm-none-eabi/4.9.3/../../../../arm-none-eabi/lib/armv7-m\libc.a(lib_a-memcpy.o)
                0x00003560                memcpy
 .text.__malloc_lock
                0x0000364c        0x4 c:/nxp/lpcxpresso_8.0.0_526/lpcxpresso/tools/bin/../lib/gcc/arm-none-eabi/4.9.3/../../../../arm-none-eabi/lib/armv7-m\libc.a(lib_a-mlock.o)
                0x0000364c                __malloc_lock
 .text.__malloc_unlock
                0x00003650        0x4 c:/nxp/lpcxpresso_8.0.0_526/lpcxpresso/tools/bin/../lib/gcc/arm-none-eabi/4.9.3/../../../../arm-none-eabi/lib/armv7-m\libc.a(lib_a-mlock.o)
                0x00003650                __malloc_unlock
 .text.printf   0x00003654       0x28 c:/nxp/lpcxpresso_8.0.0_526/lpcxpresso/tools/bin/../lib/gcc/arm-none-eabi/4.9.3/../../../../arm-none-eabi/lib/armv7-m\libc.a(lib_a-printf.o)
                0x00003654                printf
 .text._sbrk_r  0x0000367c       0x24 c:/nxp/lpcxpresso_8.0.0_526/lpcxpresso/tools/bin/../lib/gcc/arm-none-eabi/4.9.3/../../../../arm-none-eabi/lib/armv7-m\libc.a(lib_a-sbrkr.o)
                0x0000367c                _sbrk_r
 .text._vfprintf_r
                0x000036a0     0x1448 c:/nxp/lpcxpresso_8.0.0_526/lpcxpresso/tools/bin/../lib/gcc/arm-none-eabi/4.9.3/../../../../arm-none-eabi/lib/armv7-m\libc.a(lib_a-vfprintf.o)
                0x000036a0                _vfprintf_r
 .text.__sbprintf
                0x00004ae8       0x7c c:/nxp/lpcxpresso_8.0.0_526/lpcxpresso/tools/bin/../lib/gcc/arm-none-eabi/4.9.3/../../../../arm-none-eabi/lib/armv7-m\libc.a(lib_a-vfprintf.o)
 .text.__swsetup_r
                0x00004b64       0xc4 c:/nxp/lpcxpresso_8.0.0_526/lpcxpresso/tools/bin/../lib/gcc/arm-none-eabi/4.9.3/../../../../arm-none-eabi/lib/armv7-m\libc.a(lib_a-wsetup.o)
                0x00004b64                __swsetup_r
 .text.quorem   0x00004c28      0x130 c:/nxp/lpcxpresso_8.0.0_526/lpcxpresso/tools/bin/../lib/gcc/arm-none-eabi/4.9.3/../../../../arm-none-eabi/lib/armv7-m\libc.a(lib_a-dtoa.o)
 .text._dtoa_r  0x00004d58      0xea4 c:/nxp/lpcxpresso_8.0.0_526/lpcxpresso/tools/bin/../lib/gcc/arm-none-eabi/4.9.3/../../../../arm-none-eabi/lib/armv7-m\libc.a(lib_a-dtoa.o)
                0x00004d58                _dtoa_r
 .text.__sflush_r
                0x00005bfc      0x148 c:/nxp/lpcxpresso_8.0.0_526/lpcxpresso/tools/bin/../lib/gcc/arm-none-eabi/4.9.3/../../../../arm-none-eabi/lib/armv7-m\libc.a(lib_a-fflush.o)
                0x00005bfc                __sflush_r
 .text._fflush_r
                0x00005d44       0x2c c:/nxp/lpcxpresso_8.0.0_526/lpcxpresso/tools/bin/../lib/gcc/arm-none-eabi/4.9.3/../../../../arm-none-eabi/lib/armv7-m\libc.a(lib_a-fflush.o)
                0x00005d44                _fflush_r
 .text._cleanup_r
                0x00005d70        0xc c:/nxp/lpcxpresso_8.0.0_526/lpcxpresso/tools/bin/../lib/gcc/arm-none-eabi/4.9.3/../../../../arm-none-eabi/lib/armv7-m\libc.a(lib_a-findfp.o)
                0x00005d70                _cleanup_r
 .text.__sinit.part.1
                0x00005d7c       0xf0 c:/nxp/lpcxpresso_8.0.0_526/lpcxpresso/tools/bin/../lib/gcc/arm-none-eabi/4.9.3/../../../../arm-none-eabi/lib/armv7-m\libc.a(lib_a-findfp.o)
 .text.__sinit  0x00005e6c        0xc c:/nxp/lpcxpresso_8.0.0_526/lpcxpresso/tools/bin/../lib/gcc/arm-none-eabi/4.9.3/../../../../arm-none-eabi/lib/armv7-m\libc.a(lib_a-findfp.o)
                0x00005e6c                __sinit
 .text.__sfp_lock_acquire
                0x00005e78        0x4 c:/nxp/lpcxpresso_8.0.0_526/lpcxpresso/tools/bin/../lib/gcc/arm-none-eabi/4.9.3/../../../../arm-none-eabi/lib/armv7-m\libc.a(lib_a-findfp.o)
                0x00005e78                __sfp_lock_acquire
 .text.__sfp_lock_release
                0x00005e7c        0x4 c:/nxp/lpcxpresso_8.0.0_526/lpcxpresso/tools/bin/../lib/gcc/arm-none-eabi/4.9.3/../../../../arm-none-eabi/lib/armv7-m\libc.a(lib_a-findfp.o)
                0x00005e7c                __sfp_lock_release
 .text._malloc_trim_r
                0x00005e80       0x9c c:/nxp/lpcxpresso_8.0.0_526/lpcxpresso/tools/bin/../lib/gcc/arm-none-eabi/4.9.3/../../../../arm-none-eabi/lib/armv7-m\libc.a(lib_a-freer.o)
                0x00005e80                _malloc_trim_r
 .text._free_r  0x00005f1c      0x1b0 c:/nxp/lpcxpresso_8.0.0_526/lpcxpresso/tools/bin/../lib/gcc/arm-none-eabi/4.9.3/../../../../arm-none-eabi/lib/armv7-m\libc.a(lib_a-freer.o)
                0x00005f1c                _free_r
 .text._fwalk_reent
                0x000060cc       0x50 c:/nxp/lpcxpresso_8.0.0_526/lpcxpresso/tools/bin/../lib/gcc/arm-none-eabi/4.9.3/../../../../arm-none-eabi/lib/armv7-m\libc.a(lib_a-fwalk.o)
                0x000060cc                _fwalk_reent
 .text.__locale_charset
                0x0000611c        0x8 c:/nxp/lpcxpresso_8.0.0_526/lpcxpresso/tools/bin/../lib/gcc/arm-none-eabi/4.9.3/../../../../arm-none-eabi/lib/armv7-m\libc.a(lib_a-locale.o)
                0x0000611c                __locale_charset
 .text.__locale_mb_cur_max
                0x00006124        0xc c:/nxp/lpcxpresso_8.0.0_526/lpcxpresso/tools/bin/../lib/gcc/arm-none-eabi/4.9.3/../../../../arm-none-eabi/lib/armv7-m\libc.a(lib_a-locale.o)
                0x00006124                __locale_mb_cur_max
 .text._localeconv_r
                0x00006130        0x8 c:/nxp/lpcxpresso_8.0.0_526/lpcxpresso/tools/bin/../lib/gcc/arm-none-eabi/4.9.3/../../../../arm-none-eabi/lib/armv7-m\libc.a(lib_a-locale.o)
                0x00006130                _localeconv_r
 .text.__smakebuf_r
                0x00006138       0xe0 c:/nxp/lpcxpresso_8.0.0_526/lpcxpresso/tools/bin/../lib/gcc/arm-none-eabi/4.9.3/../../../../arm-none-eabi/lib/armv7-m\libc.a(lib_a-makebuf.o)
                0x00006138                __smakebuf_r
 .text.memchr   0x00006218       0x94 c:/nxp/lpcxpresso_8.0.0_526/lpcxpresso/tools/bin/../lib/gcc/arm-none-eabi/4.9.3/../../../../arm-none-eabi/lib/armv7-m\libc.a(lib_a-memchr.o)
                0x00006218                memchr
 .text.memset   0x000062ac       0x9c c:/nxp/lpcxpresso_8.0.0_526/lpcxpresso/tools/bin/../lib/gcc/arm-none-eabi/4.9.3/../../../../arm-none-eabi/lib/armv7-m\libc.a(lib_a-memset.o)
                0x000062ac                memset
 .text._Balloc  0x00006348       0x50 c:/nxp/lpcxpresso_8.0.0_526/lpcxpresso/tools/bin/../lib/gcc/arm-none-eabi/4.9.3/../../../../arm-none-eabi/lib/armv7-m\libc.a(lib_a-mprec.o)
                0x00006348                _Balloc
 .text._Bfree   0x00006398       0x14 c:/nxp/lpcxpresso_8.0.0_526/lpcxpresso/tools/bin/../lib/gcc/arm-none-eabi/4.9.3/../../../../arm-none-eabi/lib/armv7-m\libc.a(lib_a-mprec.o)
                0x00006398                _Bfree
 .text.__multadd
                0x000063ac       0x84 c:/nxp/lpcxpresso_8.0.0_526/lpcxpresso/tools/bin/../lib/gcc/arm-none-eabi/4.9.3/../../../../arm-none-eabi/lib/armv7-m\libc.a(lib_a-mprec.o)
                0x000063ac                __multadd
 .text.__hi0bits
                0x00006430       0x40 c:/nxp/lpcxpresso_8.0.0_526/lpcxpresso/tools/bin/../lib/gcc/arm-none-eabi/4.9.3/../../../../arm-none-eabi/lib/armv7-m\libc.a(lib_a-mprec.o)
                0x00006430                __hi0bits
 .text.__lo0bits
                0x00006470       0x5c c:/nxp/lpcxpresso_8.0.0_526/lpcxpresso/tools/bin/../lib/gcc/arm-none-eabi/4.9.3/../../../../arm-none-eabi/lib/armv7-m\libc.a(lib_a-mprec.o)
                0x00006470                __lo0bits
 .text.__i2b    0x000064cc       0x14 c:/nxp/lpcxpresso_8.0.0_526/lpcxpresso/tools/bin/../lib/gcc/arm-none-eabi/4.9.3/../../../../arm-none-eabi/lib/armv7-m\libc.a(lib_a-mprec.o)
                0x000064cc                __i2b
 .text.__multiply
                0x000064e0      0x140 c:/nxp/lpcxpresso_8.0.0_526/lpcxpresso/tools/bin/../lib/gcc/arm-none-eabi/4.9.3/../../../../arm-none-eabi/lib/armv7-m\libc.a(lib_a-mprec.o)
                0x000064e0                __multiply
 .text.__pow5mult
                0x00006620       0xa0 c:/nxp/lpcxpresso_8.0.0_526/lpcxpresso/tools/bin/../lib/gcc/arm-none-eabi/4.9.3/../../../../arm-none-eabi/lib/armv7-m\libc.a(lib_a-mprec.o)
                0x00006620                __pow5mult
 .text.__lshift
                0x000066c0       0xb0 c:/nxp/lpcxpresso_8.0.0_526/lpcxpresso/tools/bin/../lib/gcc/arm-none-eabi/4.9.3/../../../../arm-none-eabi/lib/armv7-m\libc.a(lib_a-mprec.o)
                0x000066c0                __lshift
 .text.__mcmp   0x00006770       0x48 c:/nxp/lpcxpresso_8.0.0_526/lpcxpresso/tools/bin/../lib/gcc/arm-none-eabi/4.9.3/../../../../arm-none-eabi/lib/armv7-m\libc.a(lib_a-mprec.o)
                0x00006770                __mcmp
 .text.__mdiff  0x000067b8       0xe4 c:/nxp/lpcxpresso_8.0.0_526/lpcxpresso/tools/bin/../lib/gcc/arm-none-eabi/4.9.3/../../../../arm-none-eabi/lib/armv7-m\libc.a(lib_a-mprec.o)
                0x000067b8                __mdiff
 .text.__d2b    0x0000689c       0xa8 c:/nxp/lpcxpresso_8.0.0_526/lpcxpresso/tools/bin/../lib/gcc/arm-none-eabi/4.9.3/../../../../arm-none-eabi/lib/armv7-m\libc.a(lib_a-mprec.o)
                0x0000689c                __d2b
 .text.__fpclassifyd
                0x00006944       0x58 c:/nxp/lpcxpresso_8.0.0_526/lpcxpresso/tools/bin/../lib/gcc/arm-none-eabi/4.9.3/../../../../arm-none-eabi/lib/armv7-m\libc.a(lib_a-s_fpclassify.o)
                0x00006944                __fpclassifyd
 .text.__sread  0x0000699c       0x24 c:/nxp/lpcxpresso_8.0.0_526/lpcxpresso/tools/bin/../lib/gcc/arm-none-eabi/4.9.3/../../../../arm-none-eabi/lib/armv7-m\libc.a(lib_a-stdio.o)
                0x0000699c                __sread
 .text.__swrite
                0x000069c0       0x38 c:/nxp/lpcxpresso_8.0.0_526/lpcxpresso/tools/bin/../lib/gcc/arm-none-eabi/4.9.3/../../../../arm-none-eabi/lib/armv7-m\libc.a(lib_a-stdio.o)
                0x000069c0                __swrite
 .text.__sseek  0x000069f8       0x20 c:/nxp/lpcxpresso_8.0.0_526/lpcxpresso/tools/bin/../lib/gcc/arm-none-eabi/4.9.3/../../../../arm-none-eabi/lib/armv7-m\libc.a(lib_a-stdio.o)
                0x000069f8                __sseek
 .text.__sclose
                0x00006a18        0x8 c:/nxp/lpcxpresso_8.0.0_526/lpcxpresso/tools/bin/../lib/gcc/arm-none-eabi/4.9.3/../../../../arm-none-eabi/lib/armv7-m\libc.a(lib_a-stdio.o)
                0x00006a18                __sclose
 .text.strlen   0x00006a20       0x5c c:/nxp/lpcxpresso_8.0.0_526/lpcxpresso/tools/bin/../lib/gcc/arm-none-eabi/4.9.3/../../../../arm-none-eabi/lib/armv7-m\libc.a(lib_a-strlen.o)
                0x00006a20                strlen
 .text.__sprint_r.part.0
                0x00006a7c       0x78 c:/nxp/lpcxpresso_8.0.0_526/lpcxpresso/tools/bin/../lib/gcc/arm-none-eabi/4.9.3/../../../../arm-none-eabi/lib/armv7-m\libc.a(lib_a-vfiprintf.o)
 .text.__sprint_r
                0x00006af4       0x18 c:/nxp/lpcxpresso_8.0.0_526/lpcxpresso/tools/bin/../lib/gcc/arm-none-eabi/4.9.3/../../../../arm-none-eabi/lib/armv7-m\libc.a(lib_a-vfiprintf.o)
                0x00006af4                __sprint_r
 .text._write_r
                0x00006b0c       0x28 c:/nxp/lpcxpresso_8.0.0_526/lpcxpresso/tools/bin/../lib/gcc/arm-none-eabi/4.9.3/../../../../arm-none-eabi/lib/armv7-m\libc.a(lib_a-writer.o)
                0x00006b0c                _write_r
 .text._calloc_r
                0x00006b34       0x60 c:/nxp/lpcxpresso_8.0.0_526/lpcxpresso/tools/bin/../lib/gcc/arm-none-eabi/4.9.3/../../../../arm-none-eabi/lib/armv7-m\libc.a(lib_a-callocr.o)
                0x00006b34                _calloc_r
 .text._close_r
                0x00006b94       0x24 c:/nxp/lpcxpresso_8.0.0_526/lpcxpresso/tools/bin/../lib/gcc/arm-none-eabi/4.9.3/../../../../arm-none-eabi/lib/armv7-m\libc.a(lib_a-closer.o)
                0x00006b94                _close_r
 .text._fclose_r
                0x00006bb8       0x84 c:/nxp/lpcxpresso_8.0.0_526/lpcxpresso/tools/bin/../lib/gcc/arm-none-eabi/4.9.3/../../../../arm-none-eabi/lib/armv7-m\libc.a(lib_a-fclose.o)
                0x00006bb8                _fclose_r
 .text.__fputwc
                0x00006c3c       0xb0 c:/nxp/lpcxpresso_8.0.0_526/lpcxpresso/tools/bin/../lib/gcc/arm-none-eabi/4.9.3/../../../../arm-none-eabi/lib/armv7-m\libc.a(lib_a-fputwc.o)
                0x00006c3c                __fputwc
 .text._fputwc_r
                0x00006cec       0x24 c:/nxp/lpcxpresso_8.0.0_526/lpcxpresso/tools/bin/../lib/gcc/arm-none-eabi/4.9.3/../../../../arm-none-eabi/lib/armv7-m\libc.a(lib_a-fputwc.o)
                0x00006cec                _fputwc_r
 .text._fstat_r
                0x00006d10       0x28 c:/nxp/lpcxpresso_8.0.0_526/lpcxpresso/tools/bin/../lib/gcc/arm-none-eabi/4.9.3/../../../../arm-none-eabi/lib/armv7-m\libc.a(lib_a-fstatr.o)
                0x00006d10                _fstat_r
 .text.__sfvwrite_r
                0x00006d38      0x320 c:/nxp/lpcxpresso_8.0.0_526/lpcxpresso/tools/bin/../lib/gcc/arm-none-eabi/4.9.3/../../../../arm-none-eabi/lib/armv7-m\libc.a(lib_a-fvwrite.o)
                0x00006d38                __sfvwrite_r
 .text._isatty_r
                0x00007058       0x24 c:/nxp/lpcxpresso_8.0.0_526/lpcxpresso/tools/bin/../lib/gcc/arm-none-eabi/4.9.3/../../../../arm-none-eabi/lib/armv7-m\libc.a(lib_a-isattyr.o)
                0x00007058                _isatty_r
 .text._lseek_r
                0x0000707c       0x28 c:/nxp/lpcxpresso_8.0.0_526/lpcxpresso/tools/bin/../lib/gcc/arm-none-eabi/4.9.3/../../../../arm-none-eabi/lib/armv7-m\libc.a(lib_a-lseekr.o)
                0x0000707c                _lseek_r
 .text.memmove  0x000070a4       0xc8 c:/nxp/lpcxpresso_8.0.0_526/lpcxpresso/tools/bin/../lib/gcc/arm-none-eabi/4.9.3/../../../../arm-none-eabi/lib/armv7-m\libc.a(lib_a-memmove.o)
                0x000070a4                memmove
 .text._read_r  0x0000716c       0x28 c:/nxp/lpcxpresso_8.0.0_526/lpcxpresso/tools/bin/../lib/gcc/arm-none-eabi/4.9.3/../../../../arm-none-eabi/lib/armv7-m\libc.a(lib_a-readr.o)
                0x0000716c                _read_r
 .text._realloc_r
                0x00007194      0x3e0 c:/nxp/lpcxpresso_8.0.0_526/lpcxpresso/tools/bin/../lib/gcc/arm-none-eabi/4.9.3/../../../../arm-none-eabi/lib/armv7-m\libc.a(lib_a-reallocr.o)
                0x00007194                _realloc_r
 .text.__swbuf_r
                0x00007574       0xa8 c:/nxp/lpcxpresso_8.0.0_526/lpcxpresso/tools/bin/../lib/gcc/arm-none-eabi/4.9.3/../../../../arm-none-eabi/lib/armv7-m\libc.a(lib_a-wbuf.o)
                0x00007574                __swbuf_r
 .text._wcrtomb_r
                0x0000761c       0x54 c:/nxp/lpcxpresso_8.0.0_526/lpcxpresso/tools/bin/../lib/gcc/arm-none-eabi/4.9.3/../../../../arm-none-eabi/lib/armv7-m\libc.a(lib_a-wcrtomb.o)
                0x0000761c                _wcrtomb_r
 .text.__ascii_wctomb
                0x00007670       0x1c c:/nxp/lpcxpresso_8.0.0_526/lpcxpresso/tools/bin/../lib/gcc/arm-none-eabi/4.9.3/../../../../arm-none-eabi/lib/armv7-m\libc.a(lib_a-wctomb_r.o)
                0x00007670                __ascii_wctomb
 .text._sbrk    0x0000768c       0x3c c:/nxp/lpcxpresso_8.0.0_526/lpcxpresso/tools/bin/../lib/gcc/arm-none-eabi/4.9.3/../../../../arm-none-eabi/lib/armv7-m\libcr_newlib_nohost.a(_cr_sbrk.o)
                0x0000768c                _sbrk
 .text._close   0x000076c8       0x10 c:/nxp/lpcxpresso_8.0.0_526/lpcxpresso/tools/bin/../lib/gcc/arm-none-eabi/4.9.3/../../../../arm-none-eabi/lib/armv7-m\libcr_newlib_nohost.a(close.o)
                0x000076c8                _close
 .text._fstat   0x000076d8       0x10 c:/nxp/lpcxpresso_8.0.0_526/lpcxpresso/tools/bin/../lib/gcc/arm-none-eabi/4.9.3/../../../../arm-none-eabi/lib/armv7-m\libcr_newlib_nohost.a(fstat.o)
                0x000076d8                _fstat
 .text._isatty  0x000076e8       0x10 c:/nxp/lpcxpresso_8.0.0_526/lpcxpresso/tools/bin/../lib/gcc/arm-none-eabi/4.9.3/../../../../arm-none-eabi/lib/armv7-m\libcr_newlib_nohost.a(isatty.o)
                0x000076e8                _isatty
 .text._lseek   0x000076f8       0x10 c:/nxp/lpcxpresso_8.0.0_526/lpcxpresso/tools/bin/../lib/gcc/arm-none-eabi/4.9.3/../../../../arm-none-eabi/lib/armv7-m\libcr_newlib_nohost.a(lseek.o)
                0x000076f8                _lseek
 .text.__check_heap_overflow
                0x00007708       0x18 c:/nxp/lpcxpresso_8.0.0_526/lpcxpresso/tools/bin/../lib/gcc/arm-none-eabi/4.9.3/../../../../arm-none-eabi/lib/armv7-m\libcr_newlib_nohost.a(_cr_check_heap.o)
                0x00007708                __check_heap_overflow
 .text          0x00007720       0x5c c:/nxp/lpcxpresso_8.0.0_526/lpcxpresso/tools/bin/../lib/gcc/arm-none-eabi/4.9.3/armv7-m\crtbegin.o
 .text          0x0000777c      0x370 c:/nxp/lpcxpresso_8.0.0_526/lpcxpresso/tools/bin/../lib/gcc/arm-none-eabi/4.9.3/armv7-m\libgcc.a(_arm_addsubdf3.o)
                0x0000777c                __aeabi_drsub
                0x00007784                __aeabi_dsub
                0x00007784                __subdf3
                0x00007788                __aeabi_dadd
                0x00007788                __adddf3
                0x00007a00                __floatunsidf
                0x00007a00                __aeabi_ui2d
                0x00007a20                __floatsidf
                0x00007a20                __aeabi_i2d
                0x00007a44                __aeabi_f2d
                0x00007a44                __extendsfdf2
                0x00007a80                __floatundidf
                0x00007a80                __aeabi_ul2d
                0x00007a90                __floatdidf
                0x00007a90                __aeabi_l2d
 .text          0x00007aec      0x424 c:/nxp/lpcxpresso_8.0.0_526/lpcxpresso/tools/bin/../lib/gcc/arm-none-eabi/4.9.3/armv7-m\libgcc.a(_arm_muldivdf3.o)
                0x00007aec                __aeabi_dmul
                0x00007aec                __muldf3
                0x00007d40                __divdf3
                0x00007d40                __aeabi_ddiv
 .text          0x00007f10      0x110 c:/nxp/lpcxpresso_8.0.0_526/lpcxpresso/tools/bin/../lib/gcc/arm-none-eabi/4.9.3/armv7-m\libgcc.a(_arm_cmpdf2.o)
                0x00007f10                __gtdf2
                0x00007f10                __gedf2
                0x00007f18                __ltdf2
                0x00007f18                __ledf2
                0x00007f20                __nedf2
                0x00007f20                __eqdf2
                0x00007f20                __cmpdf2
                0x00007f9c                __aeabi_cdrcmple
                0x00007fac                __aeabi_cdcmpeq
                0x00007fac                __aeabi_cdcmple
                0x00007fbc                __aeabi_dcmpeq
                0x00007fd0                __aeabi_dcmplt
                0x00007fe4                __aeabi_dcmple
                0x00007ff8                __aeabi_dcmpge
                0x0000800c                __aeabi_dcmpgt
 .text          0x00008020       0x50 c:/nxp/lpcxpresso_8.0.0_526/lpcxpresso/tools/bin/../lib/gcc/arm-none-eabi/4.9.3/armv7-m\libgcc.a(_arm_fixdfsi.o)
                0x00008020                __aeabi_d2iz
                0x00008020                __fixdfsi
 .text.__errno  0x00008070        0xc c:/nxp/lpcxpresso_8.0.0_526/lpcxpresso/tools/bin/../lib/gcc/arm-none-eabi/4.9.3/../../../../arm-none-eabi/lib/armv7-m\libc.a(lib_a-errno.o)
                0x00008070                __errno
 *(.rodata .rodata.* .constdata .constdata.*)
 *fill*         0x0000807c        0x4 
 .rodata._ZTV10SerialPort
                0x00008080       0x10 ./src/SerialPort.o
                0x00008080                vtable for SerialPort
 .rodata        0x00008090       0x80 ./src/uart_test.o
 .rodata.OscRateIn
                0x00008110        0x4 C:\Users\netzky\Documents\LPCXpresso_8.0.0_526\workspace\lpc_board_nxp_lpcxpresso_1549\Debug\liblpc_board_nxp_lpcxpresso_1549.a(board.o)
                0x00008110                OscRateIn
 .rodata.RTCOscRateIn
                0x00008114        0x4 C:\Users\netzky\Documents\LPCXpresso_8.0.0_526\workspace\lpc_board_nxp_lpcxpresso_1549\Debug\liblpc_board_nxp_lpcxpresso_1549.a(board.o)
                0x00008114                RTCOscRateIn
 .rodata.ledpins
                0x00008118        0x3 C:\Users\netzky\Documents\LPCXpresso_8.0.0_526\workspace\lpc_board_nxp_lpcxpresso_1549\Debug\liblpc_board_nxp_lpcxpresso_1549.a(board.o)
 *fill*         0x0000811b        0x1 
 .rodata.ledports
                0x0000811c        0x3 C:\Users\netzky\Documents\LPCXpresso_8.0.0_526\workspace\lpc_board_nxp_lpcxpresso_1549\Debug\liblpc_board_nxp_lpcxpresso_1549.a(board.o)
 *fill*         0x0000811f        0x1 
 .rodata.ioconSetup
                0x00008120       0x74 C:\Users\netzky\Documents\LPCXpresso_8.0.0_526\workspace\lpc_board_nxp_lpcxpresso_1549\Debug\liblpc_board_nxp_lpcxpresso_1549.a(board_sysinit.o)
 .rodata.swmSetup
                0x00008194        0x6 C:\Users\netzky\Documents\LPCXpresso_8.0.0_526\workspace\lpc_board_nxp_lpcxpresso_1549\Debug\liblpc_board_nxp_lpcxpresso_1549.a(board_sysinit.o)
 *fill*         0x0000819a        0x2 
 .rodata.zeroes.6926
                0x0000819c       0x10 c:/nxp/lpcxpresso_8.0.0_526/lpcxpresso/tools/bin/../lib/gcc/arm-none-eabi/4.9.3/../../../../arm-none-eabi/lib/armv7-m\libc.a(lib_a-vfprintf.o)
 .rodata.str1.4
                0x000081ac       0x42 c:/nxp/lpcxpresso_8.0.0_526/lpcxpresso/tools/bin/../lib/gcc/arm-none-eabi/4.9.3/../../../../arm-none-eabi/lib/armv7-m\libc.a(lib_a-vfprintf.o)
 *fill*         0x000081ee        0x2 
 .rodata.blanks.6925
                0x000081f0       0x10 c:/nxp/lpcxpresso_8.0.0_526/lpcxpresso/tools/bin/../lib/gcc/arm-none-eabi/4.9.3/../../../../arm-none-eabi/lib/armv7-m\libc.a(lib_a-vfprintf.o)
 .rodata.str1.4
                0x00008200       0x10 c:/nxp/lpcxpresso_8.0.0_526/lpcxpresso/tools/bin/../lib/gcc/arm-none-eabi/4.9.3/../../../../arm-none-eabi/lib/armv7-m\libc.a(lib_a-dtoa.o)
                                 0x12 (size before relaxing)
 .rodata.str1.4
                0x00008210        0x2 c:/nxp/lpcxpresso_8.0.0_526/lpcxpresso/tools/bin/../lib/gcc/arm-none-eabi/4.9.3/../../../../arm-none-eabi/lib/armv7-m\libc.a(lib_a-impure.o)
 *fill*         0x00008212        0x2 
 .rodata.str1.4
                0x00008214        0xc c:/nxp/lpcxpresso_8.0.0_526/lpcxpresso/tools/bin/../lib/gcc/arm-none-eabi/4.9.3/../../../../arm-none-eabi/lib/armv7-m\libc.a(lib_a-locale.o)
                                 0x12 (size before relaxing)
 .rodata.__mprec_tens
                0x00008220       0xc8 c:/nxp/lpcxpresso_8.0.0_526/lpcxpresso/tools/bin/../lib/gcc/arm-none-eabi/4.9.3/../../../../arm-none-eabi/lib/armv7-m\libc.a(lib_a-mprec.o)
                0x00008220                __mprec_tens
 .rodata.p05.5302
                0x000082e8        0xc c:/nxp/lpcxpresso_8.0.0_526/lpcxpresso/tools/bin/../lib/gcc/arm-none-eabi/4.9.3/../../../../arm-none-eabi/lib/armv7-m\libc.a(lib_a-mprec.o)
 *fill*         0x000082f4        0x4 
 .rodata.__mprec_bigtens
                0x000082f8       0x28 c:/nxp/lpcxpresso_8.0.0_526/lpcxpresso/tools/bin/../lib/gcc/arm-none-eabi/4.9.3/../../../../arm-none-eabi/lib/armv7-m\libc.a(lib_a-mprec.o)
                0x000082f8                __mprec_bigtens
                0x00008320                . = ALIGN (0x4)
                0x00008320                . = ALIGN (0x4)
 *(.init)
 .init          0x00008320        0x4 c:/nxp/lpcxpresso_8.0.0_526/lpcxpresso/tools/bin/../lib/gcc/arm-none-eabi/4.9.3/armv7-m\crti.o
                0x00008320                _init
 .init          0x00008324        0x8 c:/nxp/lpcxpresso_8.0.0_526/lpcxpresso/tools/bin/../lib/gcc/arm-none-eabi/4.9.3/armv7-m\crtn.o
                0x0000832c                . = ALIGN (0x4)
                0x0000832c                __preinit_array_start = .
 *(.preinit_array)
                0x0000832c                __preinit_array_end = .
                0x0000832c                . = ALIGN (0x4)
                0x0000832c                __init_array_start = .
 *(SORT(.init_array.*))
 *(.init_array)
 .init_array    0x0000832c        0x4 c:/nxp/lpcxpresso_8.0.0_526/lpcxpresso/tools/bin/../lib/gcc/arm-none-eabi/4.9.3/armv7-m\crtbegin.o
                0x00008330                __init_array_end = .
 *(.fini)
 .fini          0x00008330        0x4 c:/nxp/lpcxpresso_8.0.0_526/lpcxpresso/tools/bin/../lib/gcc/arm-none-eabi/4.9.3/armv7-m\crti.o
                0x00008330                _fini
 .fini          0x00008334        0x8 c:/nxp/lpcxpresso_8.0.0_526/lpcxpresso/tools/bin/../lib/gcc/arm-none-eabi/4.9.3/armv7-m\crtn.o
                0x0000833c                . = ALIGN (0x4)
 *crtbegin.o(.ctors)
 *(EXCLUDE_FILE(*crtend.o) .ctors)
 *(SORT(.ctors.*))
 *crtend.o(.ctors)
                0x0000833c                . = ALIGN (0x4)
 *crtbegin.o(.dtors)
 *(EXCLUDE_FILE(*crtend.o) .dtors)
 *(SORT(.dtors.*))
 *crtend.o(.dtors)
                0x0000833c                . = ALIGN (0x4)

.glue_7         0x0000833c        0x0
 .glue_7        0x00000000        0x0 linker stubs

.glue_7t        0x0000833c        0x0
 .glue_7t       0x00000000        0x0 linker stubs

.vfp11_veneer   0x0000833c        0x0
 .vfp11_veneer  0x00000000        0x0 linker stubs

.v4_bx          0x0000833c        0x0
 .v4_bx         0x00000000        0x0 linker stubs

.iplt           0x0000833c        0x0
 .iplt          0x00000000        0x0 ./src/Hiekkalaatikko.o

.ARM.extab
 *(.ARM.extab* .gnu.linkonce.armextab.*)
                0x0000833c                __exidx_start = .

.ARM.exidx      0x0000833c        0x8
 *(.ARM.exidx* .gnu.linkonce.armexidx.*)
 .ARM.exidx     0x0000833c        0x8 c:/nxp/lpcxpresso_8.0.0_526/lpcxpresso/tools/bin/../lib/gcc/arm-none-eabi/4.9.3/armv7-m\libgcc.a(_divdi3.o)
 .ARM.exidx     0x00008344        0x0 c:/nxp/lpcxpresso_8.0.0_526/lpcxpresso/tools/bin/../lib/gcc/arm-none-eabi/4.9.3/armv7-m\libgcc.a(_udivdi3.o)
                                  0x8 (size before relaxing)
                0x00008344                __exidx_end = .
                0x00008344                _etext = .

.rel.dyn        0x00008344        0x0
 .rel.iplt      0x00000000        0x0 ./src/Hiekkalaatikko.o

.eh_frame       0x00008344        0x0
 .eh_frame      0x00008344        0x0 c:/nxp/lpcxpresso_8.0.0_526/lpcxpresso/tools/bin/../lib/gcc/arm-none-eabi/4.9.3/armv7-m\crtbegin.o

.data_RAM2      0x02004000        0x0 load address 0x00008344
 FILL mask 0xff
                0x02004000                PROVIDE (__start_data_RAM2, .)
 *(.ramfunc.$RAM2)
 *(.ramfunc.$Ram1_16)
 *(.data.$RAM2*)
 *(.data.$Ram1_16*)
                0x02004000                . = ALIGN (0x4)
                0x02004000                PROVIDE (__end_data_RAM2, .)

.data_RAM3      0x02008000        0x0 load address 0x00008344
 FILL mask 0xff
                0x02008000                PROVIDE (__start_data_RAM3, .)
 *(.ramfunc.$RAM3)
 *(.ramfunc.$Ram2_4)
 *(.data.$RAM3*)
 *(.data.$Ram2_4*)
                0x02008000                . = ALIGN (0x4)
                0x02008000                PROVIDE (__end_data_RAM3, .)

.uninit_RESERVED
                0x02000000        0x0
 *(.bss.$RESERVED*)
                0x02000000                . = ALIGN (0x4)
                0x02000000                _end_uninit_RESERVED = .

.data           0x02000000      0x8a4 load address 0x00008344
 FILL mask 0xff
                0x02000000                _data = .
 *(vtable)
 *(.ramfunc*)
 *(.data*)
 .data.ITM_RxBuffer
                0x02000000        0x4 ./src/retarget_itm.o
                0x02000000                ITM_RxBuffer
 .data.__malloc_av_
                0x02000004      0x408 c:/nxp/lpcxpresso_8.0.0_526/lpcxpresso/tools/bin/../lib/gcc/arm-none-eabi/4.9.3/../../../../arm-none-eabi/lib/armv7-m\libc.a(lib_a-mallocr.o)
                0x02000004                __malloc_av_
 .data.__malloc_trim_threshold
                0x0200040c        0x4 c:/nxp/lpcxpresso_8.0.0_526/lpcxpresso/tools/bin/../lib/gcc/arm-none-eabi/4.9.3/../../../../arm-none-eabi/lib/armv7-m\libc.a(lib_a-mallocr.o)
                0x0200040c                __malloc_trim_threshold
 .data.__malloc_sbrk_base
                0x02000410        0x4 c:/nxp/lpcxpresso_8.0.0_526/lpcxpresso/tools/bin/../lib/gcc/arm-none-eabi/4.9.3/../../../../arm-none-eabi/lib/armv7-m\libc.a(lib_a-mallocr.o)
                0x02000410                __malloc_sbrk_base
 *fill*         0x02000414        0x4 
 .data.impure_data
                0x02000418      0x428 c:/nxp/lpcxpresso_8.0.0_526/lpcxpresso/tools/bin/../lib/gcc/arm-none-eabi/4.9.3/../../../../arm-none-eabi/lib/armv7-m\libc.a(lib_a-impure.o)
 .data._impure_ptr
                0x02000840        0x4 c:/nxp/lpcxpresso_8.0.0_526/lpcxpresso/tools/bin/../lib/gcc/arm-none-eabi/4.9.3/../../../../arm-none-eabi/lib/armv7-m\libc.a(lib_a-impure.o)
                0x02000840                _impure_ptr
 .data.lconv    0x02000844       0x38 c:/nxp/lpcxpresso_8.0.0_526/lpcxpresso/tools/bin/../lib/gcc/arm-none-eabi/4.9.3/../../../../arm-none-eabi/lib/armv7-m\libc.a(lib_a-locale.o)
 .data.lc_ctype_charset
                0x0200087c       0x20 c:/nxp/lpcxpresso_8.0.0_526/lpcxpresso/tools/bin/../lib/gcc/arm-none-eabi/4.9.3/../../../../arm-none-eabi/lib/armv7-m\libc.a(lib_a-locale.o)
 .data.__mb_cur_max
                0x0200089c        0x4 c:/nxp/lpcxpresso_8.0.0_526/lpcxpresso/tools/bin/../lib/gcc/arm-none-eabi/4.9.3/../../../../arm-none-eabi/lib/armv7-m\libc.a(lib_a-locale.o)
                0x0200089c                __mb_cur_max
 .data.__wctomb
                0x020008a0        0x4 c:/nxp/lpcxpresso_8.0.0_526/lpcxpresso/tools/bin/../lib/gcc/arm-none-eabi/4.9.3/../../../../arm-none-eabi/lib/armv7-m\libc.a(lib_a-wctomb_r.o)
                0x020008a0                __wctomb
                0x020008a4                . = ALIGN (0x4)
                0x020008a4                _edata = .

.igot.plt       0x020008a4        0x0 load address 0x00008be8
 .igot.plt      0x00000000        0x0 ./src/Hiekkalaatikko.o

.jcr            0x020008a4        0x0 load address 0x00008be8
 .jcr           0x020008a4        0x0 c:/nxp/lpcxpresso_8.0.0_526/lpcxpresso/tools/bin/../lib/gcc/arm-none-eabi/4.9.3/armv7-m\crtbegin.o

.bss_RAM2       0x02004000        0x0
                0x02004000                PROVIDE (__start_bss_RAM2, .)
 *(.bss.$RAM2*)
 *(.bss.$Ram1_16*)
                0x02004000                . = ALIGN ((. != 0x0)?0x4:0x1)
                0x02004000                PROVIDE (__end_bss_RAM2, .)

.bss_RAM3       0x02008000        0x0
                0x02008000                PROVIDE (__start_bss_RAM3, .)
 *(.bss.$RAM3*)
 *(.bss.$Ram2_4*)
                0x02008000                . = ALIGN ((. != 0x0)?0x4:0x1)
                0x02008000                PROVIDE (__end_bss_RAM3, .)

.bss            0x020008a4       0x6c
                0x020008a4                _bss = .
 *(.bss*)
 .bss._ZL7rxring1
                0x020008a4        0x4 ./src/SerialPort.o
 .bss._ZL7txring1
                0x020008a8        0x4 ./src/SerialPort.o
 .bss._ZL7counter
                0x020008ac        0x4 ./src/uart_test.o
 .bss._ZL8systicks
                0x020008b0        0x4 ./src/uart_test.o
 .bss.__malloc_max_total_mem
                0x020008b4        0x4 c:/nxp/lpcxpresso_8.0.0_526/lpcxpresso/tools/bin/../lib/gcc/arm-none-eabi/4.9.3/../../../../arm-none-eabi/lib/armv7-m\libc.a(lib_a-mallocr.o)
                0x020008b4                __malloc_max_total_mem
 .bss.__malloc_max_sbrked_mem
                0x020008b8        0x4 c:/nxp/lpcxpresso_8.0.0_526/lpcxpresso/tools/bin/../lib/gcc/arm-none-eabi/4.9.3/../../../../arm-none-eabi/lib/armv7-m\libc.a(lib_a-mallocr.o)
                0x020008b8                __malloc_max_sbrked_mem
 .bss.__malloc_top_pad
                0x020008bc        0x4 c:/nxp/lpcxpresso_8.0.0_526/lpcxpresso/tools/bin/../lib/gcc/arm-none-eabi/4.9.3/../../../../arm-none-eabi/lib/armv7-m\libc.a(lib_a-mallocr.o)
                0x020008bc                __malloc_top_pad
 .bss.__malloc_current_mallinfo
                0x020008c0       0x28 c:/nxp/lpcxpresso_8.0.0_526/lpcxpresso/tools/bin/../lib/gcc/arm-none-eabi/4.9.3/../../../../arm-none-eabi/lib/armv7-m\libc.a(lib_a-mallocr.o)
                0x020008c0                __malloc_current_mallinfo
 .bss           0x020008e8       0x1c c:/nxp/lpcxpresso_8.0.0_526/lpcxpresso/tools/bin/../lib/gcc/arm-none-eabi/4.9.3/armv7-m\crtbegin.o
 *(COMMON)
 COMMON         0x02000904        0x4 C:\Users\netzky\Documents\LPCXpresso_8.0.0_526\workspace\lpc_chip_15xx\Debug\liblpc_chip_15xx.a(chip_15xx.o)
                0x02000904                SystemCoreClock
 COMMON         0x02000908        0x4 c:/nxp/lpcxpresso_8.0.0_526/lpcxpresso/tools/bin/../lib/gcc/arm-none-eabi/4.9.3/../../../../arm-none-eabi/lib/armv7-m\libc.a(lib_a-reent.o)
                0x02000908                errno
 COMMON         0x0200090c        0x4 c:/nxp/lpcxpresso_8.0.0_526/lpcxpresso/tools/bin/../lib/gcc/arm-none-eabi/4.9.3/../../../../arm-none-eabi/lib/armv7-m\libcr_newlib_nohost.a(_cr_sbrk.o)
                0x0200090c                __end_of_heap
                0x02000910                . = ALIGN (0x4)
                0x02000910                _ebss = .
                0x02000910                PROVIDE (end, .)

.noinit_RAM2    0x02004000        0x0
 *(.noinit.$RAM2*)
 *(.noinit.$Ram1_16*)
                0x02004000                . = ALIGN (0x4)

.noinit_RAM3    0x02008000        0x0
 *(.noinit.$RAM3*)
 *(.noinit.$Ram2_4*)
                0x02008000                . = ALIGN (0x4)

.noinit         0x02000910        0x0
                0x02000910                _noinit = .
 *(.noinit*)
                0x02000910                . = ALIGN (0x4)
                0x02000910                _end_noinit = .
                0x02000910                PROVIDE (_pvHeapStart, DEFINED (__user_heap_base)?__user_heap_base:.)
                0x02004000                PROVIDE (_vStackTop, DEFINED (__user_stack_top)?__user_stack_top:(__top_Ram0_16 - 0x0))
                0xfdffb2b6                PROVIDE (__valid_user_code_checksum, (0x0 - ((((((_vStackTop + (ResetISR + 0x1)) + (NMI_Handler + 0x1)) + (HardFault_Handler + 0x1)) + (DEFINED (MemManage_Handler)?MemManage_Handler:0x0 + 0x1)) + (DEFINED (BusFault_Handler)?BusFault_Handler:0x0 + 0x1)) + (DEFINED (UsageFault_Handler)?UsageFault_Handler:0x0 + 0x1))))
OUTPUT(Hiekkalaatikko.axf elf32-littlearm)

.debug_info     0x00000000     0x9bed
 .debug_info    0x00000000     0x11cf ./src/ModbusMaster.o
 .debug_info    0x000011cf      0xd28 ./src/SerialPort.o
 .debug_info    0x00001ef7      0x1aa ./src/cr_cpp_config.o
 .debug_info    0x000020a1      0x29a ./src/cr_startup_lpc15xx.o
 .debug_info    0x0000233b      0x18f ./src/retarget_itm.o
 .debug_info    0x000024ca       0xe7 ./src/sysinit.o
 .debug_info    0x000025b1     0x19f0 ./src/uart_test.o
 .debug_info    0x00003fa1      0xac8 C:\Users\netzky\Documents\LPCXpresso_8.0.0_526\workspace\lpc_board_nxp_lpcxpresso_1549\Debug\liblpc_board_nxp_lpcxpresso_1549.a(board.o)
 .debug_info    0x00004a69      0xc94 C:\Users\netzky\Documents\LPCXpresso_8.0.0_526\workspace\lpc_board_nxp_lpcxpresso_1549\Debug\liblpc_board_nxp_lpcxpresso_1549.a(board_sysinit.o)
 .debug_info    0x000056fd      0x965 C:\Users\netzky\Documents\LPCXpresso_8.0.0_526\workspace\lpc_chip_15xx\Debug\liblpc_chip_15xx.a(chip_15xx.o)
 .debug_info    0x00006062      0xd12 C:\Users\netzky\Documents\LPCXpresso_8.0.0_526\workspace\lpc_chip_15xx\Debug\liblpc_chip_15xx.a(clock_15xx.o)
 .debug_info    0x00006d74      0x612 C:\Users\netzky\Documents\LPCXpresso_8.0.0_526\workspace\lpc_chip_15xx\Debug\liblpc_chip_15xx.a(gpio_15xx.o)
 .debug_info    0x00007386      0x1f4 C:\Users\netzky\Documents\LPCXpresso_8.0.0_526\workspace\lpc_chip_15xx\Debug\liblpc_chip_15xx.a(iocon_15xx.o)
 .debug_info    0x0000757a      0x344 C:\Users\netzky\Documents\LPCXpresso_8.0.0_526\workspace\lpc_chip_15xx\Debug\liblpc_chip_15xx.a(ring_buffer.o)
 .debug_info    0x000078be      0x626 C:\Users\netzky\Documents\LPCXpresso_8.0.0_526\workspace\lpc_chip_15xx\Debug\liblpc_chip_15xx.a(swm_15xx.o)
 .debug_info    0x00007ee4      0x738 C:\Users\netzky\Documents\LPCXpresso_8.0.0_526\workspace\lpc_chip_15xx\Debug\liblpc_chip_15xx.a(sysctl_15xx.o)
 .debug_info    0x0000861c      0x71c C:\Users\netzky\Documents\LPCXpresso_8.0.0_526\workspace\lpc_chip_15xx\Debug\liblpc_chip_15xx.a(sysinit_15xx.o)
 .debug_info    0x00008d38      0x8cb C:\Users\netzky\Documents\LPCXpresso_8.0.0_526\workspace\lpc_chip_15xx\Debug\liblpc_chip_15xx.a(uart_15xx.o)
 .debug_info    0x00009603      0x12d c:/nxp/lpcxpresso_8.0.0_526/lpcxpresso/tools/bin/../lib/gcc/arm-none-eabi/4.9.3/../../../../arm-none-eabi/lib/armv7-m\libcr_newlib_nohost.a(_cr_sbrk.o)
 .debug_info    0x00009730       0xae c:/nxp/lpcxpresso_8.0.0_526/lpcxpresso/tools/bin/../lib/gcc/arm-none-eabi/4.9.3/../../../../arm-none-eabi/lib/armv7-m\libcr_newlib_nohost.a(close.o)
 .debug_info    0x000097de      0x22d c:/nxp/lpcxpresso_8.0.0_526/lpcxpresso/tools/bin/../lib/gcc/arm-none-eabi/4.9.3/../../../../arm-none-eabi/lib/armv7-m\libcr_newlib_nohost.a(fstat.o)
 .debug_info    0x00009a0b       0xae c:/nxp/lpcxpresso_8.0.0_526/lpcxpresso/tools/bin/../lib/gcc/arm-none-eabi/4.9.3/../../../../arm-none-eabi/lib/armv7-m\libcr_newlib_nohost.a(isatty.o)
 .debug_info    0x00009ab9       0xca c:/nxp/lpcxpresso_8.0.0_526/lpcxpresso/tools/bin/../lib/gcc/arm-none-eabi/4.9.3/../../../../arm-none-eabi/lib/armv7-m\libcr_newlib_nohost.a(lseek.o)
 .debug_info    0x00009b83       0x6a c:/nxp/lpcxpresso_8.0.0_526/lpcxpresso/tools/bin/../lib/gcc/arm-none-eabi/4.9.3/../../../../arm-none-eabi/lib/armv7-m\libcr_newlib_nohost.a(_cr_check_heap.o)

.debug_abbrev   0x00000000     0x2276
 .debug_abbrev  0x00000000      0x2fe ./src/ModbusMaster.o
 .debug_abbrev  0x000002fe      0x35b ./src/SerialPort.o
 .debug_abbrev  0x00000659       0xf4 ./src/cr_cpp_config.o
 .debug_abbrev  0x0000074d       0xf0 ./src/cr_startup_lpc15xx.o
 .debug_abbrev  0x0000083d       0xad ./src/retarget_itm.o
 .debug_abbrev  0x000008ea       0x82 ./src/sysinit.o
 .debug_abbrev  0x0000096c      0x3d6 ./src/uart_test.o
 .debug_abbrev  0x00000d42      0x20a C:\Users\netzky\Documents\LPCXpresso_8.0.0_526\workspace\lpc_board_nxp_lpcxpresso_1549\Debug\liblpc_board_nxp_lpcxpresso_1549.a(board.o)
 .debug_abbrev  0x00000f4c      0x202 C:\Users\netzky\Documents\LPCXpresso_8.0.0_526\workspace\lpc_board_nxp_lpcxpresso_1549\Debug\liblpc_board_nxp_lpcxpresso_1549.a(board_sysinit.o)
 .debug_abbrev  0x0000114e      0x1ad C:\Users\netzky\Documents\LPCXpresso_8.0.0_526\workspace\lpc_chip_15xx\Debug\liblpc_chip_15xx.a(chip_15xx.o)
 .debug_abbrev  0x000012fb      0x281 C:\Users\netzky\Documents\LPCXpresso_8.0.0_526\workspace\lpc_chip_15xx\Debug\liblpc_chip_15xx.a(clock_15xx.o)
 .debug_abbrev  0x0000157c      0x166 C:\Users\netzky\Documents\LPCXpresso_8.0.0_526\workspace\lpc_chip_15xx\Debug\liblpc_chip_15xx.a(gpio_15xx.o)
 .debug_abbrev  0x000016e2      0x137 C:\Users\netzky\Documents\LPCXpresso_8.0.0_526\workspace\lpc_chip_15xx\Debug\liblpc_chip_15xx.a(iocon_15xx.o)
 .debug_abbrev  0x00001819      0x12d C:\Users\netzky\Documents\LPCXpresso_8.0.0_526\workspace\lpc_chip_15xx\Debug\liblpc_chip_15xx.a(ring_buffer.o)
 .debug_abbrev  0x00001946      0x13c C:\Users\netzky\Documents\LPCXpresso_8.0.0_526\workspace\lpc_chip_15xx\Debug\liblpc_chip_15xx.a(swm_15xx.o)
 .debug_abbrev  0x00001a82      0x129 C:\Users\netzky\Documents\LPCXpresso_8.0.0_526\workspace\lpc_chip_15xx\Debug\liblpc_chip_15xx.a(sysctl_15xx.o)
 .debug_abbrev  0x00001bab      0x186 C:\Users\netzky\Documents\LPCXpresso_8.0.0_526\workspace\lpc_chip_15xx\Debug\liblpc_chip_15xx.a(sysinit_15xx.o)
 .debug_abbrev  0x00001d31      0x1e2 C:\Users\netzky\Documents\LPCXpresso_8.0.0_526\workspace\lpc_chip_15xx\Debug\liblpc_chip_15xx.a(uart_15xx.o)
 .debug_abbrev  0x00001f13       0xf6 c:/nxp/lpcxpresso_8.0.0_526/lpcxpresso/tools/bin/../lib/gcc/arm-none-eabi/4.9.3/../../../../arm-none-eabi/lib/armv7-m\libcr_newlib_nohost.a(_cr_sbrk.o)
 .debug_abbrev  0x00002009       0x66 c:/nxp/lpcxpresso_8.0.0_526/lpcxpresso/tools/bin/../lib/gcc/arm-none-eabi/4.9.3/../../../../arm-none-eabi/lib/armv7-m\libcr_newlib_nohost.a(close.o)
 .debug_abbrev  0x0000206f       0xbb c:/nxp/lpcxpresso_8.0.0_526/lpcxpresso/tools/bin/../lib/gcc/arm-none-eabi/4.9.3/../../../../arm-none-eabi/lib/armv7-m\libcr_newlib_nohost.a(fstat.o)
 .debug_abbrev  0x0000212a       0x66 c:/nxp/lpcxpresso_8.0.0_526/lpcxpresso/tools/bin/../lib/gcc/arm-none-eabi/4.9.3/../../../../arm-none-eabi/lib/armv7-m\libcr_newlib_nohost.a(isatty.o)
 .debug_abbrev  0x00002190       0x84 c:/nxp/lpcxpresso_8.0.0_526/lpcxpresso/tools/bin/../lib/gcc/arm-none-eabi/4.9.3/../../../../arm-none-eabi/lib/armv7-m\libcr_newlib_nohost.a(lseek.o)
 .debug_abbrev  0x00002214       0x62 c:/nxp/lpcxpresso_8.0.0_526/lpcxpresso/tools/bin/../lib/gcc/arm-none-eabi/4.9.3/../../../../arm-none-eabi/lib/armv7-m\libcr_newlib_nohost.a(_cr_check_heap.o)

.debug_aranges  0x00000000      0x980
 .debug_aranges
                0x00000000      0x160 ./src/ModbusMaster.o
 .debug_aranges
                0x00000160       0xb8 ./src/SerialPort.o
 .debug_aranges
                0x00000218       0x48 ./src/cr_cpp_config.o
 .debug_aranges
                0x00000260       0x80 ./src/cr_startup_lpc15xx.o
 .debug_aranges
                0x000002e0       0x28 ./src/retarget_itm.o
 .debug_aranges
                0x00000308       0x20 ./src/sysinit.o
 .debug_aranges
                0x00000328       0x48 ./src/uart_test.o
 .debug_aranges
                0x00000370       0xd0 C:\Users\netzky\Documents\LPCXpresso_8.0.0_526\workspace\lpc_board_nxp_lpcxpresso_1549\Debug\liblpc_board_nxp_lpcxpresso_1549.a(board.o)
 .debug_aranges
                0x00000440       0x60 C:\Users\netzky\Documents\LPCXpresso_8.0.0_526\workspace\lpc_board_nxp_lpcxpresso_1549\Debug\liblpc_board_nxp_lpcxpresso_1549.a(board_sysinit.o)
 .debug_aranges
                0x000004a0       0x50 C:\Users\netzky\Documents\LPCXpresso_8.0.0_526\workspace\lpc_chip_15xx\Debug\liblpc_chip_15xx.a(chip_15xx.o)
 .debug_aranges
                0x000004f0      0x128 C:\Users\netzky\Documents\LPCXpresso_8.0.0_526\workspace\lpc_chip_15xx\Debug\liblpc_chip_15xx.a(clock_15xx.o)
 .debug_aranges
                0x00000618       0x70 C:\Users\netzky\Documents\LPCXpresso_8.0.0_526\workspace\lpc_chip_15xx\Debug\liblpc_chip_15xx.a(gpio_15xx.o)
 .debug_aranges
                0x00000688       0x28 C:\Users\netzky\Documents\LPCXpresso_8.0.0_526\workspace\lpc_chip_15xx\Debug\liblpc_chip_15xx.a(iocon_15xx.o)
 .debug_aranges
                0x000006b0       0x60 C:\Users\netzky\Documents\LPCXpresso_8.0.0_526\workspace\lpc_chip_15xx\Debug\liblpc_chip_15xx.a(ring_buffer.o)
 .debug_aranges
                0x00000710       0x40 C:\Users\netzky\Documents\LPCXpresso_8.0.0_526\workspace\lpc_chip_15xx\Debug\liblpc_chip_15xx.a(swm_15xx.o)
 .debug_aranges
                0x00000750       0x50 C:\Users\netzky\Documents\LPCXpresso_8.0.0_526\workspace\lpc_chip_15xx\Debug\liblpc_chip_15xx.a(sysctl_15xx.o)
 .debug_aranges
                0x000007a0       0x58 C:\Users\netzky\Documents\LPCXpresso_8.0.0_526\workspace\lpc_chip_15xx\Debug\liblpc_chip_15xx.a(sysinit_15xx.o)
 .debug_aranges
                0x000007f8       0xc8 C:\Users\netzky\Documents\LPCXpresso_8.0.0_526\workspace\lpc_chip_15xx\Debug\liblpc_chip_15xx.a(uart_15xx.o)
 .debug_aranges
                0x000008c0       0x20 c:/nxp/lpcxpresso_8.0.0_526/lpcxpresso/tools/bin/../lib/gcc/arm-none-eabi/4.9.3/../../../../arm-none-eabi/lib/armv7-m\libcr_newlib_nohost.a(_cr_sbrk.o)
 .debug_aranges
                0x000008e0       0x20 c:/nxp/lpcxpresso_8.0.0_526/lpcxpresso/tools/bin/../lib/gcc/arm-none-eabi/4.9.3/../../../../arm-none-eabi/lib/armv7-m\libcr_newlib_nohost.a(close.o)
 .debug_aranges
                0x00000900       0x20 c:/nxp/lpcxpresso_8.0.0_526/lpcxpresso/tools/bin/../lib/gcc/arm-none-eabi/4.9.3/../../../../arm-none-eabi/lib/armv7-m\libcr_newlib_nohost.a(fstat.o)
 .debug_aranges
                0x00000920       0x20 c:/nxp/lpcxpresso_8.0.0_526/lpcxpresso/tools/bin/../lib/gcc/arm-none-eabi/4.9.3/../../../../arm-none-eabi/lib/armv7-m\libcr_newlib_nohost.a(isatty.o)
 .debug_aranges
                0x00000940       0x20 c:/nxp/lpcxpresso_8.0.0_526/lpcxpresso/tools/bin/../lib/gcc/arm-none-eabi/4.9.3/../../../../arm-none-eabi/lib/armv7-m\libcr_newlib_nohost.a(lseek.o)
 .debug_aranges
                0x00000960       0x20 c:/nxp/lpcxpresso_8.0.0_526/lpcxpresso/tools/bin/../lib/gcc/arm-none-eabi/4.9.3/../../../../arm-none-eabi/lib/armv7-m\libcr_newlib_nohost.a(_cr_check_heap.o)

.debug_ranges   0x00000000      0x800
 .debug_ranges  0x00000000      0x150 ./src/ModbusMaster.o
 .debug_ranges  0x00000150       0xa8 ./src/SerialPort.o
 .debug_ranges  0x000001f8       0x38 ./src/cr_cpp_config.o
 .debug_ranges  0x00000230       0x70 ./src/cr_startup_lpc15xx.o
 .debug_ranges  0x000002a0       0x18 ./src/retarget_itm.o
 .debug_ranges  0x000002b8       0x10 ./src/sysinit.o
 .debug_ranges  0x000002c8       0x38 ./src/uart_test.o
 .debug_ranges  0x00000300       0xc0 C:\Users\netzky\Documents\LPCXpresso_8.0.0_526\workspace\lpc_board_nxp_lpcxpresso_1549\Debug\liblpc_board_nxp_lpcxpresso_1549.a(board.o)
 .debug_ranges  0x000003c0       0x50 C:\Users\netzky\Documents\LPCXpresso_8.0.0_526\workspace\lpc_board_nxp_lpcxpresso_1549\Debug\liblpc_board_nxp_lpcxpresso_1549.a(board_sysinit.o)
 .debug_ranges  0x00000410       0x40 C:\Users\netzky\Documents\LPCXpresso_8.0.0_526\workspace\lpc_chip_15xx\Debug\liblpc_chip_15xx.a(chip_15xx.o)
 .debug_ranges  0x00000450      0x118 C:\Users\netzky\Documents\LPCXpresso_8.0.0_526\workspace\lpc_chip_15xx\Debug\liblpc_chip_15xx.a(clock_15xx.o)
 .debug_ranges  0x00000568       0x60 C:\Users\netzky\Documents\LPCXpresso_8.0.0_526\workspace\lpc_chip_15xx\Debug\liblpc_chip_15xx.a(gpio_15xx.o)
 .debug_ranges  0x000005c8       0x18 C:\Users\netzky\Documents\LPCXpresso_8.0.0_526\workspace\lpc_chip_15xx\Debug\liblpc_chip_15xx.a(iocon_15xx.o)
 .debug_ranges  0x000005e0       0x50 C:\Users\netzky\Documents\LPCXpresso_8.0.0_526\workspace\lpc_chip_15xx\Debug\liblpc_chip_15xx.a(ring_buffer.o)
 .debug_ranges  0x00000630       0x30 C:\Users\netzky\Documents\LPCXpresso_8.0.0_526\workspace\lpc_chip_15xx\Debug\liblpc_chip_15xx.a(swm_15xx.o)
 .debug_ranges  0x00000660       0x40 C:\Users\netzky\Documents\LPCXpresso_8.0.0_526\workspace\lpc_chip_15xx\Debug\liblpc_chip_15xx.a(sysctl_15xx.o)
 .debug_ranges  0x000006a0       0x48 C:\Users\netzky\Documents\LPCXpresso_8.0.0_526\workspace\lpc_chip_15xx\Debug\liblpc_chip_15xx.a(sysinit_15xx.o)
 .debug_ranges  0x000006e8       0xb8 C:\Users\netzky\Documents\LPCXpresso_8.0.0_526\workspace\lpc_chip_15xx\Debug\liblpc_chip_15xx.a(uart_15xx.o)
 .debug_ranges  0x000007a0       0x10 c:/nxp/lpcxpresso_8.0.0_526/lpcxpresso/tools/bin/../lib/gcc/arm-none-eabi/4.9.3/../../../../arm-none-eabi/lib/armv7-m\libcr_newlib_nohost.a(_cr_sbrk.o)
 .debug_ranges  0x000007b0       0x10 c:/nxp/lpcxpresso_8.0.0_526/lpcxpresso/tools/bin/../lib/gcc/arm-none-eabi/4.9.3/../../../../arm-none-eabi/lib/armv7-m\libcr_newlib_nohost.a(close.o)
 .debug_ranges  0x000007c0       0x10 c:/nxp/lpcxpresso_8.0.0_526/lpcxpresso/tools/bin/../lib/gcc/arm-none-eabi/4.9.3/../../../../arm-none-eabi/lib/armv7-m\libcr_newlib_nohost.a(fstat.o)
 .debug_ranges  0x000007d0       0x10 c:/nxp/lpcxpresso_8.0.0_526/lpcxpresso/tools/bin/../lib/gcc/arm-none-eabi/4.9.3/../../../../arm-none-eabi/lib/armv7-m\libcr_newlib_nohost.a(isatty.o)
 .debug_ranges  0x000007e0       0x10 c:/nxp/lpcxpresso_8.0.0_526/lpcxpresso/tools/bin/../lib/gcc/arm-none-eabi/4.9.3/../../../../arm-none-eabi/lib/armv7-m\libcr_newlib_nohost.a(lseek.o)
 .debug_ranges  0x000007f0       0x10 c:/nxp/lpcxpresso_8.0.0_526/lpcxpresso/tools/bin/../lib/gcc/arm-none-eabi/4.9.3/../../../../arm-none-eabi/lib/armv7-m\libcr_newlib_nohost.a(_cr_check_heap.o)

.debug_macro    0x00000000     0x5170
 .debug_macro   0x00000000      0x3b3 ./src/ModbusMaster.o
 .debug_macro   0x000003b3       0x10 ./src/ModbusMaster.o
 .debug_macro   0x000003c3       0xef ./src/ModbusMaster.o
 .debug_macro   0x000004b2      0x337 ./src/ModbusMaster.o
 .debug_macro   0x000007e9      0x166 ./src/ModbusMaster.o
 .debug_macro   0x0000094f       0x74 ./src/ModbusMaster.o
 .debug_macro   0x000009c3       0x11 ./src/ModbusMaster.o
 .debug_macro   0x000009d4       0x35 ./src/ModbusMaster.o
 .debug_macro   0x00000a09      0x376 ./src/SerialPort.o
 .debug_macro   0x00000d7f       0xe2 ./src/cr_cpp_config.o
 .debug_macro   0x00000e61       0x16 ./src/cr_cpp_config.o
 .debug_macro   0x00000e77      0x10e ./src/cr_cpp_config.o
 .debug_macro   0x00000f85       0x7f ./src/cr_cpp_config.o
 .debug_macro   0x00001004       0x4a ./src/cr_cpp_config.o
 .debug_macro   0x0000104e       0x16 ./src/cr_cpp_config.o
 .debug_macro   0x00001064       0x29 ./src/cr_cpp_config.o
 .debug_macro   0x0000108d       0x23 ./src/cr_startup_lpc15xx.o
 .debug_macro   0x000010b0       0x90 ./src/retarget_itm.o
 .debug_macro   0x00001140      0x354 ./src/sysinit.o
 .debug_macro   0x00001494       0x22 ./src/sysinit.o
 .debug_macro   0x000014b6      0xa7d ./src/sysinit.o
 .debug_macro   0x00001f33       0x9c ./src/sysinit.o
 .debug_macro   0x00001fcf       0x97 ./src/sysinit.o
 .debug_macro   0x00002066      0x29d ./src/sysinit.o
 .debug_macro   0x00002303       0xef ./src/sysinit.o
 .debug_macro   0x000023f2       0x43 ./src/sysinit.o
 .debug_macro   0x00002435      0x3db ./src/uart_test.o
 .debug_macro   0x00002810       0x16 ./src/uart_test.o
 .debug_macro   0x00002826       0x8e ./src/uart_test.o
 .debug_macro   0x000028b4      0x100 ./src/uart_test.o
 .debug_macro   0x000029b4      0x284 C:\Users\netzky\Documents\LPCXpresso_8.0.0_526\workspace\lpc_board_nxp_lpcxpresso_1549\Debug\liblpc_board_nxp_lpcxpresso_1549.a(board.o)
 .debug_macro   0x00002c38      0x874 C:\Users\netzky\Documents\LPCXpresso_8.0.0_526\workspace\lpc_board_nxp_lpcxpresso_1549\Debug\liblpc_board_nxp_lpcxpresso_1549.a(board.o)
 .debug_macro   0x000034ac       0x10 C:\Users\netzky\Documents\LPCXpresso_8.0.0_526\workspace\lpc_board_nxp_lpcxpresso_1549\Debug\liblpc_board_nxp_lpcxpresso_1549.a(board.o)
 .debug_macro   0x000034bc      0x12d C:\Users\netzky\Documents\LPCXpresso_8.0.0_526\workspace\lpc_board_nxp_lpcxpresso_1549\Debug\liblpc_board_nxp_lpcxpresso_1549.a(board.o)
 .debug_macro   0x000035e9      0x5b2 C:\Users\netzky\Documents\LPCXpresso_8.0.0_526\workspace\lpc_board_nxp_lpcxpresso_1549\Debug\liblpc_board_nxp_lpcxpresso_1549.a(board.o)
 .debug_macro   0x00003b9b       0x22 C:\Users\netzky\Documents\LPCXpresso_8.0.0_526\workspace\lpc_board_nxp_lpcxpresso_1549\Debug\liblpc_board_nxp_lpcxpresso_1549.a(board.o)
 .debug_macro   0x00003bbd       0x9a C:\Users\netzky\Documents\LPCXpresso_8.0.0_526\workspace\lpc_board_nxp_lpcxpresso_1549\Debug\liblpc_board_nxp_lpcxpresso_1549.a(board.o)
 .debug_macro   0x00003c57       0x12 C:\Users\netzky\Documents\LPCXpresso_8.0.0_526\workspace\lpc_board_nxp_lpcxpresso_1549\Debug\liblpc_board_nxp_lpcxpresso_1549.a(board.o)
 .debug_macro   0x00003c69      0x288 C:\Users\netzky\Documents\LPCXpresso_8.0.0_526\workspace\lpc_board_nxp_lpcxpresso_1549\Debug\liblpc_board_nxp_lpcxpresso_1549.a(board_sysinit.o)
 .debug_macro   0x00003ef1      0x239 C:\Users\netzky\Documents\LPCXpresso_8.0.0_526\workspace\lpc_chip_15xx\Debug\liblpc_chip_15xx.a(chip_15xx.o)
 .debug_macro   0x0000412a      0x239 C:\Users\netzky\Documents\LPCXpresso_8.0.0_526\workspace\lpc_chip_15xx\Debug\liblpc_chip_15xx.a(clock_15xx.o)
 .debug_macro   0x00004363      0x239 C:\Users\netzky\Documents\LPCXpresso_8.0.0_526\workspace\lpc_chip_15xx\Debug\liblpc_chip_15xx.a(gpio_15xx.o)
 .debug_macro   0x0000459c      0x239 C:\Users\netzky\Documents\LPCXpresso_8.0.0_526\workspace\lpc_chip_15xx\Debug\liblpc_chip_15xx.a(iocon_15xx.o)
 .debug_macro   0x000047d5       0x83 C:\Users\netzky\Documents\LPCXpresso_8.0.0_526\workspace\lpc_chip_15xx\Debug\liblpc_chip_15xx.a(ring_buffer.o)
 .debug_macro   0x00004858       0x10 C:\Users\netzky\Documents\LPCXpresso_8.0.0_526\workspace\lpc_chip_15xx\Debug\liblpc_chip_15xx.a(ring_buffer.o)
 .debug_macro   0x00004868      0x245 C:\Users\netzky\Documents\LPCXpresso_8.0.0_526\workspace\lpc_chip_15xx\Debug\liblpc_chip_15xx.a(swm_15xx.o)
 .debug_macro   0x00004aad      0x251 C:\Users\netzky\Documents\LPCXpresso_8.0.0_526\workspace\lpc_chip_15xx\Debug\liblpc_chip_15xx.a(sysctl_15xx.o)
 .debug_macro   0x00004cfe      0x239 C:\Users\netzky\Documents\LPCXpresso_8.0.0_526\workspace\lpc_chip_15xx\Debug\liblpc_chip_15xx.a(sysinit_15xx.o)
 .debug_macro   0x00004f37      0x239 C:\Users\netzky\Documents\LPCXpresso_8.0.0_526\workspace\lpc_chip_15xx\Debug\liblpc_chip_15xx.a(uart_15xx.o)

.debug_line     0x00000000     0x62ee
 .debug_line    0x00000000      0xc55 ./src/ModbusMaster.o
 .debug_line    0x00000c55      0x7e3 ./src/SerialPort.o
 .debug_line    0x00001438      0x282 ./src/cr_cpp_config.o
 .debug_line    0x000016ba       0xd5 ./src/cr_startup_lpc15xx.o
 .debug_line    0x0000178f      0x21b ./src/retarget_itm.o
 .debug_line    0x000019aa      0x60d ./src/sysinit.o
 .debug_line    0x00001fb7      0x828 ./src/uart_test.o
 .debug_line    0x000027df      0x6dc C:\Users\netzky\Documents\LPCXpresso_8.0.0_526\workspace\lpc_board_nxp_lpcxpresso_1549\Debug\liblpc_board_nxp_lpcxpresso_1549.a(board.o)
 .debug_line    0x00002ebb      0x59e C:\Users\netzky\Documents\LPCXpresso_8.0.0_526\workspace\lpc_board_nxp_lpcxpresso_1549\Debug\liblpc_board_nxp_lpcxpresso_1549.a(board_sysinit.o)
 .debug_line    0x00003459      0x4ba C:\Users\netzky\Documents\LPCXpresso_8.0.0_526\workspace\lpc_chip_15xx\Debug\liblpc_chip_15xx.a(chip_15xx.o)
 .debug_line    0x00003913      0x70b C:\Users\netzky\Documents\LPCXpresso_8.0.0_526\workspace\lpc_chip_15xx\Debug\liblpc_chip_15xx.a(clock_15xx.o)
 .debug_line    0x0000401e      0x50e C:\Users\netzky\Documents\LPCXpresso_8.0.0_526\workspace\lpc_chip_15xx\Debug\liblpc_chip_15xx.a(gpio_15xx.o)
 .debug_line    0x0000452c      0x45a C:\Users\netzky\Documents\LPCXpresso_8.0.0_526\workspace\lpc_chip_15xx\Debug\liblpc_chip_15xx.a(iocon_15xx.o)
 .debug_line    0x00004986      0x256 C:\Users\netzky\Documents\LPCXpresso_8.0.0_526\workspace\lpc_chip_15xx\Debug\liblpc_chip_15xx.a(ring_buffer.o)
 .debug_line    0x00004bdc      0x484 C:\Users\netzky\Documents\LPCXpresso_8.0.0_526\workspace\lpc_chip_15xx\Debug\liblpc_chip_15xx.a(swm_15xx.o)
 .debug_line    0x00005060      0x4ba C:\Users\netzky\Documents\LPCXpresso_8.0.0_526\workspace\lpc_chip_15xx\Debug\liblpc_chip_15xx.a(sysctl_15xx.o)
 .debug_line    0x0000551a      0x4ef C:\Users\netzky\Documents\LPCXpresso_8.0.0_526\workspace\lpc_chip_15xx\Debug\liblpc_chip_15xx.a(sysinit_15xx.o)
 .debug_line    0x00005a09      0x62e C:\Users\netzky\Documents\LPCXpresso_8.0.0_526\workspace\lpc_chip_15xx\Debug\liblpc_chip_15xx.a(uart_15xx.o)
 .debug_line    0x00006037      0x101 c:/nxp/lpcxpresso_8.0.0_526/lpcxpresso/tools/bin/../lib/gcc/arm-none-eabi/4.9.3/../../../../arm-none-eabi/lib/armv7-m\libcr_newlib_nohost.a(_cr_sbrk.o)
 .debug_line    0x00006138       0x40 c:/nxp/lpcxpresso_8.0.0_526/lpcxpresso/tools/bin/../lib/gcc/arm-none-eabi/4.9.3/../../../../arm-none-eabi/lib/armv7-m\libcr_newlib_nohost.a(close.o)
 .debug_line    0x00006178       0xa8 c:/nxp/lpcxpresso_8.0.0_526/lpcxpresso/tools/bin/../lib/gcc/arm-none-eabi/4.9.3/../../../../arm-none-eabi/lib/armv7-m\libcr_newlib_nohost.a(fstat.o)
 .debug_line    0x00006220       0x41 c:/nxp/lpcxpresso_8.0.0_526/lpcxpresso/tools/bin/../lib/gcc/arm-none-eabi/4.9.3/../../../../arm-none-eabi/lib/armv7-m\libcr_newlib_nohost.a(isatty.o)
 .debug_line    0x00006261       0x40 c:/nxp/lpcxpresso_8.0.0_526/lpcxpresso/tools/bin/../lib/gcc/arm-none-eabi/4.9.3/../../../../arm-none-eabi/lib/armv7-m\libcr_newlib_nohost.a(lseek.o)
 .debug_line    0x000062a1       0x4d c:/nxp/lpcxpresso_8.0.0_526/lpcxpresso/tools/bin/../lib/gcc/arm-none-eabi/4.9.3/../../../../arm-none-eabi/lib/armv7-m\libcr_newlib_nohost.a(_cr_check_heap.o)

.debug_str      0x00000000    0x18e7f
 .debug_str     0x00000000    0x13218 ./src/ModbusMaster.o
                              0x134d7 (size before relaxing)
 .debug_str     0x00013218      0xc06 ./src/SerialPort.o
                              0x1266a (size before relaxing)
 .debug_str     0x00013e1e      0x1ab ./src/cr_cpp_config.o
                               0x4e49 (size before relaxing)
 .debug_str     0x00013fc9      0x209 ./src/cr_startup_lpc15xx.o
                               0x2732 (size before relaxing)
 .debug_str     0x000141d2      0x353 ./src/retarget_itm.o
                               0x333b (size before relaxing)
 .debug_str     0x00014525       0xf9 ./src/sysinit.o
                              0x118cd (size before relaxing)
 .debug_str     0x0001461e      0xa55 ./src/uart_test.o
                              0x13e40 (size before relaxing)
 .debug_str     0x00015073     0x1cf9 C:\Users\netzky\Documents\LPCXpresso_8.0.0_526\workspace\lpc_board_nxp_lpcxpresso_1549\Debug\liblpc_board_nxp_lpcxpresso_1549.a(board.o)
                               0xff1f (size before relaxing)
 .debug_str     0x00016d6c      0x85d C:\Users\netzky\Documents\LPCXpresso_8.0.0_526\workspace\lpc_board_nxp_lpcxpresso_1549\Debug\liblpc_board_nxp_lpcxpresso_1549.a(board_sysinit.o)
                              0x10511 (size before relaxing)
 .debug_str     0x000175c9      0x159 C:\Users\netzky\Documents\LPCXpresso_8.0.0_526\workspace\lpc_chip_15xx\Debug\liblpc_chip_15xx.a(chip_15xx.o)
                               0xfc65 (size before relaxing)
 .debug_str     0x00017722      0x89d C:\Users\netzky\Documents\LPCXpresso_8.0.0_526\workspace\lpc_chip_15xx\Debug\liblpc_chip_15xx.a(clock_15xx.o)
                              0x10065 (size before relaxing)
 .debug_str     0x00017fbf       0xdf C:\Users\netzky\Documents\LPCXpresso_8.0.0_526\workspace\lpc_chip_15xx\Debug\liblpc_chip_15xx.a(gpio_15xx.o)
                               0xf712 (size before relaxing)
 .debug_str     0x0001809e       0x41 C:\Users\netzky\Documents\LPCXpresso_8.0.0_526\workspace\lpc_chip_15xx\Debug\liblpc_chip_15xx.a(iocon_15xx.o)
                               0xf22f (size before relaxing)
 .debug_str     0x000180df      0x11b C:\Users\netzky\Documents\LPCXpresso_8.0.0_526\workspace\lpc_chip_15xx\Debug\liblpc_chip_15xx.a(ring_buffer.o)
                               0x3fe7 (size before relaxing)
 .debug_str     0x000181fa      0x55d C:\Users\netzky\Documents\LPCXpresso_8.0.0_526\workspace\lpc_chip_15xx\Debug\liblpc_chip_15xx.a(swm_15xx.o)
                               0xfc37 (size before relaxing)
 .debug_str     0x00018757      0x183 C:\Users\netzky\Documents\LPCXpresso_8.0.0_526\workspace\lpc_chip_15xx\Debug\liblpc_chip_15xx.a(sysctl_15xx.o)
                               0xf71c (size before relaxing)
 .debug_str     0x000188da      0x13f C:\Users\netzky\Documents\LPCXpresso_8.0.0_526\workspace\lpc_chip_15xx\Debug\liblpc_chip_15xx.a(sysinit_15xx.o)
                               0xf70b (size before relaxing)
 .debug_str     0x00018a19      0x1a6 C:\Users\netzky\Documents\LPCXpresso_8.0.0_526\workspace\lpc_chip_15xx\Debug\liblpc_chip_15xx.a(uart_15xx.o)
                               0xf86e (size before relaxing)
 .debug_str     0x00018bbf      0x178 c:/nxp/lpcxpresso_8.0.0_526/lpcxpresso/tools/bin/../lib/gcc/arm-none-eabi/4.9.3/../../../../arm-none-eabi/lib/armv7-m\libcr_newlib_nohost.a(_cr_sbrk.o)
                                0x211 (size before relaxing)
 .debug_str     0x00018d37       0x16 c:/nxp/lpcxpresso_8.0.0_526/lpcxpresso/tools/bin/../lib/gcc/arm-none-eabi/4.9.3/../../../../arm-none-eabi/lib/armv7-m\libcr_newlib_nohost.a(close.o)
                                0x1b7 (size before relaxing)
 .debug_str     0x00018d4d       0xdf c:/nxp/lpcxpresso_8.0.0_526/lpcxpresso/tools/bin/../lib/gcc/arm-none-eabi/4.9.3/../../../../arm-none-eabi/lib/armv7-m\libcr_newlib_nohost.a(fstat.o)
                                0x2a4 (size before relaxing)
 .debug_str     0x00018e2c       0x18 c:/nxp/lpcxpresso_8.0.0_526/lpcxpresso/tools/bin/../lib/gcc/arm-none-eabi/4.9.3/../../../../arm-none-eabi/lib/armv7-m\libcr_newlib_nohost.a(isatty.o)
                                0x1b7 (size before relaxing)
 .debug_str     0x00018e44       0x16 c:/nxp/lpcxpresso_8.0.0_526/lpcxpresso/tools/bin/../lib/gcc/arm-none-eabi/4.9.3/../../../../arm-none-eabi/lib/armv7-m\libcr_newlib_nohost.a(lseek.o)
                                0x1b5 (size before relaxing)
 .debug_str     0x00018e5a       0x25 c:/nxp/lpcxpresso_8.0.0_526/lpcxpresso/tools/bin/../lib/gcc/arm-none-eabi/4.9.3/../../../../arm-none-eabi/lib/armv7-m\libcr_newlib_nohost.a(_cr_check_heap.o)
                                0x15f (size before relaxing)

.comment        0x00000000       0xe0
 .comment       0x00000000       0x70 ./src/ModbusMaster.o
                                 0x71 (size before relaxing)
 .comment       0x00000000       0x71 ./src/SerialPort.o
 .comment       0x00000000       0x71 ./src/cr_cpp_config.o