Archive member included because of file (symbol)

C:\Users\netzky\Documents\LPCXpresso_8.0.0_526\workspace\lpc_board_nxp_lpcxpresso_1549\Debug\liblpc_board_nxp_lpcxpresso_1549.a(board.o)
                              ./src/uart_test.o (Board_LED_Set)
C:\Users\netzky\Documents\LPCXpresso_8.0.0_526\workspace\lpc_board_nxp_lpcxpresso_1549\Debug\liblpc_board_nxp_lpcxpresso_1549.a(board_sysinit.o)
                              ./src/sysinit.o (Board_SystemInit)
C:\Users\netzky\Documents\LPCXpresso_8.0.0_526\workspace\lpc_chip_15xx\Debug\liblpc_chip_15xx.a(chip_15xx.o)
                              ./src/uart_test.o (SystemCoreClockUpdate)
C:\Users\netzky\Documents\LPCXpresso_8.0.0_526\workspace\lpc_chip_15xx\Debug\liblpc_chip_15xx.a(clock_15xx.o)
                              ./src/SerialPort.o (Chip_Clock_GetMainClockRate)
C:\Users\netzky\Documents\LPCXpresso_8.0.0_526\workspace\lpc_chip_15xx\Debug\liblpc_chip_15xx.a(gpio_15xx.o)
                              C:\Users\netzky\Documents\LPCXpresso_8.0.0_526\workspace\lpc_board_nxp_lpcxpresso_1549\Debug\liblpc_board_nxp_lpcxpresso_1549.a(board.o) (Chip_GPIO_Init)
C:\Users\netzky\Documents\LPCXpresso_8.0.0_526\workspace\lpc_chip_15xx\Debug\liblpc_chip_15xx.a(iocon_15xx.o)
                              C:\Users\netzky\Documents\LPCXpresso_8.0.0_526\workspace\lpc_board_nxp_lpcxpresso_1549\Debug\liblpc_board_nxp_lpcxpresso_1549.a(board_sysinit.o) (Chip_IOCON_SetPinMuxing)
C:\Users\netzky\Documents\LPCXpresso_8.0.0_526\workspace\lpc_chip_15xx\Debug\liblpc_chip_15xx.a(ring_buffer.o)
                              ./src/SerialPort.o (RingBuffer_Init)
C:\Users\netzky\Documents\LPCXpresso_8.0.0_526\workspace\lpc_chip_15xx\Debug\liblpc_chip_15xx.a(swm_15xx.o)
                              ./src/SerialPort.o (Chip_SWM_MovablePinAssign)
C:\Users\netzky\Documents\LPCXpresso_8.0.0_526\workspace\lpc_chip_15xx\Debug\liblpc_chip_15xx.a(sysctl_15xx.o)
                              C:\Users\netzky\Documents\LPCXpresso_8.0.0_526\workspace\lpc_board_nxp_lpcxpresso_1549\Debug\liblpc_board_nxp_lpcxpresso_1549.a(board_sysinit.o) (Chip_SYSCTL_AssertPeriphReset)
C:\Users\netzky\Documents\LPCXpresso_8.0.0_526\workspace\lpc_chip_15xx\Debug\liblpc_chip_15xx.a(sysinit_15xx.o)
                              C:\Users\netzky\Documents\LPCXpresso_8.0.0_526\workspace\lpc_board_nxp_lpcxpresso_1549\Debug\liblpc_board_nxp_lpcxpresso_1549.a(board_sysinit.o) (Chip_SetupXtalClocking)
C:\Users\netzky\Documents\LPCXpresso_8.0.0_526\workspace\lpc_chip_15xx\Debug\liblpc_chip_15xx.a(uart_15xx.o)
                              ./src/SerialPort.o (Chip_UART_Init)
c:/nxp/lpcxpresso_8.0.0_526/lpcxpresso/tools/bin/../lib/gcc/arm-none-eabi/4.9.3/armv7-m\libgcc.a(_aeabi_uldivmod.o)
                              C:\Users\netzky\Documents\LPCXpresso_8.0.0_526\workspace\lpc_chip_15xx\Debug\liblpc_chip_15xx.a(clock_15xx.o) (__aeabi_uldivmod)
c:/nxp/lpcxpresso_8.0.0_526/lpcxpresso/tools/bin/../lib/gcc/arm-none-eabi/4.9.3/armv7-m\libgcc.a(bpabi.o)
                              c:/nxp/lpcxpresso_8.0.0_526/lpcxpresso/tools/bin/../lib/gcc/arm-none-eabi/4.9.3/armv7-m\libgcc.a(_aeabi_uldivmod.o) (__gnu_uldivmod_helper)
c:/nxp/lpcxpresso_8.0.0_526/lpcxpresso/tools/bin/../lib/gcc/arm-none-eabi/4.9.3/armv7-m\libgcc.a(_dvmd_tls.o)
                              c:/nxp/lpcxpresso_8.0.0_526/lpcxpresso/tools/bin/../lib/gcc/arm-none-eabi/4.9.3/armv7-m\libgcc.a(_aeabi_uldivmod.o) (__aeabi_ldiv0)
c:/nxp/lpcxpresso_8.0.0_526/lpcxpresso/tools/bin/../lib/gcc/arm-none-eabi/4.9.3/armv7-m\libgcc.a(_divdi3.o)
                              c:/nxp/lpcxpresso_8.0.0_526/lpcxpresso/tools/bin/../lib/gcc/arm-none-eabi/4.9.3/armv7-m\libgcc.a(bpabi.o) (__divdi3)
c:/nxp/lpcxpresso_8.0.0_526/lpcxpresso/tools/bin/../lib/gcc/arm-none-eabi/4.9.3/armv7-m\libgcc.a(_udivdi3.o)
                              c:/nxp/lpcxpresso_8.0.0_526/lpcxpresso/tools/bin/../lib/gcc/arm-none-eabi/4.9.3/armv7-m\libgcc.a(bpabi.o) (__udivdi3)
c:/nxp/lpcxpresso_8.0.0_526/lpcxpresso/tools/bin/../lib/gcc/arm-none-eabi/4.9.3/../../../../arm-none-eabi/lib/armv7-m\libc.a(lib_a-init.o)
                              ./src/cr_startup_lpc15xx.o (__libc_init_array)
c:/nxp/lpcxpresso_8.0.0_526/lpcxpresso/tools/bin/../lib/gcc/arm-none-eabi/4.9.3/../../../../arm-none-eabi/lib/armv7-m\libc.a(lib_a-malloc.o)
                              ./src/cr_cpp_config.o (malloc)
c:/nxp/lpcxpresso_8.0.0_526/lpcxpresso/tools/bin/../lib/gcc/arm-none-eabi/4.9.3/../../../../arm-none-eabi/lib/armv7-m\libc.a(lib_a-mallocr.o)
                              c:/nxp/lpcxpresso_8.0.0_526/lpcxpresso/tools/bin/../lib/gcc/arm-none-eabi/4.9.3/../../../../arm-none-eabi/lib/armv7-m\libc.a(lib_a-malloc.o) (_malloc_r)
c:/nxp/lpcxpresso_8.0.0_526/lpcxpresso/tools/bin/../lib/gcc/arm-none-eabi/4.9.3/../../../../arm-none-eabi/lib/armv7-m\libc.a(lib_a-memcpy.o)
                              C:\Users\netzky\Documents\LPCXpresso_8.0.0_526\workspace\lpc_chip_15xx\Debug\liblpc_chip_15xx.a(ring_buffer.o) (memcpy)
[...]
Memory Configuration

Name             Origin             Length             Attributes
MFlash256        0x00000000         0x00040000         xr
Ram0_16          0x02000000         0x00004000         xrw
Ram1_16          0x02004000         0x00004000         xrw
Ram2_4           0x02008000         0x00001000         xrw
*default*        0x00000000         0xffffffff

Linker script and memory map

LOAD ./src/Hiekkalaatikko.o
LOAD ./src/ModbusMaster.o
LOAD ./src/SerialPort.o
LOAD ./src/cr_cpp_config.o
LOAD ./src/cr_startup_lpc15xx.o
LOAD ./src/crp.o
LOAD ./src/retarget_itm.o
LOAD ./src/sysinit.o
LOAD ./src/uart_test.o
LOAD C:\Users\netzky\Documents\LPCXpresso_8.0.0_526\workspace\lpc_board_nxp_lpcxpresso_1549\Debug\liblpc_board_nxp_lpcxpresso_1549.a
LOAD C:\Users\netzky\Documents\LPCXpresso_8.0.0_526\workspace\lpc_chip_15xx\Debug\liblpc_chip_15xx.a
START GROUP
LOAD c:/nxp/lpcxpresso_8.0.0_526/lpcxpresso/tools/bin/../lib/gcc/arm-none-eabi/4.9.3/armv7-m\libgcc.a
LOAD c:/nxp/lpcxpresso_8.0.0_526/lpcxpresso/tools/bin/../lib/gcc/arm-none-eabi/4.9.3/../../../../arm-none-eabi/lib/armv7-m\libc.a
LOAD c:/nxp/lpcxpresso_8.0.0_526/lpcxpresso/tools/bin/../lib/gcc/arm-none-eabi/4.9.3/../../../../arm-none-eabi/lib/armv7-m\libstdc++.a
LOAD c:/nxp/lpcxpresso_8.0.0_526/lpcxpresso/tools/bin/../lib/gcc/arm-none-eabi/4.9.3/../../../../arm-none-eabi/lib/armv7-m\libm.a
LOAD c:/nxp/lpcxpresso_8.0.0_526/lpcxpresso/tools/bin/../lib/gcc/arm-none-eabi/4.9.3/../../../../arm-none-eabi/lib/armv7-m\libcr_newlib_nohost.a
LOAD c:/nxp/lpcxpresso_8.0.0_526/lpcxpresso/tools/bin/../lib/gcc/arm-none-eabi/4.9.3/armv7-m\crti.o
LOAD c:/nxp/lpcxpresso_8.0.0_526/lpcxpresso/tools/bin/../lib/gcc/arm-none-eabi/4.9.3/armv7-m\crtn.o
LOAD c:/nxp/lpcxpresso_8.0.0_526/lpcxpresso/tools/bin/../lib/gcc/arm-none-eabi/4.9.3/armv7-m\crtbegin.o
LOAD c:/nxp/lpcxpresso_8.0.0_526/lpcxpresso/tools/bin/../lib/gcc/arm-none-eabi/4.9.3/armv7-m\crtend.o
END GROUP
                0x00000000                __base_MFlash256 = 0x0
                0x00000000                __base_Flash = 0x0
                0x00040000                __top_MFlash256 = 0x40000
                0x00040000                __top_Flash = 0x40000
                0x02000000                __base_Ram0_16 = 0x2000000
                0x02000000                __base_RAM = 0x2000000
                0x02004000                __top_Ram0_16 = 0x2004000
                0x02004000                __top_RAM = 0x2004000
                0x02004000                __base_Ram1_16 = 0x2004000
                0x02004000                __base_RAM2 = 0x2004000
                0x02008000                __top_Ram1_16 = 0x2008000
                0x02008000                __top_RAM2 = 0x2008000
                0x02008000                __base_Ram2_4 = 0x2008000
                0x02008000                __base_RAM3 = 0x2008000
                0x02009000                __top_Ram2_4 = 0x2009000
                0x02009000                __top_RAM3 = 0x2009000

.text           0x00000000     0x1af0
 FILL mask 0xff
                0x00000000                __vectors_start__ = ABSOLUTE (.)
 *(.isr_vector)
 .isr_vector    0x00000000       0xfc ./src/cr_startup_lpc15xx.o
                0x00000000                g_pfnVectors
                0x000000fc                . = ALIGN (0x4)
                0x000000fc                __section_table_start = .
                0x000000fc                __data_section_table = .
                0x000000fc        0x4 LONG 0x1af8 LOADADDR (.data)
                0x00000100        0x4 LONG 0x2000000 ADDR (.data)
                0x00000104        0x4 LONG 0x0 SIZEOF (.data)
                0x00000108        0x4 LONG 0x1af8 LOADADDR (.data_RAM2)
                0x0000010c        0x4 LONG 0x2004000 ADDR (.data_RAM2)
                0x00000110        0x4 LONG 0x0 SIZEOF (.data_RAM2)
                0x00000114        0x4 LONG 0x1af8 LOADADDR (.data_RAM3)
                0x00000118        0x4 LONG 0x2008000 ADDR (.data_RAM3)
                0x0000011c        0x4 LONG 0x0 SIZEOF (.data_RAM3)
                0x00000120                __data_section_table_end = .
                0x00000120                __bss_section_table = .
                0x00000120        0x4 LONG 0x2000000 ADDR (.bss)
                0x00000124        0x4 LONG 0x30 SIZEOF (.bss)
                0x00000128        0x4 LONG 0x2004000 ADDR (.bss_RAM2)
                0x0000012c        0x4 LONG 0x0 SIZEOF (.bss_RAM2)
                0x00000130        0x4 LONG 0x2008000 ADDR (.bss_RAM3)
                0x00000134        0x4 LONG 0x0 SIZEOF (.bss_RAM3)
                0x00000138                __bss_section_table_end = .
                0x00000138                __section_table_end = .
 *(.after_vectors*)
 .after_vectors
                0x00000138      0x158 ./src/cr_startup_lpc15xx.o
                0x00000138                data_init(unsigned int, unsigned int, unsigned int)
                0x0000017c                bss_init(unsigned int, unsigned int)
                0x000001b4                ResetISR
                0x00000240                NMI_Handler
                0x00000248                HardFault_Handler
                0x00000250                MemManage_Handler
                0x00000258                BusFault_Handler
                0x00000260                UsageFault_Handler
                0x00000268                SVC_Handler
                0x00000270                DebugMon_Handler
                0x00000278                PendSV_Handler
                0x00000288                RTC_WAKE_IRQHandler
                0x00000288                UART0_IRQHandler
                0x00000288                ADC1_THCMP_IRQHandler
                0x00000288                SPI1_IRQHandler
                0x00000288                PIN_INT6_IRQHandler
                0x00000288                IntDefaultHandler
                0x00000288                PIN_INT4_IRQHandler
                0x00000288                CAN_IRQHandler
                0x00000288                RTC_ALARM_IRQHandler
                0x00000288                ADC1B_IRQHandler
                0x00000288                ADC1_OVR_IRQHandler
                0x00000288                MRT_IRQHandler
                0x00000288                UART2_IRQHandler
                0x00000288                ADC0_OVR_IRQHandler
                0x00000288                SCT1_IRQHandler
                0x00000288                PIN_INT2_IRQHandler
                0x00000288                USB_FIQHandler
                0x00000288                SCT3_IRQHandler
                0x00000288                PIN_INT7_IRQHandler
                0x00000288                I2C0_IRQHandler
                0x00000288                PIN_INT1_IRQHandler
                0x00000288                USB_IRQHandler
                0x00000288                BOD_IRQHandler
                0x00000288                ADC0B_IRQHandler
                0x00000288                ACMP0_IRQHandler
                0x00000288                RIT_IRQHandler
                0x00000288                USBWakeup_IRQHandler
                0x00000288                WDT_IRQHandler
                0x00000288                SCT2_IRQHandler
                0x00000288                PIN_INT0_IRQHandler
                0x00000288                QEI_IRQHandler
                0x00000288                ACMP3_IRQHandler
                0x00000288                GINT0_IRQHandler
                0x00000288                DAC_IRQHandler
                0x00000288                SPI0_IRQHandler
                0x00000288                EEPROM_IRQHandler
                0x00000288                ACMP2_IRQHandler
                0x00000288                PIN_INT5_IRQHandler
                0x00000288                ADC1A_IRQHandler
                0x00000288                DMA_IRQHandler
                0x00000288                PIN_INT3_IRQHandler
                0x00000288                ACMP1_IRQHandler
                0x00000288                SCT0_IRQHandler
                0x00000288                ADC0A_IRQHandler
                0x00000288                FMC_IRQHandler
                0x00000288                GINT1_IRQHandler
                0x00000288                ADC0_THCMP_IRQHandler
 *(.text*)
 .text.UART1_IRQHandler
                0x00000290       0x24 ./src/SerialPort.o
                0x00000290                UART1_IRQHandler
 .text.SystemInit
                0x000002b4        0xc ./src/sysinit.o
                0x000002b4                SystemInit
 .text.SysTick_Handler
                0x000002c0       0x3c ./src/uart_test.o
                0x000002c0                SysTick_Handler
 .text._Z5Sleepi
                0x000002fc       0x34 ./src/uart_test.o
                0x000002fc                Sleep(int)
 .text.main     0x00000330       0x24 ./src/uart_test.o
                0x00000330                main
 .text.Chip_IOCON_PinMuxSet
                0x00000354       0x2c C:\Users\netzky\Documents\LPCXpresso_8.0.0_526\workspace\lpc_board_nxp_lpcxpresso_1549\Debug\liblpc_board_nxp_lpcxpresso_1549.a(board.o)
 .text.Chip_SWM_MovablePortPinAssign
                0x00000380       0x30 C:\Users\netzky\Documents\LPCXpresso_8.0.0_526\workspace\lpc_board_nxp_lpcxpresso_1549\Debug\liblpc_board_nxp_lpcxpresso_1549.a(board.o)
 .text.Chip_GPIO_SetPinState
                0x000003b0       0x38 C:\Users\netzky\Documents\LPCXpresso_8.0.0_526\workspace\lpc_board_nxp_lpcxpresso_1549\Debug\liblpc_board_nxp_lpcxpresso_1549.a(board.o)
 .text.Chip_GPIO_SetPinDIROutput
                0x000003e8       0x3c C:\Users\netzky\Documents\LPCXpresso_8.0.0_526\workspace\lpc_board_nxp_lpcxpresso_1549\Debug\liblpc_board_nxp_lpcxpresso_1549.a(board.o)
 .text.Chip_GPIO_SetPinToggle
                0x00000424       0x30 C:\Users\netzky\Documents\LPCXpresso_8.0.0_526\workspace\lpc_board_nxp_lpcxpresso_1549\Debug\liblpc_board_nxp_lpcxpresso_1549.a(board.o)
 .text.Chip_UART_Enable
                0x00000454       0x20 C:\Users\netzky\Documents\LPCXpresso_8.0.0_526\workspace\lpc_board_nxp_lpcxpresso_1549\Debug\liblpc_board_nxp_lpcxpresso_1549.a(board.o)
 .text.Chip_UART_TXEnable
                0x00000474       0x20 C:\Users\netzky\Documents\LPCXpresso_8.0.0_526\workspace\lpc_board_nxp_lpcxpresso_1549\Debug\liblpc_board_nxp_lpcxpresso_1549.a(board.o)
 .text.Chip_UART_ConfigData
                0x00000494       0x28 C:\Users\netzky\Documents\LPCXpresso_8.0.0_526\workspace\lpc_board_nxp_lpcxpresso_1549\Debug\liblpc_board_nxp_lpcxpresso_1549.a(board.o)
 .text.Board_Debug_Init
                0x000004bc       0x6c C:\Users\netzky\Documents\LPCXpresso_8.0.0_526\workspace\lpc_board_nxp_lpcxpresso_1549\Debug\liblpc_board_nxp_lpcxpresso_1549.a(board.o)
                0x000004bc                Board_Debug_Init
 .text.Board_LED_Init
                0x00000528       0x5c C:\Users\netzky\Documents\LPCXpresso_8.0.0_526\workspace\lpc_board_nxp_lpcxpresso_1549\Debug\liblpc_board_nxp_lpcxpresso_1549.a(board.o)
 .text.Board_LED_Set
                0x00000584       0x50 C:\Users\netzky\Documents\LPCXpresso_8.0.0_526\workspace\lpc_board_nxp_lpcxpresso_1549\Debug\liblpc_board_nxp_lpcxpresso_1549.a(board.o)
                0x00000584                Board_LED_Set
 .text.Board_LED_Toggle
                0x000005d4       0x30 C:\Users\netzky\Documents\LPCXpresso_8.0.0_526\workspace\lpc_board_nxp_lpcxpresso_1549\Debug\liblpc_board_nxp_lpcxpresso_1549.a(board.o)
                0x000005d4                Board_LED_Toggle
 .text.Board_Init
                0x00000604       0x18 C:\Users\netzky\Documents\LPCXpresso_8.0.0_526\workspace\lpc_board_nxp_lpcxpresso_1549\Debug\liblpc_board_nxp_lpcxpresso_1549.a(board.o)
                0x00000604                Board_Init
 .text.Chip_SYSCTL_PeriphReset
                0x0000061c       0x20 C:\Users\netzky\Documents\LPCXpresso_8.0.0_526\workspace\lpc_board_nxp_lpcxpresso_1549\Debug\liblpc_board_nxp_lpcxpresso_1549.a(board_sysinit.o)
 .text.Chip_Clock_SetUSBPLLSource
                0x0000063c       0x20 C:\Users\netzky\Documents\LPCXpresso_8.0.0_526\workspace\lpc_board_nxp_lpcxpresso_1549\Debug\liblpc_board_nxp_lpcxpresso_1549.a(board_sysinit.o)
 .text.Chip_Clock_SetupUSBPLL
                0x0000065c       0x34 C:\Users\netzky\Documents\LPCXpresso_8.0.0_526\workspace\lpc_board_nxp_lpcxpresso_1549\Debug\liblpc_board_nxp_lpcxpresso_1549.a(board_sysinit.o)
 .text.Chip_Clock_IsUSBPLLLocked
                0x00000690       0x28 C:\Users\netzky\Documents\LPCXpresso_8.0.0_526\workspace\lpc_board_nxp_lpcxpresso_1549\Debug\liblpc_board_nxp_lpcxpresso_1549.a(board_sysinit.o)
 .text.Chip_Clock_SetSysTickClockDiv
                0x000006b8       0x20 C:\Users\netzky\Documents\LPCXpresso_8.0.0_526\workspace\lpc_board_nxp_lpcxpresso_1549\Debug\liblpc_board_nxp_lpcxpresso_1549.a(board_sysinit.o)
 .text.Chip_SWM_MovablePortPinAssign
                0x000006d8       0x30 C:\Users\netzky\Documents\LPCXpresso_8.0.0_526\workspace\lpc_board_nxp_lpcxpresso_1549\Debug\liblpc_board_nxp_lpcxpresso_1549.a(board_sysinit.o)
 .text.Board_SetupMuxing
                0x00000708       0x84 C:\Users\netzky\Documents\LPCXpresso_8.0.0_526\workspace\lpc_board_nxp_lpcxpresso_1549\Debug\liblpc_board_nxp_lpcxpresso_1549.a(board_sysinit.o)
                0x00000708                Board_SetupMuxing
 .text.Board_SetupClocking
                0x0000078c       0x38 C:\Users\netzky\Documents\LPCXpresso_8.0.0_526\workspace\lpc_board_nxp_lpcxpresso_1549\Debug\liblpc_board_nxp_lpcxpresso_1549.a(board_sysinit.o)
                0x0000078c                Board_SetupClocking
 .text.Board_SystemInit
                0x000007c4       0x1c C:\Users\netzky\Documents\LPCXpresso_8.0.0_526\workspace\lpc_board_nxp_lpcxpresso_1549\Debug\liblpc_board_nxp_lpcxpresso_1549.a(board_sysinit.o)
                0x000007c4                Board_SystemInit
 .text.SystemCoreClockUpdate
                0x000007e0       0x14 C:\Users\netzky\Documents\LPCXpresso_8.0.0_526\workspace\lpc_chip_15xx\Debug\liblpc_chip_15xx.a(chip_15xx.o)
                0x000007e0                SystemCoreClockUpdate
 .text.Chip_Clock_SetMain_A_ClockSource
                0x000007f4       0x20 C:\Users\netzky\Documents\LPCXpresso_8.0.0_526\workspace\lpc_chip_15xx\Debug\liblpc_chip_15xx.a(clock_15xx.o)
 .text.Chip_Clock_GetMain_A_ClockSource
                0x00000814       0x1c C:\Users\netzky\Documents\LPCXpresso_8.0.0_526\workspace\lpc_chip_15xx\Debug\liblpc_chip_15xx.a(clock_15xx.o)
 .text.Chip_Clock_SetMain_B_ClockSource
                0x00000830       0x20 C:\Users\netzky\Documents\LPCXpresso_8.0.0_526\workspace\lpc_chip_15xx\Debug\liblpc_chip_15xx.a(clock_15xx.o)
 .text.Chip_Clock_GetMain_B_ClockSource
                0x00000850       0x1c C:\Users\netzky\Documents\LPCXpresso_8.0.0_526\workspace\lpc_chip_15xx\Debug\liblpc_chip_15xx.a(clock_15xx.o)
 .text.Chip_Clock_SetUARTFRGDivider
                0x0000086c       0x20 C:\Users\netzky\Documents\LPCXpresso_8.0.0_526\workspace\lpc_chip_15xx\Debug\liblpc_chip_15xx.a(clock_15xx.o)
 .text.Chip_Clock_GetUARTFRGDivider
                0x0000088c       0x18 C:\Users\netzky\Documents\LPCXpresso_8.0.0_526\workspace\lpc_chip_15xx\Debug\liblpc_chip_15xx.a(clock_15xx.o)
 .text.Chip_Clock_GetMainOscRate
                0x000008a4       0x18 C:\Users\netzky\Documents\LPCXpresso_8.0.0_526\workspace\lpc_chip_15xx\Debug\liblpc_chip_15xx.a(clock_15xx.o)
 .text.Chip_Clock_GetIntOscRate
                0x000008bc       0x14 C:\Users\netzky\Documents\LPCXpresso_8.0.0_526\workspace\lpc_chip_15xx\Debug\liblpc_chip_15xx.a(clock_15xx.o)
 .text.Chip_Clock_GetRTCOscRate
                0x000008d0       0x18 C:\Users\netzky\Documents\LPCXpresso_8.0.0_526\workspace\lpc_chip_15xx\Debug\liblpc_chip_15xx.a(clock_15xx.o)
 .text.Chip_Clock_GetWDTOSCRate
                0x000008e8       0x14 C:\Users\netzky\Documents\LPCXpresso_8.0.0_526\workspace\lpc_chip_15xx\Debug\liblpc_chip_15xx.a(clock_15xx.o)
 .text.Chip_Clock_GetPLLFreq
                0x000008fc       0x28 C:\Users\netzky\Documents\LPCXpresso_8.0.0_526\workspace\lpc_chip_15xx\Debug\liblpc_chip_15xx.a(clock_15xx.o)
 .text.Chip_Clock_GetPLLInClockRate
                0x00000924       0x38 C:\Users\netzky\Documents\LPCXpresso_8.0.0_526\workspace\lpc_chip_15xx\Debug\liblpc_chip_15xx.a(clock_15xx.o)
 .text.Chip_Clock_GetSystemPLLInClockRate
                0x0000095c       0x1c C:\Users\netzky\Documents\LPCXpresso_8.0.0_526\workspace\lpc_chip_15xx\Debug\liblpc_chip_15xx.a(clock_15xx.o)
                0x0000095c                Chip_Clock_GetSystemPLLInClockRate
 .text.Chip_Clock_GetSystemPLLOutClockRate
                0x00000978       0x24 C:\Users\netzky\Documents\LPCXpresso_8.0.0_526\workspace\lpc_chip_15xx\Debug\liblpc_chip_15xx.a(clock_15xx.o)
                0x00000978                Chip_Clock_GetSystemPLLOutClockRate
 .text.Chip_Clock_GetMain_A_ClockRate
                0x0000099c       0x44 C:\Users\netzky\Documents\LPCXpresso_8.0.0_526\workspace\lpc_chip_15xx\Debug\liblpc_chip_15xx.a(clock_15xx.o)
                0x0000099c                Chip_Clock_GetMain_A_ClockRate
 .text.Chip_Clock_GetMain_B_ClockRate
                0x000009e0       0x58 C:\Users\netzky\Documents\LPCXpresso_8.0.0_526\workspace\lpc_chip_15xx\Debug\liblpc_chip_15xx.a(clock_15xx.o)
                0x000009e0                Chip_Clock_GetMain_B_ClockRate
 .text.Chip_Clock_SetMainClockSource
                0x00000a38       0x3c C:\Users\netzky\Documents\LPCXpresso_8.0.0_526\workspace\lpc_chip_15xx\Debug\liblpc_chip_15xx.a(clock_15xx.o)
                0x00000a38                Chip_Clock_SetMainClockSource
 .text.Chip_Clock_GetMainClockRate
                0x00000a74       0x28 C:\Users\netzky\Documents\LPCXpresso_8.0.0_526\workspace\lpc_chip_15xx\Debug\liblpc_chip_15xx.a(clock_15xx.o)
                0x00000a74                Chip_Clock_GetMainClockRate
 .text.Chip_Clock_EnablePeriphClock
                0x00000a9c       0x54 C:\Users\netzky\Documents\LPCXpresso_8.0.0_526\workspace\lpc_chip_15xx\Debug\liblpc_chip_15xx.a(clock_15xx.o)
                0x00000a9c                Chip_Clock_EnablePeriphClock
 .text.Chip_Clock_GetUARTBaseClockRate
                0x00000af0       0x88 C:\Users\netzky\Documents\LPCXpresso_8.0.0_526\workspace\lpc_chip_15xx\Debug\liblpc_chip_15xx.a(clock_15xx.o)
                0x00000af0                Chip_Clock_GetUARTBaseClockRate
 .text.Chip_Clock_SetUARTBaseClockRate
                0x00000b78       0xa0 C:\Users\netzky\Documents\LPCXpresso_8.0.0_526\workspace\lpc_chip_15xx\Debug\liblpc_chip_15xx.a(clock_15xx.o)
                0x00000b78                Chip_Clock_SetUARTBaseClockRate
 .text.Chip_Clock_GetSystemClockRate
                0x00000c18       0x1c C:\Users\netzky\Documents\LPCXpresso_8.0.0_526\workspace\lpc_chip_15xx\Debug\liblpc_chip_15xx.a(clock_15xx.o)
                0x00000c18                Chip_Clock_GetSystemClockRate
 .text.Chip_SYSCTL_PeriphReset
                0x00000c34       0x20 C:\Users\netzky\Documents\LPCXpresso_8.0.0_526\workspace\lpc_chip_15xx\Debug\liblpc_chip_15xx.a(gpio_15xx.o)
 .text.Chip_GPIO_Init
                0x00000c54       0x2c C:\Users\netzky\Documents\LPCXpresso_8.0.0_526\workspace\lpc_chip_15xx\Debug\liblpc_chip_15xx.a(gpio_15xx.o)
                0x00000c54                Chip_GPIO_Init
 .text.Chip_IOCON_PinMuxSet
                0x00000c80       0x2c C:\Users\netzky\Documents\LPCXpresso_8.0.0_526\workspace\lpc_chip_15xx\Debug\liblpc_chip_15xx.a(iocon_15xx.o)
 .text.Chip_IOCON_SetPinMuxing
                0x00000cac       0x4c C:\Users\netzky\Documents\LPCXpresso_8.0.0_526\workspace\lpc_chip_15xx\Debug\liblpc_chip_15xx.a(iocon_15xx.o)
                0x00000cac                Chip_IOCON_SetPinMuxing
 .text.RingBuffer_GetCount
                0x00000cf8       0x24 C:\Users\netzky\Documents\LPCXpresso_8.0.0_526\workspace\lpc_chip_15xx\Debug\liblpc_chip_15xx.a(ring_buffer.o)
 .text.RingBuffer_IsFull
                0x00000d1c       0x28 C:\Users\netzky\Documents\LPCXpresso_8.0.0_526\workspace\lpc_chip_15xx\Debug\liblpc_chip_15xx.a(ring_buffer.o)
 .text.RingBuffer_IsEmpty
                0x00000d44       0x2c C:\Users\netzky\Documents\LPCXpresso_8.0.0_526\workspace\lpc_chip_15xx\Debug\liblpc_chip_15xx.a(ring_buffer.o)
 .text.RingBuffer_Insert
                0x00000d70       0x5c C:\Users\netzky\Documents\LPCXpresso_8.0.0_526\workspace\lpc_chip_15xx\Debug\liblpc_chip_15xx.a(ring_buffer.o)
                0x00000d70                RingBuffer_Insert
 .text.RingBuffer_Pop
                0x00000dcc       0x5c C:\Users\netzky\Documents\LPCXpresso_8.0.0_526\workspace\lpc_chip_15xx\Debug\liblpc_chip_15xx.a(ring_buffer.o)
                0x00000dcc                RingBuffer_Pop
 .text.Chip_SWM_MovablePinAssign
                0x00000e28       0x5c C:\Users\netzky\Documents\LPCXpresso_8.0.0_526\workspace\lpc_chip_15xx\Debug\liblpc_chip_15xx.a(swm_15xx.o)
                0x00000e28                Chip_SWM_MovablePinAssign
 .text.Chip_SYSCTL_AssertPeriphReset
                0x00000e84       0x48 C:\Users\netzky\Documents\LPCXpresso_8.0.0_526\workspace\lpc_chip_15xx\Debug\liblpc_chip_15xx.a(sysctl_15xx.o)
                0x00000e84                Chip_SYSCTL_AssertPeriphReset
 .text.Chip_SYSCTL_DeassertPeriphReset
                0x00000ecc       0x4c C:\Users\netzky\Documents\LPCXpresso_8.0.0_526\workspace\lpc_chip_15xx\Debug\liblpc_chip_15xx.a(sysctl_15xx.o)
                0x00000ecc                Chip_SYSCTL_DeassertPeriphReset
 .text.Chip_SYSCTL_PowerDown
                0x00000f18       0x40 C:\Users\netzky\Documents\LPCXpresso_8.0.0_526\workspace\lpc_chip_15xx\Debug\liblpc_chip_15xx.a(sysctl_15xx.o)
                0x00000f18                Chip_SYSCTL_PowerDown
 .text.Chip_SYSCTL_PowerUp
                0x00000f58       0x40 C:\Users\netzky\Documents\LPCXpresso_8.0.0_526\workspace\lpc_chip_15xx\Debug\liblpc_chip_15xx.a(sysctl_15xx.o)
                0x00000f58                Chip_SYSCTL_PowerUp
 .text.Chip_FMC_SetFLASHAccess
                0x00000f98       0x38 C:\Users\netzky\Documents\LPCXpresso_8.0.0_526\workspace\lpc_chip_15xx\Debug\liblpc_chip_15xx.a(sysinit_15xx.o)
 .text.Chip_Clock_SetSystemPLLSource
                0x00000fd0       0x20 C:\Users\netzky\Documents\LPCXpresso_8.0.0_526\workspace\lpc_chip_15xx\Debug\liblpc_chip_15xx.a(sysinit_15xx.o)
 .text.Chip_Clock_SetupSystemPLL
                0x00000ff0       0x34 C:\Users\netzky\Documents\LPCXpresso_8.0.0_526\workspace\lpc_chip_15xx\Debug\liblpc_chip_15xx.a(sysinit_15xx.o)
 .text.Chip_Clock_IsSystemPLLLocked
                0x00001024       0x28 C:\Users\netzky\Documents\LPCXpresso_8.0.0_526\workspace\lpc_chip_15xx\Debug\liblpc_chip_15xx.a(sysinit_15xx.o)
 .text.Chip_Clock_SetSysClockDiv
                0x0000104c       0x20 C:\Users\netzky\Documents\LPCXpresso_8.0.0_526\workspace\lpc_chip_15xx\Debug\liblpc_chip_15xx.a(sysinit_15xx.o)
 .text.Chip_SetupXtalClocking
                0x0000106c       0x6c C:\Users\netzky\Documents\LPCXpresso_8.0.0_526\workspace\lpc_chip_15xx\Debug\liblpc_chip_15xx.a(sysinit_15xx.o)
                0x0000106c                Chip_SetupXtalClocking
 .text.Chip_SYSCTL_PeriphReset
                0x000010d8       0x20 C:\Users\netzky\Documents\LPCXpresso_8.0.0_526\workspace\lpc_chip_15xx\Debug\liblpc_chip_15xx.a(uart_15xx.o)
 .text.RingBuffer_IsEmpty
                0x000010f8       0x2c C:\Users\netzky\Documents\LPCXpresso_8.0.0_526\workspace\lpc_chip_15xx\Debug\liblpc_chip_15xx.a(uart_15xx.o)
 .text.Chip_UART_SendByte
                0x00001124       0x1c C:\Users\netzky\Documents\LPCXpresso_8.0.0_526\workspace\lpc_chip_15xx\Debug\liblpc_chip_15xx.a(uart_15xx.o)
 .text.Chip_UART_ReadByte
                0x00001140       0x1c C:\Users\netzky\Documents\LPCXpresso_8.0.0_526\workspace\lpc_chip_15xx\Debug\liblpc_chip_15xx.a(uart_15xx.o)
 .text.Chip_UART_IntDisable
                0x0000115c       0x1c C:\Users\netzky\Documents\LPCXpresso_8.0.0_526\workspace\lpc_chip_15xx\Debug\liblpc_chip_15xx.a(uart_15xx.o)
 .text.Chip_UART_GetStatus
                0x00001178       0x18 C:\Users\netzky\Documents\LPCXpresso_8.0.0_526\workspace\lpc_chip_15xx\Debug\liblpc_chip_15xx.a(uart_15xx.o)
 .text.getUARTClockID
                0x00001190       0x38 C:\Users\netzky\Documents\LPCXpresso_8.0.0_526\workspace\lpc_chip_15xx\Debug\liblpc_chip_15xx.a(uart_15xx.o)
 .text.Chip_UART_Init
                0x000011c8       0x4c C:\Users\netzky\Documents\LPCXpresso_8.0.0_526\workspace\lpc_chip_15xx\Debug\liblpc_chip_15xx.a(uart_15xx.o)
                0x000011c8                Chip_UART_Init
 .text.Chip_UART_SetBaud
                0x00001214       0x28 C:\Users\netzky\Documents\LPCXpresso_8.0.0_526\workspace\lpc_chip_15xx\Debug\liblpc_chip_15xx.a(uart_15xx.o)
                0x00001214                Chip_UART_SetBaud
 .text.Chip_UART_RXIntHandlerRB
                0x0000123c       0x3c C:\Users\netzky\Documents\LPCXpresso_8.0.0_526\workspace\lpc_chip_15xx\Debug\liblpc_chip_15xx.a(uart_15xx.o)
                0x0000123c                Chip_UART_RXIntHandlerRB
 .text.Chip_UART_TXIntHandlerRB
                0x00001278       0x40 C:\Users\netzky\Documents\LPCXpresso_8.0.0_526\workspace\lpc_chip_15xx\Debug\liblpc_chip_15xx.a(uart_15xx.o)
                0x00001278                Chip_UART_TXIntHandlerRB
 .text.Chip_UART_IRQRBHandler
                0x000012b8       0x48 C:\Users\netzky\Documents\LPCXpresso_8.0.0_526\workspace\lpc_chip_15xx\Debug\liblpc_chip_15xx.a(uart_15xx.o)
                0x000012b8                Chip_UART_IRQRBHandler
 .text          0x00001300       0x30 c:/nxp/lpcxpresso_8.0.0_526/lpcxpresso/tools/bin/../lib/gcc/arm-none-eabi/4.9.3/armv7-m\libgcc.a(_aeabi_uldivmod.o)
                0x00001300                __aeabi_uldivmod
 .text          0x00001330       0x60 c:/nxp/lpcxpresso_8.0.0_526/lpcxpresso/tools/bin/../lib/gcc/arm-none-eabi/4.9.3/armv7-m\libgcc.a(bpabi.o)
                0x00001330                __gnu_ldivmod_helper
                0x00001360                __gnu_uldivmod_helper
 .text          0x00001390        0x4 c:/nxp/lpcxpresso_8.0.0_526/lpcxpresso/tools/bin/../lib/gcc/arm-none-eabi/4.9.3/armv7-m\libgcc.a(_dvmd_tls.o)
                0x00001390                __aeabi_idiv0
                0x00001390                __aeabi_ldiv0
 .text          0x00001394      0x2ac c:/nxp/lpcxpresso_8.0.0_526/lpcxpresso/tools/bin/../lib/gcc/arm-none-eabi/4.9.3/armv7-m\libgcc.a(_divdi3.o)
                0x00001394                __divdi3
 .text          0x00001640      0x270 c:/nxp/lpcxpresso_8.0.0_526/lpcxpresso/tools/bin/../lib/gcc/arm-none-eabi/4.9.3/armv7-m\libgcc.a(_udivdi3.o)
                0x00001640                __udivdi3
 .text.__libc_init_array
                0x000018b0       0x50 c:/nxp/lpcxpresso_8.0.0_526/lpcxpresso/tools/bin/../lib/gcc/arm-none-eabi/4.9.3/../../../../arm-none-eabi/lib/armv7-m\libc.a(lib_a-init.o)
                0x000018b0                __libc_init_array
 .text          0x00001900       0xec c:/nxp/lpcxpresso_8.0.0_526/lpcxpresso/tools/bin/../lib/gcc/arm-none-eabi/4.9.3/../../../../arm-none-eabi/lib/armv7-m\libc.a(lib_a-memcpy.o)
                0x00001900                memcpy
 .text          0x000019ec       0x5c c:/nxp/lpcxpresso_8.0.0_526/lpcxpresso/tools/bin/../lib/gcc/arm-none-eabi/4.9.3/armv7-m\crtbegin.o
 *(.rodata .rodata.* .constdata .constdata.*)
 .rodata.OscRateIn
                0x00001a48        0x4 C:\Users\netzky\Documents\LPCXpresso_8.0.0_526\workspace\lpc_board_nxp_lpcxpresso_1549\Debug\liblpc_board_nxp_lpcxpresso_1549.a(board.o)
                0x00001a48                OscRateIn
 .rodata.RTCOscRateIn
                0x00001a4c        0x4 C:\Users\netzky\Documents\LPCXpresso_8.0.0_526\workspace\lpc_board_nxp_lpcxpresso_1549\Debug\liblpc_board_nxp_lpcxpresso_1549.a(board.o)
                0x00001a4c                RTCOscRateIn
 .rodata.ledpins
                0x00001a50        0x3 C:\Users\netzky\Documents\LPCXpresso_8.0.0_526\workspace\lpc_board_nxp_lpcxpresso_1549\Debug\liblpc_board_nxp_lpcxpresso_1549.a(board.o)
 *fill*         0x00001a53        0x1 
 .rodata.ledports
                0x00001a54        0x3 C:\Users\netzky\Documents\LPCXpresso_8.0.0_526\workspace\lpc_board_nxp_lpcxpresso_1549\Debug\liblpc_board_nxp_lpcxpresso_1549.a(board.o)
 *fill*         0x00001a57        0x1 
 .rodata.ioconSetup
                0x00001a58       0x74 C:\Users\netzky\Documents\LPCXpresso_8.0.0_526\workspace\lpc_board_nxp_lpcxpresso_1549\Debug\liblpc_board_nxp_lpcxpresso_1549.a(board_sysinit.o)
 .rodata.swmSetup
                0x00001acc        0x6 C:\Users\netzky\Documents\LPCXpresso_8.0.0_526\workspace\lpc_board_nxp_lpcxpresso_1549\Debug\liblpc_board_nxp_lpcxpresso_1549.a(board_sysinit.o)
                0x00001ad4                . = ALIGN (0x4)
 *fill*         0x00001ad2        0x2 ff
                0x00001ad4                . = ALIGN (0x4)
 *(.init)
 .init          0x00001ad4        0x4 c:/nxp/lpcxpresso_8.0.0_526/lpcxpresso/tools/bin/../lib/gcc/arm-none-eabi/4.9.3/armv7-m\crti.o
                0x00001ad4                _init
 .init          0x00001ad8        0x8 c:/nxp/lpcxpresso_8.0.0_526/lpcxpresso/tools/bin/../lib/gcc/arm-none-eabi/4.9.3/armv7-m\crtn.o
                0x00001ae0                . = ALIGN (0x4)
                0x00001ae0                __preinit_array_start = .
 *(.preinit_array)
                0x00001ae0                __preinit_array_end = .
                0x00001ae0                . = ALIGN (0x4)
                0x00001ae0                __init_array_start = .
 *(SORT(.init_array.*))
 *(.init_array)
 .init_array    0x00001ae0        0x4 c:/nxp/lpcxpresso_8.0.0_526/lpcxpresso/tools/bin/../lib/gcc/arm-none-eabi/4.9.3/armv7-m\crtbegin.o
                0x00001ae4                __init_array_end = .
 *(.fini)
 .fini          0x00001ae4        0x4 c:/nxp/lpcxpresso_8.0.0_526/lpcxpresso/tools/bin/../lib/gcc/arm-none-eabi/4.9.3/armv7-m\crti.o
                0x00001ae4                _fini
 .fini          0x00001ae8        0x8 c:/nxp/lpcxpresso_8.0.0_526/lpcxpresso/tools/bin/../lib/gcc/arm-none-eabi/4.9.3/armv7-m\crtn.o
                0x00001af0                . = ALIGN (0x4)
 *crtbegin.o(.ctors)
 *(EXCLUDE_FILE(*crtend.o) .ctors)
 *(SORT(.ctors.*))
 *crtend.o(.ctors)
                0x00001af0                . = ALIGN (0x4)
 *crtbegin.o(.dtors)
 *(EXCLUDE_FILE(*crtend.o) .dtors)
 *(SORT(.dtors.*))
 *crtend.o(.dtors)
                0x00001af0                . = ALIGN (0x4)

.glue_7         0x00001af0        0x0
 .glue_7        0x00000000        0x0 linker stubs

.glue_7t        0x00001af0        0x0
 .glue_7t       0x00000000        0x0 linker stubs

.vfp11_veneer   0x00001af0        0x0
 .vfp11_veneer  0x00000000        0x0 linker stubs

.v4_bx          0x00001af0        0x0
 .v4_bx         0x00000000        0x0 linker stubs

.iplt           0x00001af0        0x0
 .iplt          0x00000000        0x0 ./src/Hiekkalaatikko.o

.ARM.extab
 *(.ARM.extab* .gnu.linkonce.armextab.*)
                0x00001af0                __exidx_start = .

.ARM.exidx      0x00001af0        0x8
 *(.ARM.exidx* .gnu.linkonce.armexidx.*)
 .ARM.exidx     0x00001af0        0x8 c:/nxp/lpcxpresso_8.0.0_526/lpcxpresso/tools/bin/../lib/gcc/arm-none-eabi/4.9.3/armv7-m\libgcc.a(_divdi3.o)
 .ARM.exidx     0x00001af8        0x0 c:/nxp/lpcxpresso_8.0.0_526/lpcxpresso/tools/bin/../lib/gcc/arm-none-eabi/4.9.3/armv7-m\libgcc.a(_udivdi3.o)
                                  0x8 (size before relaxing)
                0x00001af8                __exidx_end = .
                0x00001af8                _etext = .

.rel.dyn        0x00001af8        0x0
 .rel.iplt      0x00000000        0x0 ./src/Hiekkalaatikko.o

.eh_frame       0x00001af8        0x0
 .eh_frame      0x00001af8        0x0 c:/nxp/lpcxpresso_8.0.0_526/lpcxpresso/tools/bin/../lib/gcc/arm-none-eabi/4.9.3/armv7-m\crtbegin.o

.data_RAM2      0x02004000        0x0 load address 0x00001af8
 FILL mask 0xff
                0x02004000                PROVIDE (__start_data_RAM2, .)
 *(.ramfunc.$RAM2)
 *(.ramfunc.$Ram1_16)
 *(.data.$RAM2*)
 *(.data.$Ram1_16*)
                0x02004000                . = ALIGN (0x4)
                0x02004000                PROVIDE (__end_data_RAM2, .)

.data_RAM3      0x02008000        0x0 load address 0x00001af8
 FILL mask 0xff
                0x02008000                PROVIDE (__start_data_RAM3, .)
 *(.ramfunc.$RAM3)
 *(.ramfunc.$Ram2_4)
 *(.data.$RAM3*)
 *(.data.$Ram2_4*)
                0x02008000                . = ALIGN (0x4)
                0x02008000                PROVIDE (__end_data_RAM3, .)

.uninit_RESERVED
                0x02000000        0x0
 *(.bss.$RESERVED*)
                0x02000000                . = ALIGN (0x4)
                0x02000000                _end_uninit_RESERVED = .

.data           0x02000000        0x0 load address 0x00001af8
 FILL mask 0xff
                0x02000000                _data = .
 *(vtable)
 *(.ramfunc*)
 *(.data*)
                0x02000000                . = ALIGN (0x4)
                0x02000000                _edata = .

.igot.plt       0x02000000        0x0 load address 0x00001af8
 .igot.plt      0x00000000        0x0 ./src/Hiekkalaatikko.o

.jcr            0x02000000        0x0 load address 0x00001af8
 .jcr           0x02000000        0x0 c:/nxp/lpcxpresso_8.0.0_526/lpcxpresso/tools/bin/../lib/gcc/arm-none-eabi/4.9.3/armv7-m\crtbegin.o

.bss_RAM2       0x02004000        0x0
                0x02004000                PROVIDE (__start_bss_RAM2, .)
 *(.bss.$RAM2*)
 *(.bss.$Ram1_16*)
                0x02004000                . = ALIGN ((. != 0x0)?0x4:0x1)
                0x02004000                PROVIDE (__end_bss_RAM2, .)

.bss_RAM3       0x02008000        0x0
                0x02008000                PROVIDE (__start_bss_RAM3, .)
 *(.bss.$RAM3*)
 *(.bss.$Ram2_4*)
                0x02008000                . = ALIGN ((. != 0x0)?0x4:0x1)
                0x02008000                PROVIDE (__end_bss_RAM3, .)

.bss            0x02000000       0x30
                0x02000000                _bss = .
 *(.bss*)
 .bss._ZL7rxring1
                0x02000000        0x4 ./src/SerialPort.o
 .bss._ZL7txring1
                0x02000004        0x4 ./src/SerialPort.o
 .bss._ZL7counter
                0x02000008        0x4 ./src/uart_test.o
 .bss._ZL8systicks
                0x0200000c        0x4 ./src/uart_test.o
 .bss           0x02000010       0x1c c:/nxp/lpcxpresso_8.0.0_526/lpcxpresso/tools/bin/../lib/gcc/arm-none-eabi/4.9.3/armv7-m\crtbegin.o
 *(COMMON)
 COMMON         0x0200002c        0x4 C:\Users\netzky\Documents\LPCXpresso_8.0.0_526\workspace\lpc_chip_15xx\Debug\liblpc_chip_15xx.a(chip_15xx.o)
                0x0200002c                SystemCoreClock
                0x02000030                . = ALIGN (0x4)
                0x02000030                _ebss = .
                0x02000030                PROVIDE (end, .)

.noinit_RAM2    0x02004000        0x0
 *(.noinit.$RAM2*)
 *(.noinit.$Ram1_16*)
                0x02004000                . = ALIGN (0x4)

.noinit_RAM3    0x02008000        0x0
 *(.noinit.$RAM3*)
 *(.noinit.$Ram2_4*)
                0x02008000                . = ALIGN (0x4)

.noinit         0x02000030        0x0
                0x02000030                _noinit = .
 *(.noinit*)
                0x02000030                . = ALIGN (0x4)
                0x02000030                _end_noinit = .
                0x02000030                PROVIDE (_pvHeapStart, DEFINED (__user_heap_base)?__user_heap_base:.)
                0x02004000                PROVIDE (_vStackTop, DEFINED (__user_stack_top)?__user_stack_top:(__top_Ram0_16 - 0x0))
                0xfdffb2b6                PROVIDE (__valid_user_code_checksum, (0x0 - ((((((_vStackTop + (ResetISR + 0x1)) + (NMI_Handler + 0x1)) + (HardFault_Handler + 0x1)) + (DEFINED (MemManage_Handler)?MemManage_Handler:0x0 + 0x1)) + (DEFINED (BusFault_Handler)?BusFault_Handler:0x0 + 0x1)) + (DEFINED (UsageFault_Handler)?UsageFault_Handler:0x0 + 0x1))))
OUTPUT(Hiekkalaatikko.axf elf32-littlearm)

.debug_info     0x00000000     0x808a
 .debug_info    0x00000000      0xd28 ./src/SerialPort.o
 .debug_info    0x00000d28      0x29a ./src/cr_startup_lpc15xx.o
 .debug_info    0x00000fc2       0xe7 ./src/sysinit.o
 .debug_info    0x000010a9     0x197f ./src/uart_test.o
 .debug_info    0x00002a28      0xac8 C:\Users\netzky\Documents\LPCXpresso_8.0.0_526\workspace\lpc_board_nxp_lpcxpresso_1549\Debug\liblpc_board_nxp_lpcxpresso_1549.a(board.o)
 .debug_info    0x000034f0      0xc94 C:\Users\netzky\Documents\LPCXpresso_8.0.0_526\workspace\lpc_board_nxp_lpcxpresso_1549\Debug\liblpc_board_nxp_lpcxpresso_1549.a(board_sysinit.o)
 .debug_info    0x00004184      0x965 C:\Users\netzky\Documents\LPCXpresso_8.0.0_526\workspace\lpc_chip_15xx\Debug\liblpc_chip_15xx.a(chip_15xx.o)
 .debug_info    0x00004ae9      0xd12 C:\Users\netzky\Documents\LPCXpresso_8.0.0_526\workspace\lpc_chip_15xx\Debug\liblpc_chip_15xx.a(clock_15xx.o)
 .debug_info    0x000057fb      0x612 C:\Users\netzky\Documents\LPCXpresso_8.0.0_526\workspace\lpc_chip_15xx\Debug\liblpc_chip_15xx.a(gpio_15xx.o)
 .debug_info    0x00005e0d      0x1f4 C:\Users\netzky\Documents\LPCXpresso_8.0.0_526\workspace\lpc_chip_15xx\Debug\liblpc_chip_15xx.a(iocon_15xx.o)
 .debug_info    0x00006001      0x344 C:\Users\netzky\Documents\LPCXpresso_8.0.0_526\workspace\lpc_chip_15xx\Debug\liblpc_chip_15xx.a(ring_buffer.o)
 .debug_info    0x00006345      0x626 C:\Users\netzky\Documents\LPCXpresso_8.0.0_526\workspace\lpc_chip_15xx\Debug\liblpc_chip_15xx.a(swm_15xx.o)
 .debug_info    0x0000696b      0x738 C:\Users\netzky\Documents\LPCXpresso_8.0.0_526\workspace\lpc_chip_15xx\Debug\liblpc_chip_15xx.a(sysctl_15xx.o)
 .debug_info    0x000070a3      0x71c C:\Users\netzky\Documents\LPCXpresso_8.0.0_526\workspace\lpc_chip_15xx\Debug\liblpc_chip_15xx.a(sysinit_15xx.o)
 .debug_info    0x000077bf      0x8cb C:\Users\netzky\Documents\LPCXpresso_8.0.0_526\workspace\lpc_chip_15xx\Debug\liblpc_chip_15xx.a(uart_15xx.o)

.debug_abbrev   0x00000000     0x1a72
 .debug_abbrev  0x00000000      0x35b ./src/SerialPort.o
 .debug_abbrev  0x0000035b       0xf0 ./src/cr_startup_lpc15xx.o
 .debug_abbrev  0x0000044b       0x82 ./src/sysinit.o
 .debug_abbrev  0x000004cd      0x3d4 ./src/uart_test.o
 .debug_abbrev  0x000008a1      0x20a C:\Users\netzky\Documents\LPCXpresso_8.0.0_526\workspace\lpc_board_nxp_lpcxpresso_1549\Debug\liblpc_board_nxp_lpcxpresso_1549.a(board.o)
 .debug_abbrev  0x00000aab      0x202 C:\Users\netzky\Documents\LPCXpresso_8.0.0_526\workspace\lpc_board_nxp_lpcxpresso_1549\Debug\liblpc_board_nxp_lpcxpresso_1549.a(board_sysinit.o)
 .debug_abbrev  0x00000cad      0x1ad C:\Users\netzky\Documents\LPCXpresso_8.0.0_526\workspace\lpc_chip_15xx\Debug\liblpc_chip_15xx.a(chip_15xx.o)
 .debug_abbrev  0x00000e5a      0x281 C:\Users\netzky\Documents\LPCXpresso_8.0.0_526\workspace\lpc_chip_15xx\Debug\liblpc_chip_15xx.a(clock_15xx.o)
 .debug_abbrev  0x000010db      0x166 C:\Users\netzky\Documents\LPCXpresso_8.0.0_526\workspace\lpc_chip_15xx\Debug\liblpc_chip_15xx.a(gpio_15xx.o)
 .debug_abbrev  0x00001241      0x137 C:\Users\netzky\Documents\LPCXpresso_8.0.0_526\workspace\lpc_chip_15xx\Debug\liblpc_chip_15xx.a(iocon_15xx.o)
 .debug_abbrev  0x00001378      0x12d C:\Users\netzky\Documents\LPCXpresso_8.0.0_526\workspace\lpc_chip_15xx\Debug\liblpc_chip_15xx.a(ring_buffer.o)
 .debug_abbrev  0x000014a5      0x13c C:\Users\netzky\Documents\LPCXpresso_8.0.0_526\workspace\lpc_chip_15xx\Debug\liblpc_chip_15xx.a(swm_15xx.o)
 .debug_abbrev  0x000015e1      0x129 C:\Users\netzky\Documents\LPCXpresso_8.0.0_526\workspace\lpc_chip_15xx\Debug\liblpc_chip_15xx.a(sysctl_15xx.o)
 .debug_abbrev  0x0000170a      0x186 C:\Users\netzky\Documents\LPCXpresso_8.0.0_526\workspace\lpc_chip_15xx\Debug\liblpc_chip_15xx.a(sysinit_15xx.o)
 .debug_abbrev  0x00001890      0x1e2 C:\Users\netzky\Documents\LPCXpresso_8.0.0_526\workspace\lpc_chip_15xx\Debug\liblpc_chip_15xx.a(uart_15xx.o)

.debug_aranges  0x00000000      0x6f0
 .debug_aranges
                0x00000000       0xb8 ./src/SerialPort.o
 .debug_aranges
                0x000000b8       0x80 ./src/cr_startup_lpc15xx.o
 .debug_aranges
                0x00000138       0x20 ./src/sysinit.o
 .debug_aranges
                0x00000158       0x48 ./src/uart_test.o
 .debug_aranges
                0x000001a0       0xd0 C:\Users\netzky\Documents\LPCXpresso_8.0.0_526\workspace\lpc_board_nxp_lpcxpresso_1549\Debug\liblpc_board_nxp_lpcxpresso_1549.a(board.o)
 .debug_aranges
                0x00000270       0x60 C:\Users\netzky\Documents\LPCXpresso_8.0.0_526\workspace\lpc_board_nxp_lpcxpresso_1549\Debug\liblpc_board_nxp_lpcxpresso_1549.a(board_sysinit.o)
 .debug_aranges
                0x000002d0       0x50 C:\Users\netzky\Documents\LPCXpresso_8.0.0_526\workspace\lpc_chip_15xx\Debug\liblpc_chip_15xx.a(chip_15xx.o)
 .debug_aranges
                0x00000320      0x128 C:\Users\netzky\Documents\LPCXpresso_8.0.0_526\workspace\lpc_chip_15xx\Debug\liblpc_chip_15xx.a(clock_15xx.o)
 .debug_aranges
                0x00000448       0x70 C:\Users\netzky\Documents\LPCXpresso_8.0.0_526\workspace\lpc_chip_15xx\Debug\liblpc_chip_15xx.a(gpio_15xx.o)
 .debug_aranges
                0x000004b8       0x28 C:\Users\netzky\Documents\LPCXpresso_8.0.0_526\workspace\lpc_chip_15xx\Debug\liblpc_chip_15xx.a(iocon_15xx.o)
 .debug_aranges
                0x000004e0       0x60 C:\Users\netzky\Documents\LPCXpresso_8.0.0_526\workspace\lpc_chip_15xx\Debug\liblpc_chip_15xx.a(ring_buffer.o)
 .debug_aranges
                0x00000540       0x40 C:\Users\netzky\Documents\LPCXpresso_8.0.0_526\workspace\lpc_chip_15xx\Debug\liblpc_chip_15xx.a(swm_15xx.o)
 .debug_aranges
                0x00000580       0x50 C:\Users\netzky\Documents\LPCXpresso_8.0.0_526\workspace\lpc_chip_15xx\Debug\liblpc_chip_15xx.a(sysctl_15xx.o)
 .debug_aranges
                0x000005d0       0x58 C:\Users\netzky\Documents\LPCXpresso_8.0.0_526\workspace\lpc_chip_15xx\Debug\liblpc_chip_15xx.a(sysinit_15xx.o)
 .debug_aranges
                0x00000628       0xc8 C:\Users\netzky\Documents\LPCXpresso_8.0.0_526\workspace\lpc_chip_15xx\Debug\liblpc_chip_15xx.a(uart_15xx.o)

.debug_ranges   0x00000000      0x600
 .debug_ranges  0x00000000       0xa8 ./src/SerialPort.o
 .debug_ranges  0x000000a8       0x70 ./src/cr_startup_lpc15xx.o
 .debug_ranges  0x00000118       0x10 ./src/sysinit.o
 .debug_ranges  0x00000128       0x38 ./src/uart_test.o
 .debug_ranges  0x00000160       0xc0 C:\Users\netzky\Documents\LPCXpresso_8.0.0_526\workspace\lpc_board_nxp_lpcxpresso_1549\Debug\liblpc_board_nxp_lpcxpresso_1549.a(board.o)
 .debug_ranges  0x00000220       0x50 C:\Users\netzky\Documents\LPCXpresso_8.0.0_526\workspace\lpc_board_nxp_lpcxpresso_1549\Debug\liblpc_board_nxp_lpcxpresso_1549.a(board_sysinit.o)
 .debug_ranges  0x00000270       0x40 C:\Users\netzky\Documents\LPCXpresso_8.0.0_526\workspace\lpc_chip_15xx\Debug\liblpc_chip_15xx.a(chip_15xx.o)
 .debug_ranges  0x000002b0      0x118 C:\Users\netzky\Documents\LPCXpresso_8.0.0_526\workspace\lpc_chip_15xx\Debug\liblpc_chip_15xx.a(clock_15xx.o)
 .debug_ranges  0x000003c8       0x60 C:\Users\netzky\Documents\LPCXpresso_8.0.0_526\workspace\lpc_chip_15xx\Debug\liblpc_chip_15xx.a(gpio_15xx.o)
 .debug_ranges  0x00000428       0x18 C:\Users\netzky\Documents\LPCXpresso_8.0.0_526\workspace\lpc_chip_15xx\Debug\liblpc_chip_15xx.a(iocon_15xx.o)
 .debug_ranges  0x00000440       0x50 C:\Users\netzky\Documents\LPCXpresso_8.0.0_526\workspace\lpc_chip_15xx\Debug\liblpc_chip_15xx.a(ring_buffer.o)
 .debug_ranges  0x00000490       0x30 C:\Users\netzky\Documents\LPCXpresso_8.0.0_526\workspace\lpc_chip_15xx\Debug\liblpc_chip_15xx.a(swm_15xx.o)
 .debug_ranges  0x000004c0       0x40 C:\Users\netzky\Documents\LPCXpresso_8.0.0_526\workspace\lpc_chip_15xx\Debug\liblpc_chip_15xx.a(sysctl_15xx.o)
 .debug_ranges  0x00000500       0x48 C:\Users\netzky\Documents\LPCXpresso_8.0.0_526\workspace\lpc_chip_15xx\Debug\liblpc_chip_15xx.a(sysinit_15xx.o)
 .debug_ranges  0x00000548       0xb8 C:\Users\netzky\Documents\LPCXpresso_8.0.0_526\workspace\lpc_chip_15xx\Debug\liblpc_chip_15xx.a(uart_15xx.o)

.debug_macro    0x00000000     0x43c9
 .debug_macro   0x00000000      0x376 ./src/SerialPort.o
 .debug_macro   0x00000376       0x23 ./src/cr_startup_lpc15xx.o
 .debug_macro   0x00000399      0x354 ./src/sysinit.o
 .debug_macro   0x000006ed       0x22 ./src/sysinit.o
 .debug_macro   0x0000070f      0xa7d ./src/sysinit.o
 .debug_macro   0x0000118c       0x9c ./src/sysinit.o
 .debug_macro   0x00001228       0x97 ./src/sysinit.o
 .debug_macro   0x000012bf      0x29d ./src/sysinit.o
 .debug_macro   0x0000155c       0xef ./src/sysinit.o
 .debug_macro   0x0000164b       0x43 ./src/sysinit.o
 .debug_macro   0x0000168e      0x3db ./src/uart_test.o
 .debug_macro   0x00001a69       0x16 ./src/uart_test.o
 .debug_macro   0x00001a7f       0x8e ./src/uart_test.o
 .debug_macro   0x00001b0d      0x100 ./src/uart_test.o
 .debug_macro   0x00001c0d      0x284 C:\Users\netzky\Documents\LPCXpresso_8.0.0_526\workspace\lpc_board_nxp_lpcxpresso_1549\Debug\liblpc_board_nxp_lpcxpresso_1549.a(board.o)
 .debug_macro   0x00001e91      0x874 C:\Users\netzky\Documents\LPCXpresso_8.0.0_526\workspace\lpc_board_nxp_lpcxpresso_1549\Debug\liblpc_board_nxp_lpcxpresso_1549.a(board.o)
 .debug_macro   0x00002705       0x10 C:\Users\netzky\Documents\LPCXpresso_8.0.0_526\workspace\lpc_board_nxp_lpcxpresso_1549\Debug\liblpc_board_nxp_lpcxpresso_1549.a(board.o)
 .debug_macro   0x00002715      0x12d C:\Users\netzky\Documents\LPCXpresso_8.0.0_526\workspace\lpc_board_nxp_lpcxpresso_1549\Debug\liblpc_board_nxp_lpcxpresso_1549.a(board.o)
 .debug_macro   0x00002842      0x5b2 C:\Users\netzky\Documents\LPCXpresso_8.0.0_526\workspace\lpc_board_nxp_lpcxpresso_1549\Debug\liblpc_board_nxp_lpcxpresso_1549.a(board.o)
 .debug_macro   0x00002df4       0x22 C:\Users\netzky\Documents\LPCXpresso_8.0.0_526\workspace\lpc_board_nxp_lpcxpresso_1549\Debug\liblpc_board_nxp_lpcxpresso_1549.a(board.o)
 .debug_macro   0x00002e16       0x9a C:\Users\netzky\Documents\LPCXpresso_8.0.0_526\workspace\lpc_board_nxp_lpcxpresso_1549\Debug\liblpc_board_nxp_lpcxpresso_1549.a(board.o)
 .debug_macro   0x00002eb0       0x12 C:\Users\netzky\Documents\LPCXpresso_8.0.0_526\workspace\lpc_board_nxp_lpcxpresso_1549\Debug\liblpc_board_nxp_lpcxpresso_1549.a(board.o)
 .debug_macro   0x00002ec2      0x288 C:\Users\netzky\Documents\LPCXpresso_8.0.0_526\workspace\lpc_board_nxp_lpcxpresso_1549\Debug\liblpc_board_nxp_lpcxpresso_1549.a(board_sysinit.o)
 .debug_macro   0x0000314a      0x239 C:\Users\netzky\Documents\LPCXpresso_8.0.0_526\workspace\lpc_chip_15xx\Debug\liblpc_chip_15xx.a(chip_15xx.o)
 .debug_macro   0x00003383      0x239 C:\Users\netzky\Documents\LPCXpresso_8.0.0_526\workspace\lpc_chip_15xx\Debug\liblpc_chip_15xx.a(clock_15xx.o)
 .debug_macro   0x000035bc      0x239 C:\Users\netzky\Documents\LPCXpresso_8.0.0_526\workspace\lpc_chip_15xx\Debug\liblpc_chip_15xx.a(gpio_15xx.o)
 .debug_macro   0x000037f5      0x239 C:\Users\netzky\Documents\LPCXpresso_8.0.0_526\workspace\lpc_chip_15xx\Debug\liblpc_chip_15xx.a(iocon_15xx.o)
 .debug_macro   0x00003a2e       0x83 C:\Users\netzky\Documents\LPCXpresso_8.0.0_526\workspace\lpc_chip_15xx\Debug\liblpc_chip_15xx.a(ring_buffer.o)
 .debug_macro   0x00003ab1       0x10 C:\Users\netzky\Documents\LPCXpresso_8.0.0_526\workspace\lpc_chip_15xx\Debug\liblpc_chip_15xx.a(ring_buffer.o)
 .debug_macro   0x00003ac1      0x245 C:\Users\netzky\Documents\LPCXpresso_8.0.0_526\workspace\lpc_chip_15xx\Debug\liblpc_chip_15xx.a(swm_15xx.o)
 .debug_macro   0x00003d06      0x251 C:\Users\netzky\Documents\LPCXpresso_8.0.0_526\workspace\lpc_chip_15xx\Debug\liblpc_chip_15xx.a(sysctl_15xx.o)
 .debug_macro   0x00003f57      0x239 C:\Users\netzky\Documents\LPCXpresso_8.0.0_526\workspace\lpc_chip_15xx\Debug\liblpc_chip_15xx.a(sysinit_15xx.o)
 .debug_macro   0x00004190      0x239 C:\Users\netzky\Documents\LPCXpresso_8.0.0_526\workspace\lpc_chip_15xx\Debug\liblpc_chip_15xx.a(uart_15xx.o)

.debug_line     0x00000000     0x4f3d
 .debug_line    0x00000000      0x7e3 ./src/SerialPort.o
 .debug_line    0x000007e3       0xd5 ./src/cr_startup_lpc15xx.o
 .debug_line    0x000008b8      0x60d ./src/sysinit.o
 .debug_line    0x00000ec5      0x820 ./src/uart_test.o
 .debug_line    0x000016e5      0x6dc C:\Users\netzky\Documents\LPCXpresso_8.0.0_526\workspace\lpc_board_nxp_lpcxpresso_1549\Debug\liblpc_board_nxp_lpcxpresso_1549.a(board.o)
 .debug_line    0x00001dc1      0x59e C:\Users\netzky\Documents\LPCXpresso_8.0.0_526\workspace\lpc_board_nxp_lpcxpresso_1549\Debug\liblpc_board_nxp_lpcxpresso_1549.a(board_sysinit.o)
 .debug_line    0x0000235f      0x4ba C:\Users\netzky\Documents\LPCXpresso_8.0.0_526\workspace\lpc_chip_15xx\Debug\liblpc_chip_15xx.a(chip_15xx.o)
 .debug_line    0x00002819      0x70b C:\Users\netzky\Documents\LPCXpresso_8.0.0_526\workspace\lpc_chip_15xx\Debug\liblpc_chip_15xx.a(clock_15xx.o)
 .debug_line    0x00002f24      0x50e C:\Users\netzky\Documents\LPCXpresso_8.0.0_526\workspace\lpc_chip_15xx\Debug\liblpc_chip_15xx.a(gpio_15xx.o)
 .debug_line    0x00003432      0x45a C:\Users\netzky\Documents\LPCXpresso_8.0.0_526\workspace\lpc_chip_15xx\Debug\liblpc_chip_15xx.a(iocon_15xx.o)
 .debug_line    0x0000388c      0x256 C:\Users\netzky\Documents\LPCXpresso_8.0.0_526\workspace\lpc_chip_15xx\Debug\liblpc_chip_15xx.a(ring_buffer.o)
 .debug_line    0x00003ae2      0x484 C:\Users\netzky\Documents\LPCXpresso_8.0.0_526\workspace\lpc_chip_15xx\Debug\liblpc_chip_15xx.a(swm_15xx.o)
 .debug_line    0x00003f66      0x4ba C:\Users\netzky\Documents\LPCXpresso_8.0.0_526\workspace\lpc_chip_15xx\Debug\liblpc_chip_15xx.a(sysctl_15xx.o)
 .debug_line    0x00004420      0x4ef C:\Users\netzky\Documents\LPCXpresso_8.0.0_526\workspace\lpc_chip_15xx\Debug\liblpc_chip_15xx.a(sysinit_15xx.o)
 .debug_line    0x0000490f      0x62e C:\Users\netzky\Documents\LPCXpresso_8.0.0_526\workspace\lpc_chip_15xx\Debug\liblpc_chip_15xx.a(uart_15xx.o)

.debug_str      0x00000000    0x18702
 .debug_str     0x00000000    0x12397 ./src/SerialPort.o
                              0x1266a (size before relaxing)
 .debug_str     0x00012397      0x209 ./src/cr_startup_lpc15xx.o
                               0x2732 (size before relaxing)
 .debug_str     0x000125a0      0x26c ./src/sysinit.o
                              0x118cd (size before relaxing)
 .debug_str     0x0001280c     0x238d ./src/uart_test.o
                              0x13e40 (size before relaxing)
 .debug_str     0x00014b99     0x1d16 C:\Users\netzky\Documents\LPCXpresso_8.0.0_526\workspace\lpc_board_nxp_lpcxpresso_1549\Debug\liblpc_board_nxp_lpcxpresso_1549.a(board.o)
                               0xff1f (size before relaxing)
 .debug_str     0x000168af      0x85d C:\Users\netzky\Documents\LPCXpresso_8.0.0_526\workspace\lpc_board_nxp_lpcxpresso_1549\Debug\liblpc_board_nxp_lpcxpresso_1549.a(board_sysinit.o)
                              0x10511 (size before relaxing)
 .debug_str     0x0001710c      0x159 C:\Users\netzky\Documents\LPCXpresso_8.0.0_526\workspace\lpc_chip_15xx\Debug\liblpc_chip_15xx.a(chip_15xx.o)
                               0xfc65 (size before relaxing)
 .debug_str     0x00017265      0x89d C:\Users\netzky\Documents\LPCXpresso_8.0.0_526\workspace\lpc_chip_15xx\Debug\liblpc_chip_15xx.a(clock_15xx.o)
                              0x10065 (size before relaxing)
 .debug_str     0x00017b02       0xdf C:\Users\netzky\Documents\LPCXpresso_8.0.0_526\workspace\lpc_chip_15xx\Debug\liblpc_chip_15xx.a(gpio_15xx.o)
                               0xf712 (size before relaxing)
 .debug_str     0x00017be1       0x41 C:\Users\netzky\Documents\LPCXpresso_8.0.0_526\workspace\lpc_chip_15xx\Debug\liblpc_chip_15xx.a(iocon_15xx.o)
                               0xf22f (size before relaxing)
 .debug_str     0x00017c22      0x11b C:\Users\netzky\Documents\LPCXpresso_8.0.0_526\workspace\lpc_chip_15xx\Debug\liblpc_chip_15xx.a(ring_buffer.o)
                               0x3fe7 (size before relaxing)
 .debug_str     0x00017d3d      0x55d C:\Users\netzky\Documents\LPCXpresso_8.0.0_526\workspace\lpc_chip_15xx\Debug\liblpc_chip_15xx.a(swm_15xx.o)
                               0xfc37 (size before relaxing)
 .debug_str     0x0001829a      0x183 C:\Users\netzky\Documents\LPCXpresso_8.0.0_526\workspace\lpc_chip_15xx\Debug\liblpc_chip_15xx.a(sysctl_15xx.o)
                               0xf71c (size before relaxing)
 .debug_str     0x0001841d      0x13f C:\Users\netzky\Documents\LPCXpresso_8.0.0_526\workspace\lpc_chip_15xx\Debug\liblpc_chip_15xx.a(sysinit_15xx.o)
                               0xf70b (size before relaxing)
 .debug_str     0x0001855c      0x1a6 C:\Users\netzky\Documents\LPCXpresso_8.0.0_526\workspace\lpc_chip_15xx\Debug\liblpc_chip_15xx.a(uart_15xx.o)
                               0xf86e (size before relaxing)

.comment        0x00000000       0x70
 .comment       0x00000000       0x70 ./src/SerialPort.o
                                 0x71 (size before relaxing)
 .comment       0x00000000       0x71 ./src/cr_startup_lpc15xx.o
 .comment       0x00000000       0x71 ./src/sysinit.o
 .comment       0x00000000       0x71 ./src/uart_test.o
 .comment       0x00000000       0x71 C:\Users\netzky\Documents\LPCXpresso_8.0.0_526\workspace\lpc_board_nxp_lpcxpresso_1549\Debug\liblpc_board_nxp_lpcxpresso_1549.a(board.o)
 .comment       0x00000000       0x71 C:\Users\netzky\Documents\LPCXpresso_8.0.0_526\workspace\lpc_board_nxp_lpcxpresso_1549\Debug\liblpc_board_nxp_lpcxpresso_1549.a(board_sysinit.o)
 .comment       0x00000000       0x71 C:\Users\netzky\Documents\LPCXpresso_8.0.0_526\workspace\lpc_chip_15xx\Debug\liblpc_chip_15xx.a(chip_15xx.o)
 .comment       0x00000000       0x71 C:\Users\netzky\Documents\LPCXpresso_8.0.0_526\workspace\lpc_chip_15xx\Debug\liblpc_chip_15xx.a(clock_15xx.o)
 .comment       0x00000000       0x71 C:\Users\netzky\Documents\LPCXpresso_8.0.0_526\workspace\lpc_chip_15xx\Debug\liblpc_chip_15xx.a(gpio_15xx.o)
 .comment       0x00000000       0x71 C:\Users\netzky\Documents\LPCXpresso_8.0.0_526\workspace\lpc_chip_15xx\Debug\liblpc_chip_15xx.a(iocon_15xx.o)
 .comment       0x00000000       0x71 C:\Users\netzky\Documents\LPCXpresso_8.0.0_526\workspace\lpc_chip_15xx\Debug\liblpc_chip_15xx.a(ring_buffer.o)
 .comment       0x00000000       0x71 C:\Users\netzky\Documents\LPCXpresso_8.0.0_526\workspace\lpc_chip_15xx\Debug\liblpc_chip_15xx.a(swm_15xx.o)
 .comment       0x00000000       0x71 C:\Users\netzky\Documents\LPCXpresso_8.0.0_526\workspace\lpc_chip_15xx\Debug\liblpc_chip_15xx.a(sysctl_15xx.o)
 .comment       0x00000000       0x71 C:\Users\netzky\Documents\LPCXpresso_8.0.0_526\workspace\lpc_chip_15xx\Debug\liblpc_chip_15xx.a(sysinit_15xx.o)
 .comment       0x00000000       0x71 C:\Users\netzky\Documents\LPCXpresso_8.0.0_526\workspace\lpc_chip_15xx\Debug\liblpc_chip_15xx.a(uart_15xx.o)

.ARM.attributes
                0x00000000       0x31
 .ARM.attributes
                0x00000000       0x33 ./src/SerialPort.o
 .ARM.attributes
                0x00000033       0x33 ./src/cr_startup_lpc15xx.o
 .ARM.attributes
                0x00000066       0x33 ./src/sysinit.o
 .ARM.attributes
                0x00000099       0x33 ./src/uart_test.o
 .ARM.attributes
                0x000000cc       0x33 C:\Users\netzky\Documents\LPCXpresso_8.0.0_526\workspace\lpc_board_nxp_lpcxpresso_1549\Debug\liblpc_board_nxp_lpcxpresso_1549.a(board.o)
 .ARM.attributes
                0x000000ff       0x33 C:\Users\netzky\Documents\LPCXpresso_8.0.0_526\workspace\lpc_board_nxp_lpcxpresso_1549\Debug\liblpc_board_nxp_lpcxpresso_1549.a(board_sysinit.o)
 .ARM.attributes
                0x00000132       0x33 C:\Users\netzky\Documents\LPCXpresso_8.0.0_526\workspace\lpc_chip_15xx\Debug\liblpc_chip_15xx.a(chip_15xx.o)
 .ARM.attributes
                0x00000165       0x33 C:\Users\netzky\Documents\LPCXpresso_8.0.0_526\workspace\lpc_chip_15xx\Debug\liblpc_chip_15xx.a(clock_15xx.o)
 .ARM.attributes
                0x00000198       0x33 C:\Users\netzky\Documents\LPCXpresso_8.0.0_526\workspace\lpc_chip_15xx\Debug\liblpc_chip_15xx.a(gpio_15xx.o)
 .ARM.attributes
                0x000001cb       0x33 C:\Users\netzky\Documents\LPCXpresso_8.0.0_526\workspace\lpc_chip_15xx\Debug\liblpc_chip_15xx.a(iocon_15xx.o)
 .ARM.attributes
                0x000001fe       0x33 C:\Users\netzky\Documents\LPCXpresso_8.0.0_526\workspace\lpc_chip_15xx\Debug\liblpc_chip_15xx.a(ring_buffer.o)
 .ARM.attributes
                0x00000231       0x33 C:\Users\netzky\Documents\LPCXpresso_8.0.0_526\workspace\lpc_chip_15xx\Debug\liblpc_chip_15xx.a(swm_15xx.o)
 .ARM.attributes
                0x00000264       0x33 C:\Users\netzky\Documents\LPCXpresso_8.0.0_526\workspace\lpc_chip_15xx\Debug\liblpc_chip_15xx.a(sysctl_15xx.o)
 .ARM.attributes
                0x00000297       0x33 C:\Users\netzky\Documents\LPCXpresso_8.0.0_526\workspace\lpc_chip_15xx\Debug\liblpc_chip_15xx.a(sysinit_15xx.o)
 .ARM.attributes
                0x000002ca       0x33 C:\Users\netzky\Documents\LPCXpresso_8.0.0_526\workspace\lpc_chip_15xx\Debug\liblpc_chip_15xx.a(uart_15xx.o)
 .ARM.attributes
                0x000002fd       0x1d c:/nxp/lpcxpresso_8.0.0_526/lpcxpresso/tools/bin/../lib/gcc/arm-none-eabi/4.9.3/armv7-m\libgcc.a(_aeabi_uldivmod.o)
 .ARM.attributes
                0x0000031a       0x2d c:/nxp/lpcxpresso_8.0.0_526/lpcxpresso/tools/bin/../lib/gcc/arm-none-eabi/4.9.3/armv7-m\libgcc.a(bpabi.o)
 .ARM.attributes
                0x00000347       0x1d c:/nxp/lpcxpresso_8.0.0_526/lpcxpresso/tools/bin/../lib/gcc/arm-none-eabi/4.9.3/armv7-m\libgcc.a(_dvmd_tls.o)
 .ARM.attributes
                0x00000364       0x2d c:/nxp/lpcxpresso_8.0.0_526/lpcxpresso/tools/bin/../lib/gcc/arm-none-eabi/4.9.3/armv7-m\libgcc.a(_divdi3.o)
 .ARM.attributes
                0x00000391       0x2d c:/nxp/lpcxpresso_8.0.0_526/lpcxpresso/tools/bin/../lib/gcc/arm-none-eabi/4.9.3/armv7-m\libgcc.a(_udivdi3.o)
 .ARM.attributes
                0x000003be       0x2d c:/nxp/lpcxpresso_8.0.0_526/lpcxpresso/tools/bin/../lib/gcc/arm-none-eabi/4.9.3/../../../../arm-none-eabi/lib/armv7-m\libc.a(lib_a-init.o)
 .ARM.attributes
                0x000003eb       0x1b c:/nxp/lpcxpresso_8.0.0_526/lpcxpresso/tools/bin/../lib/gcc/arm-none-eabi/4.9.3/../../../../arm-none-eabi/lib/armv7-m\libc.a(lib_a-memcpy.o)
 .ARM.attributes
                0x00000406       0x1d c:/nxp/lpcxpresso_8.0.0_526/lpcxpresso/tools/bin/../lib/gcc/arm-none-eabi/4.9.3/armv7-m\crti.o
 .ARM.attributes
                0x00000423       0x1d c:/nxp/lpcxpresso_8.0.0_526/lpcxpresso/tools/bin/../lib/gcc/arm-none-eabi/4.9.3/armv7-m\crtn.o
 .ARM.attributes
                0x00000440       0x2d c:/nxp/lpcxpresso_8.0.0_526/lpcxpresso/tools/bin/../lib/gcc/arm-none-eabi/4.9.3/armv7-m\crtbegin.o

.debug_frame    0x00000000     0x1ad0
 .debug_frame   0x00000000      0x2fc ./src/SerialPort.o
 .debug_frame   0x000002fc      0x170 ./src/cr_startup_lpc15xx.o
 .debug_frame   0x0000046c       0x2c ./src/sysinit.o
 .debug_frame   0x00000498       0xe0 ./src/uart_test.o
 .debug_frame   0x00000578      0x360 C:\Users\netzky\Documents\LPCXpresso_8.0.0_526\workspace\lpc_board_nxp_lpcxpresso_1549\Debug\liblpc_board_nxp_lpcxpresso_1549.a(board.o)
 .debug_frame   0x000008d8      0x150 C:\Users\netzky\Documents\LPCXpresso_8.0.0_526\workspace\lpc_board_nxp_lpcxpresso_1549\Debug\liblpc_board_nxp_lpcxpresso_1549.a(board_sysinit.o)
 .debug_frame   0x00000a28      0x104 C:\Users\netzky\Documents\LPCXpresso_8.0.0_526\workspace\lpc_chip_15xx\Debug\liblpc_chip_15xx.a(chip_15xx.o)
 .debug_frame   0x00000b2c      0x4b0 C:\Users\netzky\Documents\LPCXpresso_8.0.0_526\workspace\lpc_chip_15xx\Debug\liblpc_chip_15xx.a(clock_15xx.o)
 .debug_frame   0x00000fdc      0x1b4 C:\Users\netzky\Documents\LPCXpresso_8.0.0_526\workspace\lpc_chip_15xx\Debug\liblpc_chip_15xx.a(gpio_15xx.o)
 .debug_frame   0x00001190       0x60 C:\Users\netzky\Documents\LPCXpresso_8.0.0_526\workspace\lpc_chip_15xx\Debug\liblpc_chip_15xx.a(iocon_15xx.o)
 .debug_frame   0x000011f0      0x164 C:\Users\netzky\Documents\LPCXpresso_8.0.0_526\workspace\lpc_chip_15xx\Debug\liblpc_chip_15xx.a(ring_buffer.o)
 .debug_frame   0x00001354       0xd4 C:\Users\netzky\Documents\LPCXpresso_8.0.0_526\workspace\lpc_chip_15xx\Debug\liblpc_chip_15xx.a(swm_15xx.o)
 .debug_frame   0x00001428      0x124 C:\Users\netzky\Documents\LPCXpresso_8.0.0_526\workspace\lpc_chip_15xx\Debug\liblpc_chip_15xx.a(sysctl_15xx.o)
 .debug_frame   0x0000154c      0x134 C:\Users\netzky\Documents\LPCXpresso_8.0.0_526\workspace\lpc_chip_15xx\Debug\liblpc_chip_15xx.a(sysinit_15xx.o)
 .debug_frame   0x00001680      0x340 C:\Users\netzky\Documents\LPCXpresso_8.0.0_526\workspace\lpc_chip_15xx\Debug\liblpc_chip_15xx.a(uart_15xx.o)
 .debug_frame   0x000019c0       0x28 c:/nxp/lpcxpresso_8.0.0_526/lpcxpresso/tools/bin/../lib/gcc/arm-none-eabi/4.9.3/armv7-m\libgcc.a(_aeabi_uldivmod.o)
 .debug_frame   0x000019e8       0x54 c:/nxp/lpcxpresso_8.0.0_526/lpcxpresso/tools/bin/../lib/gcc/arm-none-eabi/4.9.3/armv7-m\libgcc.a(bpabi.o)
 .debug_frame   0x00001a3c       0x34 c:/nxp/lpcxpresso_8.0.0_526/lpcxpresso/tools/bin/../lib/gcc/arm-none-eabi/4.9.3/armv7-m\libgcc.a(_divdi3.o)
 .debug_frame   0x00001a70       0x34 c:/nxp/lpcxpresso_8.0.0_526/lpcxpresso/tools/bin/../lib/gcc/arm-none-eabi/4.9.3/armv7-m\libgcc.a(_udivdi3.o)
 .debug_frame   0x00001aa4       0x2c c:/nxp/lpcxpresso_8.0.0_526/lpcxpresso/tools/bin/../lib/gcc/arm-none-eabi/4.9.3/../../../../arm-none-eabi/lib/armv7-m\libc.a(lib_a-init.o)
